\BOOKMARK [0][-]{chapter.1}{\376\377\000M\000a\000t\000h\000e\000m\000a\000t\000i\000c\000a\000l\000\040\000P\000r\000e\000l\000i\000m\000i\000n\000a\000r\000i\000e\000s}{}% 1
\BOOKMARK [1][-]{section.1.1}{\376\377\000P\000a\000r\000t\000i\000a\000l\000\040\000D\000e\000r\000i\000v\000a\000t\000i\000v\000e\000s}{chapter.1}% 2
\BOOKMARK [2][-]{subsection.1.1.1}{\376\377\000R\000e\000l\000a\000t\000i\000o\000n\000s\000\040\000a\000m\000o\000n\000g\000\040\000F\000i\000r\000s\000t\000\040\000P\000a\000r\000t\000i\000a\000l\000s}{section.1.1}% 3
\BOOKMARK [2][-]{subsection.1.1.2}{\376\377\000M\000i\000x\000e\000d\000\040\000S\000e\000c\000o\000n\000d\000\040\000P\000a\000r\000t\000i\000a\000l\000s}{section.1.1}% 4
\BOOKMARK [2][-]{subsection.1.1.3}{\376\377\000E\000x\000a\000c\000t\000\040\000a\000n\000d\000\040\000I\000n\000e\000x\000a\000c\000t\000\040\000D\000i\000f\000f\000e\000r\000e\000n\000t\000i\000a\000l\000s}{section.1.1}% 5
\BOOKMARK [1][-]{section.1.2}{\376\377\000T\000h\000e\000\040\000D\000i\000r\000a\000c\000\040\000D\000e\000l\000t\000a\000\040\000F\000u\000n\000c\000t\000i\000o\000n}{chapter.1}% 6
\BOOKMARK [2][-]{subsection.1.2.1}{\376\377\000C\000o\000m\000p\000o\000s\000i\000t\000e\000\040\000A\000r\000g\000u\000m\000e\000n\000t\000s}{section.1.2}% 7
\BOOKMARK [2][-]{subsection.1.2.2}{\376\377\000T\000h\000e\000\040\000H\000e\000a\000v\000i\000s\000i\000d\000e\000\040\000S\000t\000e\000p\000\040\000F\000u\000n\000c\000t\000i\000o\000n}{section.1.2}% 8
\BOOKMARK [2][-]{subsection.1.2.3}{\376\377\000R\000e\000p\000r\000e\000s\000e\000n\000t\000a\000t\000i\000o\000n\000s}{section.1.2}% 9
\BOOKMARK [1][-]{section.1.3}{\376\377\000P\000r\000o\000b\000a\000b\000i\000l\000i\000t\000y}{chapter.1}% 10
\BOOKMARK [2][-]{subsection.1.3.1}{\376\377\000E\000x\000p\000e\000c\000t\000a\000t\000i\000o\000n\000\040\000V\000a\000l\000u\000e\000s\000\040\000a\000n\000d\000\040\000M\000o\000m\000e\000n\000t\000s}{section.1.3}% 11
\BOOKMARK [2][-]{subsection.1.3.2}{\376\377\000T\000h\000e\000\040\000G\000a\000u\000s\000s\000i\000a\000n\000\040\000D\000i\000s\000t\000r\000i\000b\000u\000t\000i\000o\000n}{section.1.3}% 12
\BOOKMARK [2][-]{subsection.1.3.3}{\376\377\000T\000h\000e\000\040\000P\000o\000i\000s\000s\000o\000n\000\040\000D\000i\000s\000t\000r\000i\000b\000u\000t\000i\000o\000n}{section.1.3}% 13
\BOOKMARK [2][-]{subsection.1.3.4}{\376\377\000T\000h\000e\000\040\000B\000i\000n\000o\000m\000i\000a\000l\000\040\000D\000i\000s\000t\000r\000i\000b\000u\000t\000i\000o\000n}{section.1.3}% 14
\BOOKMARK [2][-]{subsection.1.3.5}{\376\377\000J\000o\000i\000n\000t\000\040\000D\000i\000s\000t\000r\000i\000b\000u\000t\000i\000o\000n\000s\000,\000\040\000M\000a\000r\000g\000i\000n\000a\000l\000s\000,\000\040\000a\000n\000d\000\040\000S\000t\000a\000t\000i\000s\000t\000i\000c\000a\000l\000\040\000I\000n\000d\000e\000p\000e\000n\000d\000e\000n\000c\000e}{section.1.3}% 15
\BOOKMARK [2][-]{subsection.1.3.6}{\376\377\000C\000o\000n\000d\000i\000t\000i\000o\000n\000a\000l\000\040\000P\000r\000o\000b\000a\000b\000i\000l\000i\000t\000y\000\040\000a\000n\000d\000\040\000B\000a\000y\000e\000s\000'\000\040\000T\000h\000e\000o\000r\000e\000m}{section.1.3}% 16
\BOOKMARK [1][-]{section.1.4}{\376\377\000F\000u\000n\000c\000t\000i\000o\000n\000s\000\040\000o\000f\000\040\000R\000a\000n\000d\000o\000m\000\040\000V\000a\000r\000i\000a\000b\000l\000e\000s}{chapter.1}% 17
\BOOKMARK [2][-]{subsection.1.4.1}{\376\377\000T\000h\000e\000\040\000D\000e\000l\000t\000a\000-\000F\000u\000n\000c\000t\000i\000o\000n\000\040\000M\000e\000t\000h\000o\000d}{section.1.4}% 18
\BOOKMARK [2][-]{subsection.1.4.2}{\376\377\000W\000o\000r\000k\000e\000d\000\040\000E\000x\000a\000m\000p\000l\000e\000:\000\040\000K\000i\000n\000e\000t\000i\000c\000\040\000E\000n\000e\000r\000g\000y\000\040\000f\000r\000o\000m\000\040\000t\000h\000e\000\040\000M\000a\000x\000w\000e\000l\000l\000\040\000S\000p\000e\000e\000d\000\040\000D\000i\000s\000t\000r\000i\000b\000u\000t\000i\000o\000n}{section.1.4}% 19
\BOOKMARK [2][-]{subsection.1.4.3}{\376\377\000W\000o\000r\000k\000e\000d\000\040\000E\000x\000a\000m\000p\000l\000e\000:\000\040\000S\000u\000m\000\040\000o\000f\000\040\000T\000w\000o\000\040\000U\000n\000i\000f\000o\000r\000m\000\040\000V\000a\000r\000i\000a\000b\000l\000e\000s}{section.1.4}% 20
\BOOKMARK [1][-]{section.1.5}{\376\377\000S\000u\000m\000s\000\040\000o\000f\000\040\000R\000a\000n\000d\000o\000m\000\040\000V\000a\000r\000i\000a\000b\000l\000e\000s\000\040\000a\000n\000d\000\040\000t\000h\000e\000\040\000C\000e\000n\000t\000r\000a\000l\000\040\000L\000i\000m\000i\000t\000\040\000T\000h\000e\000o\000r\000e\000m}{chapter.1}% 21
\BOOKMARK [2][-]{subsection.1.5.1}{\376\377\000M\000e\000a\000n\000\040\000a\000n\000d\000\040\000V\000a\000r\000i\000a\000n\000c\000e\000\040\000o\000f\000\040\000S\000u\000m\000s}{section.1.5}% 22
\BOOKMARK [2][-]{subsection.1.5.2}{\376\377\000C\000o\000n\000v\000o\000l\000u\000t\000i\000o\000n\000s}{section.1.5}% 23
\BOOKMARK [2][-]{subsection.1.5.3}{\376\377\000T\000h\000e\000\040\000C\000e\000n\000t\000r\000a\000l\000\040\000L\000i\000m\000i\000t\000\040\000T\000h\000e\000o\000r\000e\000m}{section.1.5}% 24
\BOOKMARK [1][-]{section.1.6}{\376\377\000T\000h\000e\000\040\000G\000a\000m\000m\000a\000\040\000F\000u\000n\000c\000t\000i\000o\000n}{chapter.1}% 25
\BOOKMARK [2][-]{subsection.1.6.1}{\376\377\000R\000e\000c\000u\000r\000r\000e\000n\000c\000e\000\040\000R\000e\000l\000a\000t\000i\000o\000n\000\040\000a\000n\000d\000\040\000C\000o\000n\000n\000e\000c\000t\000i\000o\000n\000\040\000t\000o\000\040\000F\000a\000c\000t\000o\000r\000i\000a\000l\000s}{section.1.6}% 26
\BOOKMARK [2][-]{subsection.1.6.2}{\376\377\000T\000h\000e\000\040\000S\000p\000e\000c\000i\000a\000l\000\040\000V\000a\000l\000u\000e\000\040\000\050\0001\000/\0002\000\051\000\040\000=\000\040}{section.1.6}% 27
\BOOKMARK [2][-]{subsection.1.6.3}{\376\377\000S\000t\000i\000r\000l\000i\000n\000g\000'\000s\000\040\000A\000p\000p\000r\000o\000x\000i\000m\000a\000t\000i\000o\000n}{section.1.6}% 28
\BOOKMARK [1][-]{section.1.7}{\376\377\000I\000n\000f\000o\000r\000m\000a\000t\000i\000o\000n\000\040\000E\000n\000t\000r\000o\000p\000y}{chapter.1}% 29
\BOOKMARK [2][-]{subsection.1.7.1}{\376\377\000M\000e\000a\000s\000u\000r\000i\000n\000g\000\040\000R\000a\000n\000d\000o\000m\000n\000e\000s\000s}{section.1.7}% 30
\BOOKMARK [2][-]{subsection.1.7.2}{\376\377\000D\000e\000r\000i\000v\000a\000t\000i\000o\000n\000\040\000o\000f\000\040\000t\000h\000e\000\040\000S\000h\000a\000n\000n\000o\000n\000\040\000F\000o\000r\000m\000u\000l\000a}{section.1.7}% 31
\BOOKMARK [2][-]{subsection.1.7.3}{\376\377\000P\000r\000o\000p\000e\000r\000t\000i\000e\000s\000\040\000o\000f\000\040\000S\000h\000a\000n\000n\000o\000n\000\040\000E\000n\000t\000r\000o\000p\000y}{section.1.7}% 32
\BOOKMARK [2][-]{subsection.1.7.4}{\376\377\000C\000o\000n\000n\000e\000c\000t\000i\000o\000n\000\040\000t\000o\000\040\000T\000h\000e\000r\000m\000o\000d\000y\000n\000a\000m\000i\000c\000\040\000E\000n\000t\000r\000o\000p\000y}{section.1.7}% 33
\BOOKMARK [0][-]{chapter.2}{\376\377\000C\000l\000a\000s\000s\000i\000c\000a\000l\000\040\000T\000h\000e\000r\000m\000o\000d\000y\000n\000a\000m\000i\000c\000s}{}% 34
\BOOKMARK [1][-]{section.2.1}{\376\377\000T\000h\000e\000r\000m\000a\000l\000\040\000E\000q\000u\000i\000l\000i\000b\000r\000i\000u\000m\000\040\000a\000n\000d\000\040\000T\000e\000m\000p\000e\000r\000a\000t\000u\000r\000e}{chapter.2}% 35
\BOOKMARK [1][-]{section.2.2}{\376\377\000T\000h\000e\000\040\000I\000d\000e\000a\000l\000\040\000G\000a\000s}{chapter.2}% 36
\BOOKMARK [2][-]{subsection.2.2.1}{\376\377\000K\000i\000n\000e\000t\000i\000c\000\040\000D\000e\000r\000i\000v\000a\000t\000i\000o\000n\000\040\000o\000f\000\040\000t\000h\000e\000\040\000I\000d\000e\000a\000l\000\040\000G\000a\000s\000\040\000L\000a\000w}{section.2.2}% 37
\BOOKMARK [2][-]{subsection.2.2.2}{\376\377\000T\000h\000e\000\040\000B\000a\000r\000o\000m\000e\000t\000r\000i\000c\000\040\000F\000o\000r\000m\000u\000l\000a}{section.2.2}% 38
\BOOKMARK [1][-]{section.2.3}{\376\377\000T\000h\000e\000\040\000V\000a\000n\000\040\000d\000e\000r\000\040\000W\000a\000a\000l\000s\000\040\000G\000a\000s}{chapter.2}% 39
\BOOKMARK [1][-]{section.2.4}{\376\377\000T\000h\000e\000\040\000E\000q\000u\000i\000p\000a\000r\000t\000i\000t\000i\000o\000n\000\040\000T\000h\000e\000o\000r\000e\000m}{chapter.2}% 40
\BOOKMARK [1][-]{section.2.5}{\376\377\000H\000e\000a\000t\000,\000\040\000W\000o\000r\000k\000,\000\040\000a\000n\000d\000\040\000t\000h\000e\000\040\000F\000i\000r\000s\000t\000\040\000L\000a\000w}{chapter.2}% 41
\BOOKMARK [2][-]{subsection.2.5.1}{\376\377\000C\000o\000m\000p\000r\000e\000s\000s\000i\000o\000n\000\040\000W\000o\000r\000k}{section.2.5}% 42
\BOOKMARK [2][-]{subsection.2.5.2}{\376\377\000H\000e\000a\000t\000\040\000C\000a\000p\000a\000c\000i\000t\000i\000e\000s}{section.2.5}% 43
\BOOKMARK [2][-]{subsection.2.5.3}{\376\377\000L\000a\000t\000e\000n\000t\000\040\000H\000e\000a\000t}{section.2.5}% 44
\BOOKMARK [1][-]{section.2.6}{\376\377\000T\000h\000e\000r\000m\000o\000d\000y\000n\000a\000m\000i\000c\000\040\000P\000r\000o\000c\000e\000s\000s\000e\000s}{chapter.2}% 45
\BOOKMARK [2][-]{subsection.2.6.1}{\376\377\000I\000s\000o\000t\000h\000e\000r\000m\000a\000l\000\040\000C\000o\000m\000p\000r\000e\000s\000s\000i\000o\000n}{section.2.6}% 46
\BOOKMARK [2][-]{subsection.2.6.2}{\376\377\000A\000d\000i\000a\000b\000a\000t\000i\000c\000\040\000C\000o\000m\000p\000r\000e\000s\000s\000i\000o\000n}{section.2.6}% 47
\BOOKMARK [2][-]{subsection.2.6.3}{\376\377\000I\000s\000o\000c\000h\000o\000r\000i\000c\000\040\000a\000n\000d\000\040\000I\000s\000o\000b\000a\000r\000i\000c\000\040\000P\000r\000o\000c\000e\000s\000s\000e\000s}{section.2.6}% 48
\BOOKMARK [1][-]{section.2.7}{\376\377\000E\000n\000t\000h\000a\000l\000p\000y}{chapter.2}% 49
\BOOKMARK [2][-]{subsection.2.7.1}{\376\377\000W\000h\000y\000\040\000E\000n\000t\000h\000a\000l\000p\000y\000\040\000i\000s\000\040\000C\000o\000n\000v\000e\000n\000i\000e\000n\000t}{section.2.7}% 50
\BOOKMARK [2][-]{subsection.2.7.2}{\376\377\000H\000e\000a\000t\000\040\000C\000a\000p\000a\000c\000i\000t\000y\000\040\000a\000t\000\040\000C\000o\000n\000s\000t\000a\000n\000t\000\040\000P\000r\000e\000s\000s\000u\000r\000e}{section.2.7}% 51
\BOOKMARK [2][-]{subsection.2.7.3}{\376\377\000E\000n\000t\000h\000a\000l\000p\000y\000\040\000o\000f\000\040\000F\000o\000r\000m\000a\000t\000i\000o\000n}{section.2.7}% 52
\BOOKMARK [1][-]{section.2.8}{\376\377\000R\000a\000t\000e\000s\000\040\000o\000f\000\040\000P\000r\000o\000c\000e\000s\000s\000e\000s}{chapter.2}% 53
\BOOKMARK [2][-]{subsection.2.8.1}{\376\377\000H\000e\000a\000t\000\040\000C\000o\000n\000d\000u\000c\000t\000i\000o\000n\000\040\000a\000n\000d\000\040\000F\000o\000u\000r\000i\000e\000r\000'\000s\000\040\000L\000a\000w}{section.2.8}% 54
\BOOKMARK [2][-]{subsection.2.8.2}{\376\377\000T\000h\000e\000r\000m\000a\000l\000\040\000C\000o\000n\000d\000u\000c\000t\000i\000v\000i\000t\000y\000\040\000f\000r\000o\000m\000\040\000K\000i\000n\000e\000t\000i\000c\000\040\000T\000h\000e\000o\000r\000y}{section.2.8}% 55
\BOOKMARK [2][-]{subsection.2.8.3}{\376\377\000D\000i\000f\000f\000u\000s\000i\000o\000n\000\040\000a\000n\000d\000\040\000F\000i\000c\000k\000'\000s\000\040\000L\000a\000w\000s}{section.2.8}% 56
\BOOKMARK [0][-]{chapter.3}{\376\377\000S\000t\000a\000t\000i\000s\000t\000i\000c\000a\000l\000\040\000M\000e\000c\000h\000a\000n\000i\000c\000s\000:\000\040\000M\000u\000l\000t\000i\000p\000l\000i\000c\000i\000t\000y\000\040\000a\000n\000d\000\040\000E\000n\000t\000r\000o\000p\000y}{}% 57
\BOOKMARK [1][-]{section.3.1}{\376\377\000M\000i\000c\000r\000o\000s\000t\000a\000t\000e\000s\000,\000\040\000M\000a\000c\000r\000o\000s\000t\000a\000t\000e\000s\000,\000\040\000a\000n\000d\000\040\000M\000u\000l\000t\000i\000p\000l\000i\000c\000i\000t\000y}{chapter.3}% 58
\BOOKMARK [2][-]{subsection.3.1.1}{\376\377\000T\000w\000o\000-\000S\000t\000a\000t\000e\000\040\000P\000a\000r\000a\000m\000a\000g\000n\000e\000t}{section.3.1}% 59
\BOOKMARK [1][-]{section.3.2}{\376\377\000T\000h\000e\000\040\000E\000i\000n\000s\000t\000e\000i\000n\000\040\000M\000o\000d\000e\000l\000\040\000o\000f\000\040\000S\000o\000l\000i\000d\000s}{chapter.3}% 60
\BOOKMARK [2][-]{subsection.3.2.1}{\376\377\000I\000n\000t\000e\000r\000a\000c\000t\000i\000n\000g\000\040\000E\000i\000n\000s\000t\000e\000i\000n\000\040\000S\000o\000l\000i\000d\000s\000\040\000a\000n\000d\000\040\000E\000q\000u\000i\000l\000i\000b\000r\000i\000u\000m}{section.3.2}% 61
\BOOKMARK [1][-]{section.3.3}{\376\377\000L\000a\000r\000g\000e\000\040\000S\000y\000s\000t\000e\000m\000s\000\040\000a\000n\000d\000\040\000S\000t\000i\000r\000l\000i\000n\000g\000'\000s\000\040\000A\000p\000p\000r\000o\000x\000i\000m\000a\000t\000i\000o\000n}{chapter.3}% 62
\BOOKMARK [2][-]{subsection.3.3.1}{\376\377\000H\000i\000g\000h\000-\000T\000e\000m\000p\000e\000r\000a\000t\000u\000r\000e\000\040\000L\000i\000m\000i\000t\000\040\000\050\000q\000\040\000N\000\051}{section.3.3}% 63
\BOOKMARK [2][-]{subsection.3.3.2}{\376\377\000L\000o\000w\000-\000T\000e\000m\000p\000e\000r\000a\000t\000u\000r\000e\000\040\000L\000i\000m\000i\000t\000\040\000\050\000q\000\040\000N\000\051}{section.3.3}% 64
\BOOKMARK [2][-]{subsection.3.3.3}{\376\377\000S\000h\000a\000r\000p\000n\000e\000s\000s\000\040\000o\000f\000\040\000t\000h\000e\000\040\000M\000u\000l\000t\000i\000p\000l\000i\000c\000i\000t\000y\000\040\000P\000e\000a\000k}{section.3.3}% 65
\BOOKMARK [1][-]{section.3.4}{\376\377\000D\000e\000n\000s\000i\000t\000y\000\040\000o\000f\000\040\000S\000t\000a\000t\000e\000s\000\040\000a\000n\000d\000\040\000S\000e\000m\000i\000-\000C\000l\000a\000s\000s\000i\000c\000a\000l\000\040\000P\000h\000a\000s\000e\000\040\000S\000p\000a\000c\000e}{chapter.3}% 66
\BOOKMARK [2][-]{subsection.3.4.1}{\376\377\000S\000t\000a\000t\000e\000\040\000C\000o\000u\000n\000t\000i\000n\000g\000\040\000a\000n\000d\000\040\000O\000n\000e\000\040\000Q\000u\000a\000n\000t\000u\000m\000\040\000S\000t\000a\000t\000e\000\040\000P\000e\000r\000\040\000h\0003}{section.3.4}% 67
\BOOKMARK [2][-]{subsection.3.4.2}{\376\377\000S\000e\000m\000i\000-\000C\000l\000a\000s\000s\000i\000c\000a\000l\000\040\000P\000h\000a\000s\000e\000\040\000S\000p\000a\000c\000e\000\040\000a\000n\000d\000\040\000t\000h\000e\000\040\000h\0003\000\040\000C\000e\000l\000l}{section.3.4}% 68
\BOOKMARK [2][-]{subsection.3.4.3}{\376\377\000G\000e\000n\000e\000r\000a\000l\000\040\000N\000-\000P\000a\000r\000t\000i\000c\000l\000e\000\040\000S\000y\000s\000t\000e\000m}{section.3.4}% 69
\BOOKMARK [1][-]{section.3.5}{\376\377\000T\000h\000e\000\040\000M\000u\000l\000t\000i\000p\000l\000i\000c\000i\000t\000y\000\040\000o\000f\000\040\000a\000n\000\040\000I\000d\000e\000a\000l\000\040\000G\000a\000s\000:\000\040\000S\000a\000c\000k\000u\000r\000-\000T\000e\000t\000r\000o\000d\000e}{chapter.3}% 70
\BOOKMARK [2][-]{subsection.3.5.1}{\376\377\000V\000o\000l\000u\000m\000e\000\040\000o\000f\000\040\000t\000h\000e\000\040\0003\000N\000-\000D\000i\000m\000e\000n\000s\000i\000o\000n\000a\000l\000\040\000M\000o\000m\000e\000n\000t\000u\000m\000\040\000S\000p\000h\000e\000r\000e}{section.3.5}% 71
\BOOKMARK [2][-]{subsection.3.5.2}{\376\377\000D\000e\000r\000i\000v\000a\000t\000i\000o\000n\000\040\000o\000f\000\040\000t\000h\000e\000\040\000S\000a\000c\000k\000u\000r\000-\000T\000e\000t\000r\000o\000d\000e\000\040\000E\000q\000u\000a\000t\000i\000o\000n}{section.3.5}% 72
\BOOKMARK [2][-]{subsection.3.5.3}{\376\377\000T\000h\000e\000\040\000G\000i\000b\000b\000s\000\040\000P\000a\000r\000a\000d\000o\000x\000\040\000a\000n\000d\000\040\000t\000h\000e\000\040\0001\000/\000N\000!\000\040\000F\000a\000c\000t\000o\000r}{section.3.5}% 73
\BOOKMARK [1][-]{section.3.6}{\376\377\000E\000n\000t\000r\000o\000p\000y\000:\000\040\000S\000\040\000=\000\040\000k}{chapter.3}% 74
\BOOKMARK [2][-]{subsection.3.6.1}{\376\377\000E\000n\000t\000r\000o\000p\000y\000\040\000o\000f\000\040\000M\000i\000x\000i\000n\000g}{section.3.6}% 75
\BOOKMARK [2][-]{subsection.3.6.2}{\376\377\000F\000r\000e\000e\000\040\000E\000x\000p\000a\000n\000s\000i\000o\000n}{section.3.6}% 76
\BOOKMARK [1][-]{section.3.7}{\376\377\000T\000e\000m\000p\000e\000r\000a\000t\000u\000r\000e\000\040\000a\000n\000d\000\040\000P\000r\000e\000s\000s\000u\000r\000e\000\040\000f\000r\000o\000m\000\040\000E\000n\000t\000r\000o\000p\000y}{chapter.3}% 77
\BOOKMARK [2][-]{subsection.3.7.1}{\376\377\000T\000h\000e\000\040\000S\000t\000a\000t\000i\000s\000t\000i\000c\000a\000l\000\040\000D\000e\000f\000i\000n\000i\000t\000i\000o\000n\000\040\000o\000f\000\040\000T\000e\000m\000p\000e\000r\000a\000t\000u\000r\000e}{section.3.7}% 78
\BOOKMARK [2][-]{subsection.3.7.2}{\376\377\000P\000r\000e\000s\000s\000u\000r\000e\000\040\000f\000r\000o\000m\000\040\000E\000n\000t\000r\000o\000p\000y}{section.3.7}% 79
\BOOKMARK [2][-]{subsection.3.7.3}{\376\377\000V\000e\000r\000i\000f\000i\000c\000a\000t\000i\000o\000n\000\040\000A\000g\000a\000i\000n\000s\000t\000\040\000t\000h\000e\000\040\000I\000d\000e\000a\000l\000\040\000G\000a\000s}{section.3.7}% 80
\BOOKMARK [2][-]{subsection.3.7.4}{\376\377\000C\000o\000n\000n\000e\000c\000t\000i\000n\000g\000\040\000t\000o\000\040\000C\000l\000a\000u\000s\000i\000u\000s\000:\000\040\000d\000S\000\040\000=\000\040\000'\0002\0006\000-\0001\0002\000m\000u\000\040\000d\000Q\000/\000T}{section.3.7}% 81
\BOOKMARK [2][-]{subsection.3.7.5}{\376\377\000T\000h\000e\000\040\000Z\000e\000r\000o\000t\000h\000\040\000L\000a\000w\000\040\000a\000s\000\040\000a\000\040\000C\000o\000r\000o\000l\000l\000a\000r\000y}{section.3.7}% 82
\BOOKMARK [1][-]{section.3.8}{\376\377\000P\000a\000r\000a\000m\000a\000g\000n\000e\000t\000i\000s\000m}{chapter.3}% 83
\BOOKMARK [2][-]{subsection.3.8.1}{\376\377\000S\000e\000t\000u\000p\000\040\000a\000n\000d\000\040\000M\000u\000l\000t\000i\000p\000l\000i\000c\000i\000t\000y}{section.3.8}% 84
\BOOKMARK [2][-]{subsection.3.8.2}{\376\377\000T\000e\000m\000p\000e\000r\000a\000t\000u\000r\000e\000,\000\040\000E\000n\000e\000r\000g\000y\000,\000\040\000a\000n\000d\000\040\000M\000a\000g\000n\000e\000t\000i\000z\000a\000t\000i\000o\000n}{section.3.8}% 85
\BOOKMARK [2][-]{subsection.3.8.3}{\376\377\000L\000i\000m\000i\000t\000i\000n\000g\000\040\000B\000e\000h\000a\000v\000i\000o\000u\000r\000\040\000a\000n\000d\000\040\000t\000h\000e\000\040\000S\000a\000t\000u\000r\000a\000t\000i\000o\000n\000\040\000o\000f\000\040\000M\000a\000g\000n\000e\000t\000i\000z\000a\000t\000i\000o\000n}{section.3.8}% 86
\BOOKMARK [2][-]{subsection.3.8.4}{\376\377\000E\000n\000t\000r\000o\000p\000y\000\040\000o\000f\000\040\000t\000h\000e\000\040\000P\000a\000r\000a\000m\000a\000g\000n\000e\000t}{section.3.8}% 87
\BOOKMARK [0][-]{chapter.4}{\376\377\000T\000h\000e\000\040\000L\000a\000w\000s\000\040\000o\000f\000\040\000T\000h\000e\000r\000m\000o\000d\000y\000n\000a\000m\000i\000c\000s\000\040\000a\000n\000d\000\040\000H\000e\000a\000t\000\040\000E\000n\000g\000i\000n\000e\000s}{}% 88
\BOOKMARK [1][-]{section.4.1}{\376\377\000T\000h\000e\000\040\000S\000e\000c\000o\000n\000d\000\040\000L\000a\000w\000\040\000a\000n\000d\000\040\000I\000r\000r\000e\000v\000e\000r\000s\000i\000b\000i\000l\000i\000t\000y}{chapter.4}% 89
\BOOKMARK [2][-]{subsection.4.1.1}{\376\377\000M\000a\000c\000r\000o\000s\000c\000o\000p\000i\000c\000\040\000S\000t\000a\000t\000e\000m\000e\000n\000t}{section.4.1}% 90
\BOOKMARK [2][-]{subsection.4.1.2}{\376\377\000M\000i\000c\000r\000o\000s\000c\000o\000p\000i\000c\000\040\000O\000r\000i\000g\000i\000n\000:\000\040\000P\000h\000a\000s\000e\000-\000S\000p\000a\000c\000e\000\040\000A\000r\000g\000u\000m\000e\000n\000t}{section.4.1}% 91
\BOOKMARK [2][-]{subsection.4.1.3}{\376\377\000E\000r\000g\000o\000d\000i\000c\000\040\000H\000y\000p\000o\000t\000h\000e\000s\000i\000s}{section.4.1}% 92
\BOOKMARK [2][-]{subsection.4.1.4}{\376\377\000R\000e\000v\000e\000r\000s\000i\000b\000l\000e\000\040\000a\000n\000d\000\040\000I\000r\000r\000e\000v\000e\000r\000s\000i\000b\000l\000e\000\040\000P\000r\000o\000c\000e\000s\000s\000e\000s}{section.4.1}% 93
\BOOKMARK [2][-]{subsection.4.1.5}{\376\377\000T\000h\000e\000\040\000C\000l\000a\000u\000s\000i\000u\000s\000\040\000I\000n\000e\000q\000u\000a\000l\000i\000t\000y}{section.4.1}% 94
\BOOKMARK [1][-]{section.4.2}{\376\377\000E\000n\000t\000r\000o\000p\000y\000\040\000C\000h\000a\000n\000g\000e\000s\000\040\000i\000n\000\040\000T\000h\000e\000r\000m\000o\000d\000y\000n\000a\000m\000i\000c\000\040\000P\000r\000o\000c\000e\000s\000s\000e\000s}{chapter.4}% 95
\BOOKMARK [2][-]{subsection.4.2.1}{\376\377\000G\000e\000n\000e\000r\000a\000l\000\040\000F\000o\000r\000m\000u\000l\000a}{section.4.2}% 96
\BOOKMARK [2][-]{subsection.4.2.2}{\376\377\000I\000s\000o\000c\000h\000o\000r\000i\000c\000\040\000\050\000C\000o\000n\000s\000t\000a\000n\000t\000-\000V\000o\000l\000u\000m\000e\000\051\000\040\000H\000e\000a\000t\000i\000n\000g}{section.4.2}% 97
\BOOKMARK [2][-]{subsection.4.2.3}{\376\377\000I\000s\000o\000b\000a\000r\000i\000c\000\040\000\050\000C\000o\000n\000s\000t\000a\000n\000t\000-\000P\000r\000e\000s\000s\000u\000r\000e\000\051\000\040\000H\000e\000a\000t\000i\000n\000g}{section.4.2}% 98
\BOOKMARK [2][-]{subsection.4.2.4}{\376\377\000I\000s\000o\000t\000h\000e\000r\000m\000a\000l\000\040\000E\000x\000p\000a\000n\000s\000i\000o\000n}{section.4.2}% 99
\BOOKMARK [2][-]{subsection.4.2.5}{\376\377\000A\000d\000i\000a\000b\000a\000t\000i\000c\000\040\000P\000r\000o\000c\000e\000s\000s}{section.4.2}% 100
\BOOKMARK [2][-]{subsection.4.2.6}{\376\377\000H\000o\000w\000\040\000t\000o\000\040\000R\000e\000v\000e\000r\000s\000i\000b\000l\000y\000\040\000H\000e\000a\000t\000\040\000a\000\040\000S\000y\000s\000t\000e\000m}{section.4.2}% 101
\BOOKMARK [1][-]{section.4.3}{\376\377\000T\000h\000e\000\040\000T\000h\000i\000r\000d\000\040\000L\000a\000w}{chapter.4}% 102
\BOOKMARK [2][-]{subsection.4.3.1}{\376\377\000T\000h\000r\000e\000e\000\040\000E\000q\000u\000i\000v\000a\000l\000e\000n\000t\000\040\000S\000t\000a\000t\000e\000m\000e\000n\000t\000s}{section.4.3}% 103
\BOOKMARK [2][-]{subsection.4.3.2}{\376\377\000P\000h\000y\000s\000i\000c\000a\000l\000\040\000O\000r\000i\000g\000i\000n\000:\000\040\000G\000r\000o\000u\000n\000d\000-\000S\000t\000a\000t\000e\000\040\000D\000e\000g\000e\000n\000e\000r\000a\000c\000y\000\040\000a\000n\000d\000\040\000R\000e\000s\000i\000d\000u\000a\000l\000\040\000E\000n\000t\000r\000o\000p\000y}{section.4.3}% 104
\BOOKMARK [2][-]{subsection.4.3.3}{\376\377\000M\000a\000c\000r\000o\000s\000c\000o\000p\000i\000c\000\040\000V\000i\000e\000w\000\040\000o\000f\000\040\000E\000n\000t\000r\000o\000p\000y}{section.4.3}% 105
\BOOKMARK [1][-]{section.4.4}{\376\377\000H\000e\000a\000t\000\040\000E\000n\000g\000i\000n\000e\000s\000\040\000a\000n\000d\000\040\000t\000h\000e\000\040\000C\000a\000r\000n\000o\000t\000\040\000B\000o\000u\000n\000d}{chapter.4}% 106
\BOOKMARK [2][-]{subsection.4.4.1}{\376\377\000D\000e\000f\000i\000n\000i\000t\000i\000o\000n\000\040\000o\000f\000\040\000a\000\040\000H\000e\000a\000t\000\040\000E\000n\000g\000i\000n\000e}{section.4.4}% 107
\BOOKMARK [2][-]{subsection.4.4.2}{\376\377\000T\000h\000e\000\040\000C\000a\000r\000n\000o\000t\000\040\000C\000y\000c\000l\000e\000:\000\040\000F\000o\000u\000r\000\040\000S\000t\000e\000p\000s}{section.4.4}% 108
\BOOKMARK [2][-]{subsection.4.4.3}{\376\377\000F\000u\000l\000l\000\040\000I\000d\000e\000a\000l\000-\000G\000a\000s\000\040\000D\000e\000r\000i\000v\000a\000t\000i\000o\000n\000\040\000o\000f\000\040\000t\000h\000e\000\040\000C\000a\000r\000n\000o\000t\000\040\000E\000f\000f\000i\000c\000i\000e\000n\000c\000y}{section.4.4}% 109
\BOOKMARK [2][-]{subsection.4.4.4}{\376\377\000E\000f\000f\000i\000c\000i\000e\000n\000c\000y\000\040\000f\000r\000o\000m\000\040\000t\000h\000e\000\040\000S\000e\000c\000o\000n\000d\000\040\000L\000a\000w}{section.4.4}% 110
\BOOKMARK [2][-]{subsection.4.4.5}{\376\377\000C\000a\000r\000n\000o\000t\000'\000s\000\040\000T\000h\000e\000o\000r\000e\000m\000:\000\040\000N\000o\000\040\000E\000n\000g\000i\000n\000e\000\040\000C\000a\000n\000\040\000E\000x\000c\000e\000e\000d\000\040\000C\000a\000r\000n\000o\000t\000\040\000E\000f\000f\000i\000c\000i\000e\000n\000c\000y}{section.4.4}% 111
\BOOKMARK [1][-]{section.4.5}{\376\377\000R\000e\000f\000r\000i\000g\000e\000r\000a\000t\000o\000r\000s\000\040\000a\000n\000d\000\040\000H\000e\000a\000t\000\040\000P\000u\000m\000p\000s}{chapter.4}% 112
\BOOKMARK [1][-]{section.4.6}{\376\377\000T\000h\000e\000\040\000S\000t\000i\000r\000l\000i\000n\000g\000\040\000E\000n\000g\000i\000n\000e}{chapter.4}% 113
\BOOKMARK [2][-]{subsection.4.6.1}{\376\377\000F\000o\000u\000r\000\040\000S\000t\000e\000p\000s\000\040\000o\000f\000\040\000t\000h\000e\000\040\000S\000t\000i\000r\000l\000i\000n\000g\000\040\000C\000y\000c\000l\000e}{section.4.6}% 114
\BOOKMARK [2][-]{subsection.4.6.2}{\376\377\000N\000e\000t\000\040\000W\000o\000r\000k\000\040\000a\000n\000d\000\040\000E\000f\000f\000i\000c\000i\000e\000n\000c\000y\000\040\000W\000i\000t\000h\000o\000u\000t\000\040\000a\000\040\000R\000e\000g\000e\000n\000e\000r\000a\000t\000o\000r}{section.4.6}% 115
\BOOKMARK [2][-]{subsection.4.6.3}{\376\377\000T\000h\000e\000\040\000R\000e\000g\000e\000n\000e\000r\000a\000t\000o\000r\000\040\000a\000n\000d\000\040\000W\000h\000y\000\040\000S\000t\000i\000r\000l\000i\000n\000g\000\040\000=\000\040\000C\000a\000r\000n\000o\000t\000\040\000w\000i\000t\000h\000\040\000I\000t}{section.4.6}% 116
\BOOKMARK [0][-]{chapter.5}{\376\377\000T\000h\000e\000r\000m\000o\000d\000y\000n\000a\000m\000i\000c\000\040\000P\000o\000t\000e\000n\000t\000i\000a\000l\000s\000\040\000a\000n\000d\000\040\000F\000r\000e\000e\000\040\000E\000n\000e\000r\000g\000y}{}% 117
\BOOKMARK [1][-]{section.5.1}{\376\377\000S\000p\000o\000n\000t\000a\000n\000e\000o\000u\000s\000\040\000P\000r\000o\000c\000e\000s\000s\000e\000s\000\040\000a\000t\000\040\000F\000i\000x\000e\000d\000\040\000C\000o\000n\000s\000t\000r\000a\000i\000n\000t\000s}{chapter.5}% 118
\BOOKMARK [1][-]{section.5.2}{\376\377\000T\000h\000e\000\040\000F\000o\000u\000r\000\040\000T\000h\000e\000r\000m\000o\000d\000y\000n\000a\000m\000i\000c\000\040\000P\000o\000t\000e\000n\000t\000i\000a\000l\000s}{chapter.5}% 119
\BOOKMARK [1][-]{section.5.3}{\376\377\000M\000a\000x\000w\000e\000l\000l\000\040\000R\000e\000l\000a\000t\000i\000o\000n\000s}{chapter.5}% 120
\BOOKMARK [1][-]{section.5.4}{\376\377\000E\000x\000a\000m\000p\000l\000e\000:\000\040\000T\000h\000e\000\040\000H\000y\000d\000r\000o\000g\000e\000n\000\040\000F\000u\000e\000l\000\040\000C\000e\000l\000l}{chapter.5}% 121
\BOOKMARK [0][-]{chapter.6}{\376\377\000T\000h\000e\000\040\000C\000a\000n\000o\000n\000i\000c\000a\000l\000\040\000E\000n\000s\000e\000m\000b\000l\000e}{}% 122
\BOOKMARK [1][-]{section.6.1}{\376\377\000D\000e\000r\000i\000v\000a\000t\000i\000o\000n\000\040\000o\000f\000\040\000t\000h\000e\000\040\000B\000o\000l\000t\000z\000m\000a\000n\000n\000\040\000D\000i\000s\000t\000r\000i\000b\000u\000t\000i\000o\000n}{chapter.6}% 123
\BOOKMARK [1][-]{section.6.2}{\376\377\000T\000h\000e\000r\000m\000o\000d\000y\000n\000a\000m\000i\000c\000s\000\040\000f\000r\000o\000m\000\040\000t\000h\000e\000\040\000P\000a\000r\000t\000i\000t\000i\000o\000n\000\040\000F\000u\000n\000c\000t\000i\000o\000n}{chapter.6}% 124
\BOOKMARK [1][-]{section.6.3}{\376\377\000T\000w\000o\000-\000L\000e\000v\000e\000l\000\040\000S\000y\000s\000t\000e\000m\000\040\000a\000n\000d\000\040\000t\000h\000e\000\040\000S\000c\000h\000o\000t\000t\000k\000y\000\040\000A\000n\000o\000m\000a\000l\000y}{chapter.6}% 125
\BOOKMARK [1][-]{section.6.4}{\376\377\000T\000h\000e\000\040\000I\000d\000e\000a\000l\000\040\000G\000a\000s\000\040\000f\000r\000o\000m\000\040\000t\000h\000e\000\040\000P\000a\000r\000t\000i\000t\000i\000o\000n\000\040\000F\000u\000n\000c\000t\000i\000o\000n}{chapter.6}% 126
\BOOKMARK [1][-]{section.6.5}{\376\377\000T\000h\000e\000\040\000M\000a\000x\000w\000e\000l\000l\040\023\000B\000o\000l\000t\000z\000m\000a\000n\000n\000\040\000D\000i\000s\000t\000r\000i\000b\000u\000t\000i\000o\000n}{chapter.6}% 127
\BOOKMARK [1][-]{section.6.6}{\376\377\000T\000h\000e\000\040\000E\000i\000n\000s\000t\000e\000i\000n\000\040\000S\000o\000l\000i\000d\000\040\000a\000n\000d\000\040\000Q\000u\000a\000n\000t\000u\000m\000\040\000O\000s\000c\000i\000l\000l\000a\000t\000o\000r\000s}{chapter.6}% 128
\BOOKMARK [1][-]{section.6.7}{\376\377\000F\000i\000n\000a\000l\000\040\000E\000x\000a\000m\000p\000l\000e\000:\000\040\000A\000d\000i\000a\000b\000a\000t\000i\000c\000\040\000C\000o\000o\000l\000i\000n\000g}{chapter.6}% 129
\BOOKMARK [0][-]{chapter.7}{\376\377\000Q\000u\000a\000n\000t\000u\000m\000\040\000S\000t\000a\000t\000i\000s\000t\000i\000c\000s\000\040\000a\000n\000d\000\040\000t\000h\000e\000\040\000G\000r\000a\000n\000d\000\040\000C\000a\000n\000o\000n\000i\000c\000a\000l\000\040\000E\000n\000s\000e\000m\000b\000l\000e}{}% 130
\BOOKMARK [1][-]{section.7.1}{\376\377\000Q\000u\000a\000n\000t\000u\000m\000\040\000P\000a\000r\000t\000i\000c\000l\000e\000s\000:\000\040\000B\000o\000s\000o\000n\000s\000\040\000a\000n\000d\000\040\000F\000e\000r\000m\000i\000o\000n\000s}{chapter.7}% 131
\BOOKMARK [1][-]{section.7.2}{\376\377\000T\000h\000e\000\040\000G\000r\000a\000n\000d\000\040\000C\000a\000n\000o\000n\000i\000c\000a\000l\000\040\000E\000n\000s\000e\000m\000b\000l\000e}{chapter.7}% 132
\BOOKMARK [2][-]{subsection.7.2.1}{\376\377\000D\000e\000r\000i\000v\000a\000t\000i\000o\000n\000\040\000o\000f\000\040\000t\000h\000e\000\040\000G\000r\000a\000n\000d\000\040\000C\000a\000n\000o\000n\000i\000c\000a\000l\000\040\000D\000i\000s\000t\000r\000i\000b\000u\000t\000i\000o\000n}{section.7.2}% 133
\BOOKMARK [2][-]{subsection.7.2.2}{\376\377\000G\000r\000a\000n\000d\000\040\000P\000o\000t\000e\000n\000t\000i\000a\000l\000\040\000a\000n\000d\000\040\000T\000h\000e\000r\000m\000o\000d\000y\000n\000a\000m\000i\000c\000\040\000D\000e\000r\000i\000v\000a\000t\000i\000v\000e\000s}{section.7.2}% 134
\BOOKMARK [2][-]{subsection.7.2.3}{\376\377\000T\000h\000e\000\040\000M\000o\000d\000i\000f\000i\000e\000d\000\040\000F\000i\000r\000s\000t\000\040\000L\000a\000w\000\040\000a\000n\000d\000\040\000C\000h\000e\000m\000i\000c\000a\000l\000\040\000P\000o\000t\000e\000n\000t\000i\000a\000l}{section.7.2}% 135
\BOOKMARK [1][-]{section.7.3}{\376\377\000F\000e\000r\000m\000i\040\023\000D\000i\000r\000a\000c\000\040\000a\000n\000d\000\040\000B\000o\000s\000e\040\023\000E\000i\000n\000s\000t\000e\000i\000n\000\040\000S\000t\000a\000t\000i\000s\000t\000i\000c\000s}{chapter.7}% 136
\BOOKMARK [2][-]{subsection.7.3.1}{\376\377\000F\000a\000c\000t\000o\000r\000i\000s\000a\000t\000i\000o\000n\000\040\000o\000f\000\040\000t\000h\000e\000\040\000G\000r\000a\000n\000d\000\040\000P\000a\000r\000t\000i\000t\000i\000o\000n\000\040\000F\000u\000n\000c\000t\000i\000o\000n}{section.7.3}% 137
\BOOKMARK [2][-]{subsection.7.3.2}{\376\377\000F\000e\000r\000m\000i\000o\000n\000s\000:\000\040\000t\000h\000e\000\040\000F\000e\000r\000m\000i\040\023\000D\000i\000r\000a\000c\000\040\000D\000i\000s\000t\000r\000i\000b\000u\000t\000i\000o\000n}{section.7.3}% 138
\BOOKMARK [2][-]{subsection.7.3.3}{\376\377\000B\000o\000s\000o\000n\000s\000:\000\040\000t\000h\000e\000\040\000B\000o\000s\000e\040\023\000E\000i\000n\000s\000t\000e\000i\000n\000\040\000D\000i\000s\000t\000r\000i\000b\000u\000t\000i\000o\000n}{section.7.3}% 139
\BOOKMARK [2][-]{subsection.7.3.4}{\376\377\000C\000l\000a\000s\000s\000i\000c\000a\000l\000\040\000L\000i\000m\000i\000t\000\040\000a\000n\000d\000\040\000t\000h\000e\000\040\000M\000a\000x\000w\000e\000l\000l\040\023\000B\000o\000l\000t\000z\000m\000a\000n\000n\000\040\000D\000i\000s\000t\000r\000i\000b\000u\000t\000i\000o\000n}{section.7.3}% 140
\BOOKMARK [1][-]{section.7.4}{\376\377\000T\000h\000e\000\040\000P\000h\000o\000t\000o\000n\000\040\000G\000a\000s}{chapter.7}% 141
\BOOKMARK [2][-]{subsection.7.4.1}{\376\377\000P\000h\000y\000s\000i\000c\000a\000l\000\040\000S\000e\000t\000u\000p\000\040\000a\000n\000d\000\040\000A\000l\000l\000o\000w\000e\000d\000\040\000M\000o\000d\000e\000s}{section.7.4}% 142
\BOOKMARK [2][-]{subsection.7.4.2}{\376\377\000P\000a\000r\000t\000i\000t\000i\000o\000n\000\040\000F\000u\000n\000c\000t\000i\000o\000n\000\040\000a\000n\000d\000\040\000I\000n\000t\000e\000r\000n\000a\000l\000\040\000E\000n\000e\000r\000g\000y}{section.7.4}% 143
\BOOKMARK [2][-]{subsection.7.4.3}{\376\377\000S\000t\000e\000f\000a\000n\040\023\000B\000o\000l\000t\000z\000m\000a\000n\000n\000\040\000L\000a\000w\000\040\000a\000n\000d\000\040\000S\000p\000e\000c\000t\000r\000a\000l\000\040\000R\000a\000d\000i\000a\000n\000c\000e}{section.7.4}% 144
\BOOKMARK [2][-]{subsection.7.4.4}{\376\377\000C\000l\000a\000s\000s\000i\000c\000a\000l\000\040\000L\000i\000m\000i\000t\000\040\000a\000n\000d\000\040\000t\000h\000e\000\040\000U\000l\000t\000r\000a\000v\000i\000o\000l\000e\000t\000\040\000C\000a\000t\000a\000s\000t\000r\000o\000p\000h\000e}{section.7.4}% 145
\BOOKMARK [2][-]{subsection.7.4.5}{\376\377\000A\000p\000p\000l\000i\000c\000a\000t\000i\000o\000n\000:\000\040\000E\000q\000u\000i\000l\000i\000b\000r\000i\000u\000m\000\040\000T\000e\000m\000p\000e\000r\000a\000t\000u\000r\000e\000\040\000o\000f\000\040\000t\000h\000e\000\040\000E\000a\000r\000t\000h}{section.7.4}% 146
\BOOKMARK [1][-]{section.7.5}{\376\377\000D\000e\000g\000e\000n\000e\000r\000a\000t\000e\000\040\000F\000e\000r\000m\000i\000\040\000S\000y\000s\000t\000e\000m\000s}{chapter.7}% 147
\BOOKMARK [2][-]{subsection.7.5.1}{\376\377\000T\000h\000e\000\040\000Z\000e\000r\000o\000-\000T\000e\000m\000p\000e\000r\000a\000t\000u\000r\000e\000\040\000F\000e\000r\000m\000i\000\040\000G\000a\000s}{section.7.5}% 148
\BOOKMARK [2][-]{subsection.7.5.2}{\376\377\000L\000o\000w\000-\000T\000e\000m\000p\000e\000r\000a\000t\000u\000r\000e\000\040\000C\000o\000r\000r\000e\000c\000t\000i\000o\000n\000s\000:\000\040\000t\000h\000e\000\040\000S\000o\000m\000m\000e\000r\000f\000e\000l\000d\000\040\000E\000x\000p\000a\000n\000s\000i\000o\000n}{section.7.5}% 149
\BOOKMARK [1][-]{section.7.6}{\376\377\000B\000o\000s\000e\040\023\000E\000i\000n\000s\000t\000e\000i\000n\000\040\000C\000o\000n\000d\000e\000n\000s\000a\000t\000i\000o\000n}{chapter.7}% 150
\BOOKMARK [2][-]{subsection.7.6.1}{\376\377\000T\000h\000e\000\040\000M\000a\000x\000i\000m\000u\000m\000\040\000D\000e\000n\000s\000i\000t\000y\000\040\000o\000f\000\040\000E\000x\000c\000i\000t\000e\000d\000\040\000S\000t\000a\000t\000e\000s}{section.7.6}% 151
\BOOKMARK [2][-]{subsection.7.6.2}{\376\377\000C\000o\000n\000d\000e\000n\000s\000a\000t\000i\000o\000n\000\040\000a\000n\000d\000\040\000t\000h\000e\000\040\000C\000o\000n\000d\000e\000n\000s\000a\000t\000e\000\040\000F\000r\000a\000c\000t\000i\000o\000n}{section.7.6}% 152
