This is pdfTeX, Version 3.141592653-2.6-1.40.29 (TeX Live 2026/Arch Linux) (preloaded format=pdflatex 2026.3.15)  23 MAR 2026 13:33
entering extended mode
 restricted \write18 enabled.
 %&-line parsing enabled.
**main.tex
(./main.tex
LaTeX2e <2025-11-01>
L3 programming layer <2026-01-19>
(/usr/share/texmf-dist/tex/latex/base/book.cls
Document Class: book 2025/01/22 v1.4n Standard LaTeX document class
(/usr/share/texmf-dist/tex/latex/base/bk10.clo
File: bk10.clo 2025/01/22 v1.4n Standard LaTeX file (size option)
)
\c@part=\count275
\c@chapter=\count276
\c@section=\count277
\c@subsection=\count278
\c@subsubsection=\count279
\c@paragraph=\count280
\c@subparagraph=\count281
\c@figure=\count282
\c@table=\count283
\abovecaptionskip=\skip49
\belowcaptionskip=\skip50
\bibindent=\dimen148
)
(/usr/share/texmf-dist/tex/latex/amsmath/amsmath.sty
Package: amsmath 2025/07/09 v2.17z AMS math features
\@mathmargin=\skip51

For additional information on amsmath, use the `?' option.
(/usr/share/texmf-dist/tex/latex/amsmath/amstext.sty
Package: amstext 2024/11/17 v2.01 AMS text

(/usr/share/texmf-dist/tex/latex/amsmath/amsgen.sty
File: amsgen.sty 1999/11/30 v2.0 generic functions
\@emptytoks=\toks17
\ex@=\dimen149
))
(/usr/share/texmf-dist/tex/latex/amsmath/amsbsy.sty
Package: amsbsy 1999/11/29 v1.2d Bold Symbols
\pmbraise@=\dimen150
)
(/usr/share/texmf-dist/tex/latex/amsmath/amsopn.sty
Package: amsopn 2022/04/08 v2.04 operator names
)
\inf@bad=\count284
LaTeX Info: Redefining \frac on input line 233.
\uproot@=\count285
\leftroot@=\count286
LaTeX Info: Redefining \overline on input line 398.
LaTeX Info: Redefining \colon on input line 409.
\classnum@=\count287
\DOTSCASE@=\count288
LaTeX Info: Redefining \ldots on input line 495.
LaTeX Info: Redefining \dots on input line 498.
LaTeX Info: Redefining \cdots on input line 619.
\Mathstrutbox@=\box53
\strutbox@=\box54
LaTeX Info: Redefining \big on input line 721.
LaTeX Info: Redefining \Big on input line 722.
LaTeX Info: Redefining \bigg on input line 723.
LaTeX Info: Redefining \Bigg on input line 724.
\big@size=\dimen151
LaTeX Font Info:    Redeclaring font encoding OML on input line 742.
LaTeX Font Info:    Redeclaring font encoding OMS on input line 743.
\macc@depth=\count289
LaTeX Info: Redefining \bmod on input line 904.
LaTeX Info: Redefining \pmod on input line 909.
LaTeX Info: Redefining \smash on input line 939.
LaTeX Info: Redefining \relbar on input line 969.
LaTeX Info: Redefining \Relbar on input line 970.
\c@MaxMatrixCols=\count290
\dotsspace@=\muskip17
\c@parentequation=\count291
\dspbrk@lvl=\count292
\tag@help=\toks18
\row@=\count293
\column@=\count294
\maxfields@=\count295
\andhelp@=\toks19
\eqnshift@=\dimen152
\alignsep@=\dimen153
\tagshift@=\dimen154
\tagwidth@=\dimen155
\totwidth@=\dimen156
\lineht@=\dimen157
\@envbody=\toks20
\multlinegap=\skip52
\multlinetaggap=\skip53
\mathdisplay@stack=\toks21
LaTeX Info: Redefining \[ on input line 2950.
LaTeX Info: Redefining \] on input line 2951.
)
(/usr/share/texmf-dist/tex/latex/amscls/amsthm.sty
Package: amsthm 2020/05/29 v2.20.6
\thm@style=\toks22
\thm@bodyfont=\toks23
\thm@headfont=\toks24
\thm@notefont=\toks25
\thm@headpunct=\toks26
\thm@preskip=\skip54
\thm@postskip=\skip55
\thm@headsep=\skip56
\dth@everypar=\toks27
)
(/usr/share/texmf-dist/tex/latex/amsfonts/amssymb.sty
Package: amssymb 2013/01/14 v3.01 AMS font symbols

(/usr/share/texmf-dist/tex/latex/amsfonts/amsfonts.sty
Package: amsfonts 2013/01/14 v3.01 Basic AMSFonts support
\symAMSa=\mathgroup4
\symAMSb=\mathgroup5
LaTeX Font Info:    Redeclaring math symbol \hbar on input line 98.
LaTeX Font Info:    Overwriting math alphabet `\mathfrak' in version `bold'
(Font)                  U/euf/m/n --> U/euf/b/n on input line 106.
))
(/usr/share/texmf-dist/tex/latex/mathtools/mathtools.sty
Package: mathtools 2024/10/04 v1.31 mathematical typesetting tools

(/usr/share/texmf-dist/tex/latex/graphics/keyval.sty
Package: keyval 2022/05/29 v1.15 key=value parser (DPC)
\KV@toks@=\toks28
)
(/usr/share/texmf-dist/tex/latex/tools/calc.sty
Package: calc 2025/03/01 v4.3b Infix arithmetic (KKT,FJ)
\calc@Acount=\count296
\calc@Bcount=\count297
\calc@Adimen=\dimen158
\calc@Bdimen=\dimen159
\calc@Askip=\skip57
\calc@Bskip=\skip58
LaTeX Info: Redefining \setlength on input line 86.
LaTeX Info: Redefining \addtolength on input line 87.
\calc@Ccount=\count298
\calc@Cskip=\skip59
)
(/usr/share/texmf-dist/tex/latex/mathtools/mhsetup.sty
Package: mhsetup 2021/03/18 v1.4 programming setup (MH)
)
\g_MT_multlinerow_int=\count299
\l_MT_multwidth_dim=\dimen160
\origjot=\skip60
\l_MT_shortvdotswithinadjustabove_dim=\dimen161
\l_MT_shortvdotswithinadjustbelow_dim=\dimen162
\l_MT_above_intertext_sep=\dimen163
\l_MT_below_intertext_sep=\dimen164
\l_MT_above_shortintertext_sep=\dimen165
\l_MT_below_shortintertext_sep=\dimen166
\xmathstrut@box=\box55
\xmathstrut@dim=\dimen167
)
(/usr/share/texmf-dist/tex/latex/booktabs/booktabs.sty
Package: booktabs 2020/01/12 v1.61803398 Publication quality tables
\heavyrulewidth=\dimen168
\lightrulewidth=\dimen169
\cmidrulewidth=\dimen170
\belowrulesep=\dimen171
\belowbottomsep=\dimen172
\aboverulesep=\dimen173
\abovetopsep=\dimen174
\cmidrulesep=\dimen175
\cmidrulekern=\dimen176
\defaultaddspace=\dimen177
\@cmidla=\count300
\@cmidlb=\count301
\@aboverulesep=\dimen178
\@belowrulesep=\dimen179
\@thisruleclass=\count302
\@lastruleclass=\count303
\@thisrulewidth=\dimen180
)
(/usr/share/texmf-dist/tex/latex/thmtools/thmtools.sty
Package: thmtools 2023/05/04 v0.76
\thmt@toks=\toks29
\c@thmt@dummyctr=\count304

(/usr/share/texmf-dist/tex/latex/thmtools/thm-patch.sty
Package: thm-patch 2023/05/04 v0.76

(/usr/share/texmf-dist/tex/latex/thmtools/parseargs.sty
Package: parseargs 2023/05/04 v0.76
\@parsespec=\toks30
))
(/usr/share/texmf-dist/tex/latex/thmtools/thm-kv.sty
Package: thm-kv 2023/05/04 v0.76
Package thm-kv Info: Theorem names will be uppercased on input line 42.

(/usr/share/texmf-dist/tex/latex/kvsetkeys/kvsetkeys.sty
Package: kvsetkeys 2022-10-05 v1.19 Key value parser (HO)
)
Package thm-kv Info: kvsetkeys patch (v1.16 or later) on input line 158.
)
(/usr/share/texmf-dist/tex/latex/thmtools/thm-autoref.sty
Package: thm-autoref 2023/05/04 v0.76

(/usr/share/texmf-dist/tex/latex/thmtools/aliasctr.sty
Package: aliasctr 2023/05/04 v0.76
))
(/usr/share/texmf-dist/tex/latex/thmtools/thm-listof.sty
Package: thm-listof 2023/05/04 v0.76
)
(/usr/share/texmf-dist/tex/latex/thmtools/thm-restate.sty
Package: thm-restate 2023/05/04 v0.76
)
(/usr/share/texmf-dist/tex/latex/thmtools/thm-amsthm.sty
Package: thm-amsthm 2023/05/04 v0.76
\thmt@style@headstyle=\toks31
))
(/usr/share/texmf-dist/tex/latex/graphics/graphicx.sty
Package: graphicx 2024/12/31 v1.2e Enhanced LaTeX Graphics (DPC,SPQR)

(/usr/share/texmf-dist/tex/latex/graphics/graphics.sty
Package: graphics 2024/08/06 v1.4g Standard LaTeX Graphics (DPC,SPQR)

(/usr/share/texmf-dist/tex/latex/graphics/trig.sty
Package: trig 2023/12/02 v1.11 sin cos tan (DPC)
)
(/usr/share/texmf-dist/tex/latex/graphics-cfg/graphics.cfg
File: graphics.cfg 2016/06/04 v1.11 sample graphics configuration
)
Package graphics Info: Driver file: pdftex.def on input line 106.

(/usr/share/texmf-dist/tex/latex/graphics-def/pdftex.def
File: pdftex.def 2025/09/29 v1.2d Graphics/color driver for pdftex
))
\Gin@req@height=\dimen181
\Gin@req@width=\dimen182
)
(/usr/share/texmf-dist/tex/latex/setspace/setspace.sty
Package: setspace 2022/12/04 v6.7b set line spacing
)
(/usr/share/texmf-dist/tex/latex/geometry/geometry.sty
Package: geometry 2020/01/02 v5.9 Page Geometry

(/usr/share/texmf-dist/tex/generic/iftex/ifvtex.sty
Package: ifvtex 2019/10/25 v1.7 ifvtex legacy package. Use iftex instead.

(/usr/share/texmf-dist/tex/generic/iftex/iftex.sty
Package: iftex 2024/12/12 v1.0g TeX engine tests
))
\Gm@cnth=\count305
\Gm@cntv=\count306
\c@Gm@tempcnt=\count307
\Gm@bindingoffset=\dimen183
\Gm@wd@mp=\dimen184
\Gm@odd@mp=\dimen185
\Gm@even@mp=\dimen186
\Gm@layoutwidth=\dimen187
\Gm@layoutheight=\dimen188
\Gm@layouthoffset=\dimen189
\Gm@layoutvoffset=\dimen190
\Gm@dimlist=\toks32
)
(/usr/share/texmf-dist/tex/latex/float/float.sty
Package: float 2001/11/08 v1.3d Float enhancements (AL)
\c@float@type=\count308
\float@exts=\toks33
\float@box=\box56
\@float@everytoks=\toks34
\@floatcapt=\box57
)
(/usr/share/texmf-dist/tex/latex/hyperref/hyperref.sty
Package: hyperref 2026-01-29 v7.01p Hypertext links for LaTeX

(/usr/share/texmf-dist/tex/generic/kvdefinekeys/kvdefinekeys.sty
Package: kvdefinekeys 2019-12-19 v1.6 Define keys (HO)
)
(/usr/share/texmf-dist/tex/generic/pdfescape/pdfescape.sty
Package: pdfescape 2019/12/09 v1.15 Implements pdfTeX's escape features (HO)

(/usr/share/texmf-dist/tex/generic/ltxcmds/ltxcmds.sty
Package: ltxcmds 2023-12-04 v1.26 LaTeX kernel commands for general use (HO)
)
(/usr/share/texmf-dist/tex/generic/pdftexcmds/pdftexcmds.sty
Package: pdftexcmds 2020-06-27 v0.33 Utility functions of pdfTeX for LuaTeX (HO
)

(/usr/share/texmf-dist/tex/generic/infwarerr/infwarerr.sty
Package: infwarerr 2019/12/03 v1.5 Providing info/warning/error messages (HO)
)
Package pdftexcmds Info: \pdf@primitive is available.
Package pdftexcmds Info: \pdf@ifprimitive is available.
Package pdftexcmds Info: \pdfdraftmode found.
))
(/usr/share/texmf-dist/tex/latex/hycolor/hycolor.sty
Package: hycolor 2020-01-27 v1.10 Color options for hyperref/bookmark (HO)
)
(/usr/share/texmf-dist/tex/latex/hyperref/nameref.sty
Package: nameref 2026-01-29 v2.58 Cross-referencing by name of section

(/usr/share/texmf-dist/tex/latex/refcount/refcount.sty
Package: refcount 2019/12/15 v3.6 Data extraction from label references (HO)
)
(/usr/share/texmf-dist/tex/generic/gettitlestring/gettitlestring.sty
Package: gettitlestring 2019/12/15 v1.6 Cleanup title references (HO)

(/usr/share/texmf-dist/tex/latex/kvoptions/kvoptions.sty
Package: kvoptions 2022-06-15 v3.15 Key value format for package options (HO)
))
\c@section@level=\count309
)
(/usr/share/texmf-dist/tex/latex/etoolbox/etoolbox.sty
Package: etoolbox 2025/10/02 v2.5m e-TeX tools for LaTeX (JAW)
\etb@tempcnta=\count310
)
(/usr/share/texmf-dist/tex/generic/stringenc/stringenc.sty
Package: stringenc 2019/11/29 v1.12 Convert strings between diff. encodings (HO
)
)
\@linkdim=\dimen191
\Hy@linkcounter=\count311
\Hy@pagecounter=\count312

(/usr/share/texmf-dist/tex/latex/hyperref/pd1enc.def
File: pd1enc.def 2026-01-29 v7.01p Hyperref: PDFDocEncoding definition (HO)
Now handling font encoding PD1 ...
... no UTF-8 mapping file for font encoding PD1
)
(/usr/share/texmf-dist/tex/generic/intcalc/intcalc.sty
Package: intcalc 2019/12/15 v1.3 Expandable calculations with integers (HO)
)
\Hy@SavedSpaceFactor=\count313

(/usr/share/texmf-dist/tex/latex/hyperref/puenc.def
File: puenc.def 2026-01-29 v7.01p Hyperref: PDF Unicode definition (HO)
Now handling font encoding PU ...
... no UTF-8 mapping file for font encoding PU
)
Package hyperref Info: Hyper figures OFF on input line 4201.
Package hyperref Info: Link nesting OFF on input line 4206.
Package hyperref Info: Hyper index ON on input line 4209.
Package hyperref Info: Plain pages OFF on input line 4216.
Package hyperref Info: Backreferencing OFF on input line 4221.
Package hyperref Info: Implicit mode ON; LaTeX internals redefined.
Package hyperref Info: Bookmarks ON on input line 4468.
\c@Hy@tempcnt=\count314

(/usr/share/texmf-dist/tex/latex/url/url.sty
\Urlmuskip=\muskip18
Package: url 2013/09/16  ver 3.4  Verb mode for urls, etc.
)
LaTeX Info: Redefining \url on input line 4807.
\XeTeXLinkMargin=\dimen192

(/usr/share/texmf-dist/tex/generic/bitset/bitset.sty
Package: bitset 2019/12/09 v1.3 Handle bit-vector datatype (HO)

(/usr/share/texmf-dist/tex/generic/bigintcalc/bigintcalc.sty
Package: bigintcalc 2019/12/15 v1.5 Expandable calculations on big integers (HO
)
))
\Fld@menulength=\count315
\Field@Width=\dimen193
\Fld@charsize=\dimen194
Package hyperref Info: Hyper figures OFF on input line 6084.
Package hyperref Info: Link nesting OFF on input line 6089.
Package hyperref Info: Hyper index ON on input line 6092.
Package hyperref Info: backreferencing OFF on input line 6099.
Package hyperref Info: Link coloring OFF on input line 6104.
Package hyperref Info: Link coloring with OCG OFF on input line 6109.
Package hyperref Info: PDF/A mode OFF on input line 6114.
\Hy@abspage=\count316
\c@Item=\count317
\c@Hfootnote=\count318
)
Package hyperref Info: Driver (autodetected): hpdftex.

(/usr/share/texmf-dist/tex/latex/hyperref/hpdftex.def
File: hpdftex.def 2026-01-29 v7.01p Hyperref driver for pdfTeX
\Fld@listcount=\count319
\c@bookmark@seq@number=\count320

(/usr/share/texmf-dist/tex/latex/rerunfilecheck/rerunfilecheck.sty
Package: rerunfilecheck 2025-06-21 v1.11 Rerun checks for auxiliary files (HO)

(/usr/share/texmf-dist/tex/generic/uniquecounter/uniquecounter.sty
Package: uniquecounter 2019/12/15 v1.4 Provide unlimited unique counter (HO)
)
Package uniquecounter Info: New unique counter `rerunfilecheck' on input line 2
84.
)
\Hy@SectionHShift=\skip61
)
(/usr/share/texmf-dist/tex/latex/base/inputenc.sty
Package: inputenc 2024/02/08 v1.3d Input encoding file
\inpenc@prehook=\toks35
\inpenc@posthook=\toks36
)
(/usr/share/texmf-dist/tex/generic/babel/babel.sty
Package: babel 2026/02/14 v26.3 The multilingual framework for LuaLaTeX, pdfLaT
eX and XeLaTeX
\babel@savecnt=\count321
LaTeX Encoding Info:    Redeclaring text command \ij (encoding OT1) on input li
ne 2078.
LaTeX Encoding Info:    Redeclaring text command \IJ (encoding OT1) on input li
ne 2080.
LaTeX Encoding Info:    Redeclaring text command \ij (encoding T1) on input lin
e 2082.
LaTeX Encoding Info:    Redeclaring text command \IJ (encoding T1) on input lin
e 2083.
LaTeX Encoding Info:    Ignoring declaration for text command \ij (encoding ?) 
on input line 2084.
LaTeX Encoding Info:    Ignoring declaration for text command \IJ (encoding ?) 
on input line 2086.
LaTeX Encoding Info:    Ignoring declaration for text command \SS (encoding ?) 
on input line 2111.
\U@D=\dimen195
\l@unhyphenated=\language3

(/usr/share/texmf-dist/tex/generic/babel/txtbabel.def)
\bbl@readstream=\read2
\bbl@dirlevel=\count322

(/usr/share/texmf-dist/tex/generic/babel/locale/en/babel-english.tex)
Package babel Info: Importing font and identification data for english
(babel)             from babel-en.ini. Reported on input line 4330.

(/usr/share/texmf-dist/tex/generic/babel-english/english.ldf
Language: english 2017/06/06 v3.3r English support from the babel system
Package babel Info: Hyphen rules for 'british' set to \l@english
(babel)             (\language0). Reported on input line 82.
Package babel Info: Hyphen rules for 'UKenglish' set to \l@english
(babel)             (\language0). Reported on input line 83.
Package babel Info: Hyphen rules for 'canadian' set to \l@english
(babel)             (\language0). Reported on input line 102.
Package babel Info: Hyphen rules for 'australian' set to \l@english
(babel)             (\language0). Reported on input line 105.
Package babel Info: Hyphen rules for 'newzealand' set to \l@english
(babel)             (\language0). Reported on input line 108.
))
(/usr/share/texmf-dist/tex/latex/framed/framed.sty
Package: framed 2011/10/22 v 0.96: framed or shaded text with page breaks
\OuterFrameSep=\skip62
\fb@frw=\dimen196
\fb@frh=\dimen197
\FrameRule=\dimen198
\FrameSep=\dimen199
)
(/usr/share/texmf-dist/tex/latex/xcolor/xcolor.sty
Package: xcolor 2024/09/29 v3.02 LaTeX color extensions (UK)

(/usr/share/texmf-dist/tex/latex/graphics-cfg/color.cfg
File: color.cfg 2016/01/02 v1.6 sample color configuration
)
Package xcolor Info: Driver file: pdftex.def on input line 274.

(/usr/share/texmf-dist/tex/latex/graphics/mathcolor.ltx)
Package xcolor Info: Model `cmy' substituted by `cmy0' on input line 1349.
Package xcolor Info: Model `hsb' substituted by `rgb' on input line 1353.
Package xcolor Info: Model `RGB' extended on input line 1365.
Package xcolor Info: Model `HTML' substituted by `rgb' on input line 1367.
Package xcolor Info: Model `Hsb' substituted by `hsb' on input line 1368.
Package xcolor Info: Model `tHsb' substituted by `hsb' on input line 1369.
Package xcolor Info: Model `HSB' substituted by `hsb' on input line 1370.
Package xcolor Info: Model `Gray' substituted by `gray' on input line 1371.
Package xcolor Info: Model `wave' substituted by `hsb' on input line 1372.
)
(/usr/share/texmf-dist/tex/latex/graphics/dvipsnam.def
File: dvipsnam.def 2016/06/17 v3.0m Driver-dependent file (DPC,SPQR)
)
(/usr/share/texmf-dist/tex/latex/tcolorbox/tcolorbox.sty
Package: tcolorbox 2025/11/28 version 6.9.0 text color boxes

(/usr/share/texmf-dist/tex/latex/pgf/frontendlayer/tikz.sty
(/usr/share/texmf-dist/tex/latex/pgf/basiclayer/pgf.sty
(/usr/share/texmf-dist/tex/latex/pgf/utilities/pgfrcs.sty
(/usr/share/texmf-dist/tex/generic/pgf/utilities/pgfutil-common.tex
\pgfutil@everybye=\toks37
\pgfutil@tempdima=\dimen256
\pgfutil@tempdimb=\dimen257
)
(/usr/share/texmf-dist/tex/generic/pgf/utilities/pgfutil-latex.def
\pgfutil@abb=\box58
)
(/usr/share/texmf-dist/tex/generic/pgf/utilities/pgfrcs.code.tex
(/usr/share/texmf-dist/tex/generic/pgf/pgf.revision.tex)
Package: pgfrcs 2025-08-29 v3.1.11a (3.1.11a)
))
Package: pgf 2025-08-29 v3.1.11a (3.1.11a)

(/usr/share/texmf-dist/tex/latex/pgf/basiclayer/pgfcore.sty
(/usr/share/texmf-dist/tex/latex/pgf/systemlayer/pgfsys.sty
(/usr/share/texmf-dist/tex/generic/pgf/systemlayer/pgfsys.code.tex
Package: pgfsys 2025-08-29 v3.1.11a (3.1.11a)

(/usr/share/texmf-dist/tex/generic/pgf/utilities/pgfkeys.code.tex
\pgfkeys@pathtoks=\toks38
\pgfkeys@temptoks=\toks39

(/usr/share/texmf-dist/tex/generic/pgf/utilities/pgfkeyslibraryfiltered.code.te
x
\pgfkeys@tmptoks=\toks40
))
\pgf@x=\dimen258
\pgf@y=\dimen259
\pgf@xa=\dimen260
\pgf@ya=\dimen261
\pgf@xb=\dimen262
\pgf@yb=\dimen263
\pgf@xc=\dimen264
\pgf@yc=\dimen265
\pgf@xd=\dimen266
\pgf@yd=\dimen267
\w@pgf@writea=\write3
\r@pgf@reada=\read3
\c@pgf@counta=\count323
\c@pgf@countb=\count324
\c@pgf@countc=\count325
\c@pgf@countd=\count326
\t@pgf@toka=\toks41
\t@pgf@tokb=\toks42
\t@pgf@tokc=\toks43
\pgf@sys@id@count=\count327
 (/usr/share/texmf-dist/tex/generic/pgf/systemlayer/pgf.cfg
File: pgf.cfg 2025-08-29 v3.1.11a (3.1.11a)
)
Driver file for pgf: pgfsys-pdftex.def

(/usr/share/texmf-dist/tex/generic/pgf/systemlayer/pgfsys-pdftex.def
File: pgfsys-pdftex.def 2025-08-29 v3.1.11a (3.1.11a)

(/usr/share/texmf-dist/tex/generic/pgf/systemlayer/pgfsys-common-pdf.def
File: pgfsys-common-pdf.def 2025-08-29 v3.1.11a (3.1.11a)
)))
(/usr/share/texmf-dist/tex/generic/pgf/systemlayer/pgfsyssoftpath.code.tex
File: pgfsyssoftpath.code.tex 2025-08-29 v3.1.11a (3.1.11a)
\pgfsyssoftpath@smallbuffer@items=\count328
\pgfsyssoftpath@bigbuffer@items=\count329
)
(/usr/share/texmf-dist/tex/generic/pgf/systemlayer/pgfsysprotocol.code.tex
File: pgfsysprotocol.code.tex 2025-08-29 v3.1.11a (3.1.11a)
))
(/usr/share/texmf-dist/tex/generic/pgf/basiclayer/pgfcore.code.tex
Package: pgfcore 2025-08-29 v3.1.11a (3.1.11a)

(/usr/share/texmf-dist/tex/generic/pgf/math/pgfmath.code.tex
(/usr/share/texmf-dist/tex/generic/pgf/math/pgfmathutil.code.tex)
(/usr/share/texmf-dist/tex/generic/pgf/math/pgfmathparser.code.tex
\pgfmath@dimen=\dimen268
\pgfmath@count=\count330
\pgfmath@box=\box59
\pgfmath@toks=\toks44
\pgfmath@stack@operand=\toks45
\pgfmath@stack@operation=\toks46
)
(/usr/share/texmf-dist/tex/generic/pgf/math/pgfmathfunctions.code.tex)
(/usr/share/texmf-dist/tex/generic/pgf/math/pgfmathfunctions.basic.code.tex)
(/usr/share/texmf-dist/tex/generic/pgf/math/pgfmathfunctions.trigonometric.code
.tex)
(/usr/share/texmf-dist/tex/generic/pgf/math/pgfmathfunctions.random.code.tex)
(/usr/share/texmf-dist/tex/generic/pgf/math/pgfmathfunctions.comparison.code.te
x) (/usr/share/texmf-dist/tex/generic/pgf/math/pgfmathfunctions.base.code.tex)
(/usr/share/texmf-dist/tex/generic/pgf/math/pgfmathfunctions.round.code.tex)
(/usr/share/texmf-dist/tex/generic/pgf/math/pgfmathfunctions.misc.code.tex)
(/usr/share/texmf-dist/tex/generic/pgf/math/pgfmathfunctions.integerarithmetics
.code.tex) (/usr/share/texmf-dist/tex/generic/pgf/math/pgfmathcalc.code.tex)
(/usr/share/texmf-dist/tex/generic/pgf/math/pgfmathfloat.code.tex
\c@pgfmathroundto@lastzeros=\count331
))
(/usr/share/texmf-dist/tex/generic/pgf/math/pgfint.code.tex)
(/usr/share/texmf-dist/tex/generic/pgf/basiclayer/pgfcorepoints.code.tex
File: pgfcorepoints.code.tex 2025-08-29 v3.1.11a (3.1.11a)
\pgf@picminx=\dimen269
\pgf@picmaxx=\dimen270
\pgf@picminy=\dimen271
\pgf@picmaxy=\dimen272
\pgf@pathminx=\dimen273
\pgf@pathmaxx=\dimen274
\pgf@pathminy=\dimen275
\pgf@pathmaxy=\dimen276
\pgf@xx=\dimen277
\pgf@xy=\dimen278
\pgf@yx=\dimen279
\pgf@yy=\dimen280
\pgf@zx=\dimen281
\pgf@zy=\dimen282
)
(/usr/share/texmf-dist/tex/generic/pgf/basiclayer/pgfcorepathconstruct.code.tex
File: pgfcorepathconstruct.code.tex 2025-08-29 v3.1.11a (3.1.11a)
\pgf@path@lastx=\dimen283
\pgf@path@lasty=\dimen284
) (/usr/share/texmf-dist/tex/generic/pgf/basiclayer/pgfcorepathusage.code.tex
File: pgfcorepathusage.code.tex 2025-08-29 v3.1.11a (3.1.11a)
\pgf@shorten@end@additional=\dimen285
\pgf@shorten@start@additional=\dimen286
)
(/usr/share/texmf-dist/tex/generic/pgf/basiclayer/pgfcorescopes.code.tex
File: pgfcorescopes.code.tex 2025-08-29 v3.1.11a (3.1.11a)
\pgfpic=\box60
\pgf@hbox=\box61
\pgf@layerbox@main=\box62
\pgf@picture@serial@count=\count332
)
(/usr/share/texmf-dist/tex/generic/pgf/basiclayer/pgfcoregraphicstate.code.tex
File: pgfcoregraphicstate.code.tex 2025-08-29 v3.1.11a (3.1.11a)
\pgflinewidth=\dimen287
)
(/usr/share/texmf-dist/tex/generic/pgf/basiclayer/pgfcoretransformations.code.t
ex
File: pgfcoretransformations.code.tex 2025-08-29 v3.1.11a (3.1.11a)
\pgf@pt@x=\dimen288
\pgf@pt@y=\dimen289
\pgf@pt@temp=\dimen290
) (/usr/share/texmf-dist/tex/generic/pgf/basiclayer/pgfcorequick.code.tex
File: pgfcorequick.code.tex 2025-08-29 v3.1.11a (3.1.11a)
)
(/usr/share/texmf-dist/tex/generic/pgf/basiclayer/pgfcoreobjects.code.tex
File: pgfcoreobjects.code.tex 2025-08-29 v3.1.11a (3.1.11a)
)
(/usr/share/texmf-dist/tex/generic/pgf/basiclayer/pgfcorepathprocessing.code.te
x
File: pgfcorepathprocessing.code.tex 2025-08-29 v3.1.11a (3.1.11a)
) (/usr/share/texmf-dist/tex/generic/pgf/basiclayer/pgfcorearrows.code.tex
File: pgfcorearrows.code.tex 2025-08-29 v3.1.11a (3.1.11a)
\pgfarrowsep=\dimen291
)
(/usr/share/texmf-dist/tex/generic/pgf/basiclayer/pgfcoreshade.code.tex
File: pgfcoreshade.code.tex 2025-08-29 v3.1.11a (3.1.11a)
\pgf@max=\dimen292
\pgf@sys@shading@range@num=\count333
\pgf@shadingcount=\count334
)
(/usr/share/texmf-dist/tex/generic/pgf/basiclayer/pgfcoreimage.code.tex
File: pgfcoreimage.code.tex 2025-08-29 v3.1.11a (3.1.11a)
)
(/usr/share/texmf-dist/tex/generic/pgf/basiclayer/pgfcoreexternal.code.tex
File: pgfcoreexternal.code.tex 2025-08-29 v3.1.11a (3.1.11a)
\pgfexternal@startupbox=\box63
)
(/usr/share/texmf-dist/tex/generic/pgf/basiclayer/pgfcorelayers.code.tex
File: pgfcorelayers.code.tex 2025-08-29 v3.1.11a (3.1.11a)
)
(/usr/share/texmf-dist/tex/generic/pgf/basiclayer/pgfcoretransparency.code.tex
File: pgfcoretransparency.code.tex 2025-08-29 v3.1.11a (3.1.11a)
) (/usr/share/texmf-dist/tex/generic/pgf/basiclayer/pgfcorepatterns.code.tex
File: pgfcorepatterns.code.tex 2025-08-29 v3.1.11a (3.1.11a)
)
(/usr/share/texmf-dist/tex/generic/pgf/basiclayer/pgfcorerdf.code.tex
File: pgfcorerdf.code.tex 2025-08-29 v3.1.11a (3.1.11a)
)))
(/usr/share/texmf-dist/tex/generic/pgf/modules/pgfmoduleshapes.code.tex
File: pgfmoduleshapes.code.tex 2025-08-29 v3.1.11a (3.1.11a)
\pgfnodeparttextbox=\box64
)
(/usr/share/texmf-dist/tex/generic/pgf/modules/pgfmoduleplot.code.tex
File: pgfmoduleplot.code.tex 2025-08-29 v3.1.11a (3.1.11a)
)
(/usr/share/texmf-dist/tex/latex/pgf/compatibility/pgfcomp-version-0-65.sty
Package: pgfcomp-version-0-65 2025-08-29 v3.1.11a (3.1.11a)
\pgf@nodesepstart=\dimen293
\pgf@nodesepend=\dimen294
)
(/usr/share/texmf-dist/tex/latex/pgf/compatibility/pgfcomp-version-1-18.sty
Package: pgfcomp-version-1-18 2025-08-29 v3.1.11a (3.1.11a)
))
(/usr/share/texmf-dist/tex/latex/pgf/utilities/pgffor.sty
(/usr/share/texmf-dist/tex/latex/pgf/utilities/pgfkeys.sty
(/usr/share/texmf-dist/tex/generic/pgf/utilities/pgfkeys.code.tex))
(/usr/share/texmf-dist/tex/latex/pgf/math/pgfmath.sty
(/usr/share/texmf-dist/tex/generic/pgf/math/pgfmath.code.tex))
(/usr/share/texmf-dist/tex/generic/pgf/utilities/pgffor.code.tex
Package: pgffor 2025-08-29 v3.1.11a (3.1.11a)
\pgffor@iter=\dimen295
\pgffor@skip=\dimen296
\pgffor@stack=\toks47
\pgffor@toks=\toks48
))
(/usr/share/texmf-dist/tex/generic/pgf/frontendlayer/tikz/tikz.code.tex
Package: tikz 2025-08-29 v3.1.11a (3.1.11a)

(/usr/share/texmf-dist/tex/generic/pgf/libraries/pgflibraryplothandlers.code.te
x
File: pgflibraryplothandlers.code.tex 2025-08-29 v3.1.11a (3.1.11a)
\pgf@plot@mark@count=\count335
\pgfplotmarksize=\dimen297
)
\tikz@lastx=\dimen298
\tikz@lasty=\dimen299
\tikz@lastxsaved=\dimen300
\tikz@lastysaved=\dimen301
\tikz@lastmovetox=\dimen302
\tikz@lastmovetoy=\dimen303
\tikzleveldistance=\dimen304
\tikzsiblingdistance=\dimen305
\tikz@figbox=\box65
\tikz@figbox@bg=\box66
\tikz@tempbox=\box67
\tikz@tempbox@bg=\box68
\tikztreelevel=\count336
\tikznumberofchildren=\count337
\tikznumberofcurrentchild=\count338
\tikz@fig@count=\count339
 (/usr/share/texmf-dist/tex/generic/pgf/modules/pgfmodulematrix.code.tex
File: pgfmodulematrix.code.tex 2025-08-29 v3.1.11a (3.1.11a)
\pgfmatrixcurrentrow=\count340
\pgfmatrixcurrentcolumn=\count341
\pgf@matrix@numberofcolumns=\count342
)
\tikz@expandcount=\count343

(/usr/share/texmf-dist/tex/generic/pgf/frontendlayer/tikz/libraries/tikzlibrary
topaths.code.tex
File: tikzlibrarytopaths.code.tex 2025-08-29 v3.1.11a (3.1.11a)
))) (/usr/share/texmf-dist/tex/latex/tools/verbatim.sty
Package: verbatim 2024-01-22 v1.5x LaTeX2e package for verbatim enhancements
\every@verbatim=\toks49
\verbatim@line=\toks50
\verbatim@in@stream=\read4
)
(/usr/share/texmf-dist/tex/latex/environ/environ.sty
Package: environ 2014/05/04 v0.3 A new way to define environments

(/usr/share/texmf-dist/tex/latex/trimspaces/trimspaces.sty
Package: trimspaces 2009/09/17 v1.1 Trim spaces around a token list
))
\tcb@titlebox=\box69
\tcb@upperbox=\box70
\tcb@lowerbox=\box71
\tcb@phantombox=\box72
\c@tcbbreakpart=\count344
\c@tcblayer=\count345
\c@tcolorbox@number=\count346
\l__tcobox_tmpa_box=\box73
\l__tcobox_tmpa_dim=\dimen306
\tcb@temp=\box74
\tcb@temp=\box75
\tcb@temp=\box76
\tcb@temp=\box77
)
(/usr/share/texmf-dist/tex/latex/tools/bm.sty
Package: bm 2025/10/21 v1.2g Bold Symbol Support (DPC/FMi)
\symboldoperators=\mathgroup6
\symboldletters=\mathgroup7
\symboldsymbols=\mathgroup8
Package bm Info: No bold for \OMX/cmex/m/n, using \pmb.
Package bm Info: No bold for \U/msa/m/n, using \pmb.
Package bm Info: No bold for \U/msb/m/n, using \pmb.
LaTeX Font Info:    Redeclaring math alphabet \mathbf on input line 149.
)
(/usr/share/texmf-dist/tex/latex/physics/physics.sty
Package: physics 

(/usr/share/texmf-dist/tex/latex/l3packages/xparse/xparse.sty
(/usr/share/texmf-dist/tex/latex/l3kernel/expl3.sty
Package: expl3 2026-01-19 L3 programming layer (loader) 

(/usr/share/texmf-dist/tex/latex/l3backend/l3backend-pdftex.def
File: l3backend-pdftex.def 2025-10-09 L3 backend support: PDF output (pdfTeX)
\l__color_backend_stack_int=\count347
))
Package: xparse 2025-10-09 L3 Experimental document command parser
))
(/usr/share/texmf-dist/tex/latex/enumitem/enumitem.sty
Package: enumitem 2025/02/06 v3.11 Customized lists
\labelindent=\skip63
\enit@outerparindent=\dimen307
\enit@toks=\toks51
\enit@inbox=\box78
\enit@count@id=\count348
\enitdp@description=\count349
)
(/usr/share/texmf-dist/tex/latex/cancel/cancel.sty
Package: cancel 2013/04/12 v2.2 Cancel math terms
)
(/usr/share/texmf-dist/tex/latex/pgfplots/pgfplots.sty
(/usr/share/texmf-dist/tex/generic/pgfplots/pgfplots.revision.tex)
Package: pgfplots 2025/08/14 v1.18.2 Data Visualization (1.18.2)

(/usr/share/texmf-dist/tex/generic/pgfplots/pgfplots.code.tex
(/usr/share/texmf-dist/tex/generic/pgfplots/pgfplotscore.code.tex
\t@pgfplots@toka=\toks52
\t@pgfplots@tokb=\toks53
\t@pgfplots@tokc=\toks54
\pgfplots@tmpa=\dimen308
\c@pgfplots@coordindex=\count350
\c@pgfplots@scanlineindex=\count351

(/usr/share/texmf-dist/tex/generic/pgfplots/sys/pgfplotssysgeneric.code.tex))
(/usr/share/texmf-dist/tex/generic/pgfplots/libs/pgfplotslibrary.code.tex)
(/usr/share/texmf-dist/tex/generic/pgfplots/oldpgfcompatib/pgfplotsoldpgfsupp_l
oader.code.tex
(/usr/share/texmf-dist/tex/generic/pgf/libraries/pgflibraryfpu.code.tex)
(/usr/share/texmf-dist/tex/generic/pgfplots/oldpgfcompatib/pgfplotsoldpgfsupp_p
gfutil-common-lists.tex))
(/usr/share/texmf-dist/tex/generic/pgfplots/util/pgfplotsutil.code.tex
(/usr/share/texmf-dist/tex/generic/pgfplots/liststructure/pgfplotsliststructure
.code.tex)
(/usr/share/texmf-dist/tex/generic/pgfplots/liststructure/pgfplotsliststructure
ext.code.tex)
(/usr/share/texmf-dist/tex/generic/pgfplots/liststructure/pgfplotsarray.code.te
x
\c@pgfplotsarray@tmp=\count352
)
(/usr/share/texmf-dist/tex/generic/pgfplots/liststructure/pgfplotsmatrix.code.t
ex)
(/usr/share/texmf-dist/tex/generic/pgfplots/numtable/pgfplotstableshared.code.t
ex
\c@pgfplotstable@counta=\count353
\t@pgfplotstable@a=\toks55
)
(/usr/share/texmf-dist/tex/generic/pgfplots/liststructure/pgfplotsdeque.code.te
x) (/usr/share/texmf-dist/tex/generic/pgfplots/util/pgfplotsbinary.code.tex
(/usr/share/texmf-dist/tex/generic/pgfplots/util/pgfplotsbinary.data.code.tex))
(/usr/share/texmf-dist/tex/generic/pgfplots/util/pgfplotsutil.verb.code.tex)
(/usr/share/texmf-dist/tex/generic/pgfplots/libs/pgflibrarypgfplots.surfshading
.code.tex
\c@pgfplotslibrarysurf@no=\count354

(/usr/share/texmf-dist/tex/generic/pgfplots/sys/pgflibrarypgfplots.surfshading.
pgfsys-pdftex.def)))
(/usr/share/texmf-dist/tex/generic/pgfplots/util/pgfplotscolormap.code.tex
(/usr/share/texmf-dist/tex/generic/pgfplots/util/pgfplotscolor.code.tex))
(/usr/share/texmf-dist/tex/generic/pgfplots/pgfplotsstackedplots.code.tex)
(/usr/share/texmf-dist/tex/generic/pgfplots/pgfplotsplothandlers.code.tex
(/usr/share/texmf-dist/tex/generic/pgfplots/pgfplotsmeshplothandler.code.tex
(/usr/share/texmf-dist/tex/generic/pgfplots/pgfplotsmeshplotimage.code.tex)))
(/usr/share/texmf-dist/tex/generic/pgfplots/pgfplots.scaling.code.tex)
(/usr/share/texmf-dist/tex/generic/pgfplots/pgfplotscoordprocessing.code.tex)
(/usr/share/texmf-dist/tex/generic/pgfplots/pgfplots.errorbars.code.tex)
(/usr/share/texmf-dist/tex/generic/pgfplots/pgfplots.markers.code.tex)
(/usr/share/texmf-dist/tex/generic/pgfplots/pgfplotsticks.code.tex)
(/usr/share/texmf-dist/tex/generic/pgfplots/pgfplots.paths.code.tex)
(/usr/share/texmf-dist/tex/generic/pgf/frontendlayer/tikz/libraries/tikzlibrary
decorations.code.tex
(/usr/share/texmf-dist/tex/generic/pgf/modules/pgfmoduledecorations.code.tex
\pgfdecoratedcompleteddistance=\dimen309
\pgfdecoratedremainingdistance=\dimen310
\pgfdecoratedinputsegmentcompleteddistance=\dimen311
\pgfdecoratedinputsegmentremainingdistance=\dimen312
\pgf@decorate@distancetomove=\dimen313
\pgf@decorate@repeatstate=\count355
\pgfdecorationsegmentamplitude=\dimen314
\pgfdecorationsegmentlength=\dimen315
)
\tikz@lib@dec@box=\box79
)
(/usr/share/texmf-dist/tex/generic/pgf/frontendlayer/tikz/libraries/tikzlibrary
decorations.pathmorphing.code.tex
(/usr/share/texmf-dist/tex/generic/pgf/libraries/decorations/pgflibrarydecorati
ons.pathmorphing.code.tex))
(/usr/share/texmf-dist/tex/generic/pgf/frontendlayer/tikz/libraries/tikzlibrary
decorations.pathreplacing.code.tex
(/usr/share/texmf-dist/tex/generic/pgf/libraries/decorations/pgflibrarydecorati
ons.pathreplacing.code.tex))
(/usr/share/texmf-dist/tex/generic/pgfplots/libs/tikzlibrarypgfplots.contourlua
.code.tex)
\pgfplots@numplots=\count356
\pgfplots@xmin@reg=\dimen316
\pgfplots@xmax@reg=\dimen317
\pgfplots@ymin@reg=\dimen318
\pgfplots@ymax@reg=\dimen319
\pgfplots@zmin@reg=\dimen320
\pgfplots@zmax@reg=\dimen321
)
(/usr/share/texmf-dist/tex/generic/pgf/frontendlayer/tikz/libraries/tikzlibrary
plotmarks.code.tex
File: tikzlibraryplotmarks.code.tex 2025-08-29 v3.1.11a (3.1.11a)

(/usr/share/texmf-dist/tex/generic/pgf/libraries/pgflibraryplotmarks.code.tex
File: pgflibraryplotmarks.code.tex 2025-08-29 v3.1.11a (3.1.11a)
)))
(/usr/share/texmf-dist/tex/generic/pgf/libraries/pgflibraryarrows.meta.code.tex
File: pgflibraryarrows.meta.code.tex 2025-08-29 v3.1.11a (3.1.11a)
\pgfarrowinset=\dimen322
\pgfarrowlength=\dimen323
\pgfarrowwidth=\dimen324
\pgfarrowlinewidth=\dimen325
)
(/usr/share/texmf-dist/tex/generic/pgf/frontendlayer/tikz/libraries/tikzlibrary
patterns.code.tex
File: tikzlibrarypatterns.code.tex 2025-08-29 v3.1.11a (3.1.11a)

(/usr/share/texmf-dist/tex/generic/pgf/libraries/pgflibrarypatterns.code.tex
File: pgflibrarypatterns.code.tex 2025-08-29 v3.1.11a (3.1.11a)
))
(/usr/share/texmf-dist/tex/generic/pgf/frontendlayer/tikz/libraries/tikzlibrary
calc.code.tex
File: tikzlibrarycalc.code.tex 2025-08-29 v3.1.11a (3.1.11a)
)
Package thmtools Info: Key `name' (with value `Theorem')
(thmtools)             is not a known style key.
(thmtools)             Will pass this to every \declaretheorem
(thmtools)             that uses `style=thmsty' on input line 35.
\c@theorem=\count357
Package thmtools Info: Key `name' (with value `Definition')
(thmtools)             is not a known style key.
(thmtools)             Will pass this to every \declaretheorem
(thmtools)             that uses `style=defsty' on input line 39.
Package thmtools Info: Key `name' (with value `Formula')
(thmtools)             is not a known style key.
(thmtools)             Will pass this to every \declaretheorem
(thmtools)             that uses `style=formsty' on input line 43.
Package thmtools Info: Key `name' (with value `Important Fact')
(thmtools)             is not a known style key.
(thmtools)             Will pass this to every \declaretheorem
(thmtools)             that uses `style=factsty' on input line 48.
Package thmtools Info: Key `name' (with value `Example')
(thmtools)             is not a known style key.
(thmtools)             Will pass this to every \declaretheorem
(thmtools)             that uses `style=examsty' on input line 53.
 (./main.aux)
\openout1 = `main.aux'.

LaTeX Font Info:    Checking defaults for OML/cmm/m/it on input line 86.
LaTeX Font Info:    ... okay on input line 86.
LaTeX Font Info:    Checking defaults for OMS/cmsy/m/n on input line 86.
LaTeX Font Info:    ... okay on input line 86.
LaTeX Font Info:    Checking defaults for OT1/cmr/m/n on input line 86.
LaTeX Font Info:    ... okay on input line 86.
LaTeX Font Info:    Checking defaults for T1/cmr/m/n on input line 86.
LaTeX Font Info:    ... okay on input line 86.
LaTeX Font Info:    Checking defaults for TS1/cmr/m/n on input line 86.
LaTeX Font Info:    ... okay on input line 86.
LaTeX Font Info:    Checking defaults for OMX/cmex/m/n on input line 86.
LaTeX Font Info:    ... okay on input line 86.
LaTeX Font Info:    Checking defaults for U/cmr/m/n on input line 86.
LaTeX Font Info:    ... okay on input line 86.
LaTeX Font Info:    Checking defaults for PD1/pdf/m/n on input line 86.
LaTeX Font Info:    ... okay on input line 86.
LaTeX Font Info:    Checking defaults for PU/pdf/m/n on input line 86.
LaTeX Font Info:    ... okay on input line 86.

(/usr/share/texmf-dist/tex/context/base/mkii/supp-pdf.mkii
[Loading MPS to PDF converter (version 2006.09.02).]
\scratchcounter=\count358
\scratchdimen=\dimen326
\scratchbox=\box80
\nofMPsegments=\count359
\nofMParguments=\count360
\everyMPshowfont=\toks56
\MPscratchCnt=\count361
\MPscratchDim=\dimen327
\MPnumerator=\count362
\makeMPintoPDFobject=\count363
\everyMPtoPDFconversion=\toks57
) (/usr/share/texmf-dist/tex/latex/epstopdf-pkg/epstopdf-base.sty
Package: epstopdf-base 2020-01-24 v2.11 Base part for package epstopdf
Package epstopdf-base Info: Redefining graphics rule for `.eps' on input line 4
85.

(/usr/share/texmf-dist/tex/latex/latexconfig/epstopdf-sys.cfg
File: epstopdf-sys.cfg 2010/07/13 v1.3 Configuration of (r)epstopdf for TeX Liv
e
))
*geometry* driver: auto-detecting
*geometry* detected driver: pdftex
*geometry* verbose mode - [ preamble ] result:
* driver: pdftex
* paper: <default>
* layout: <same size as paper>
* layoutoffset:(h,v)=(0.0pt,0.0pt)
* modes: twoside 
* h-part:(L,W,R)=(57.81598pt, 469.75499pt, 86.72403pt)
* v-part:(T,H,B)=(72.26999pt, 650.43pt, 72.27pt)
* \paperwidth=614.295pt
* \paperheight=794.96999pt
* \textwidth=469.75499pt
* \textheight=650.43pt
* \oddsidemargin=-14.45401pt
* \evensidemargin=14.45404pt
* \topmargin=-37.0pt
* \headheight=12.0pt
* \headsep=25.0pt
* \topskip=10.0pt
* \footskip=30.0pt
* \marginparwidth=125.0pt
* \marginparsep=7.0pt
* \columnsep=10.0pt
* \skip\footins=9.0pt plus 4.0pt minus 2.0pt
* \hoffset=0.0pt
* \voffset=0.0pt
* \mag=1000
* \@twocolumnfalse
* \@twosidetrue
* \@mparswitchtrue
* \@reversemarginfalse
* (1in=72.27pt=25.4mm, 1cm=28.453pt)

Package hyperref Info: Link coloring OFF on input line 86.
(./main.out) (./main.out)
\@outlinefile=\write4
\openout4 = `main.out'.


Package pgfplots notification 'compat/show suggested version=true': document ha
s been generated with the most recent feature set (\pgfplotsset{compat=1.18}).

LaTeX Font Info:    Trying to load font information for U+msa on input line 104
.
(/usr/share/texmf-dist/tex/latex/amsfonts/umsa.fd
File: umsa.fd 2013/01/14 v3.01 AMS symbols A
)
LaTeX Font Info:    Trying to load font information for U+msb on input line 104
.

(/usr/share/texmf-dist/tex/latex/amsfonts/umsb.fd
File: umsb.fd 2013/01/14 v3.01 AMS symbols B
) [1


{/var/lib/texmf/fonts/map/pdftex/updmap/pdftex.map}] [2] (./main.toc [3

] [4] [5])
\tf@toc=\write5
\openout5 = `main.toc'.

 [6] (./ch1.tex
Chapter 1.
Package hyperref Info: bookmark level for unknown formula defaults to 0 on inpu
t line 16.
[7

]
Package hyperref Info: bookmark level for unknown definition defaults to 0 on i
nput line 72.

pdfTeX warning (ext4): destination with the same identifier (name{formula.2}) h
as been already used, duplicate ignored
<to be read again> 
                   \relax 
l.84 \begin{equation}
                     
Underfull \vbox (badness 4291) has occurred while \output is active []

 [8]
pdfTeX warning (ext4): destination with the same identifier (name{definition.1}
) has been already used, duplicate ignored
<to be read again> 
                   \relax 
l.143 A
        random variable $X$ is a quantity with a definite set of possible va...
[9]
Underfull \vbox (badness 5331) has occurred while \output is active []

 [10]
[11]
Package hyperref Info: bookmark level for unknown fact defaults to 0 on input l
ine 299.

Underfull \vbox (badness 1127) has occurred while \output is active []

 [12]
Package hyperref Info: bookmark level for unknown theorem defaults to 0 on inpu
t line 364.
Package hyperref Info: bookmark level for unknown example defaults to 0 on inpu
t line 370.

[13]
pdfTeX warning (ext4): destination with the same identifier (name{formula.1}) h
as been already used, duplicate ignored
<to be read again> 
                   \relax 
l.395 \begin{equation}
                      
Underfull \vbox (badness 10000) has occurred while \output is active []

 [14]
Underfull \vbox (badness 10000) has occurred while \output is active []

 [15]
pdfTeX warning (ext4): destination with the same identifier (name{definition.2}
) has been already used, duplicate ignored
<to be read again> 
                   \relax 
l.496 \begin{equation}
                      
Underfull \vbox (badness 7558) has occurred while \output is active []

 [16]
pdfTeX warning (ext4): destination with the same identifier (name{definition.1}
) has been already used, duplicate ignored
<to be read again> 
                   \relax 
l.549 \begin{equation}
                      
pdfTeX warning (ext4): destination with the same identifier (name{formula.2}) h
as been already used, duplicate ignored
<to be read again> 
                   \relax 
l.559 \begin{equation}
                      
pdfTeX warning (ext4): destination with the same identifier (name{formula.3}) h
as been already used, duplicate ignored
<to be read again> 
                   \relax 
l.565 \begin{equation}
                      

Package hyperref Warning: Token not allowed in a PDF string (Unicode):
(hyperref)                removing `math shift' on input line 570.


Package hyperref Warning: Token not allowed in a PDF string (Unicode):
(hyperref)                removing `\Gamma' on input line 570.


Package hyperref Warning: Token not allowed in a PDF string (Unicode):
(hyperref)                removing `\@ifnextchar' on input line 570.


Package hyperref Warning: Token not allowed in a PDF string (Unicode):
(hyperref)                removing `\pi' on input line 570.


Package hyperref Warning: Token not allowed in a PDF string (Unicode):
(hyperref)                removing `math shift' on input line 570.


pdfTeX warning (ext4): destination with the same identifier (name{formula.4}) h
as been already used, duplicate ignored
<to be read again> 
                   \relax 
l.578 \begin{equation}
                       [17]
pdfTeX warning (ext4): destination with the same identifier (name{theorem.1}) h
as been already used, duplicate ignored
<to be read again> 
                   \relax 
l.603 T
       he minimum average bits per symbol from an ensemble $\{S_i, p_i\}$ is
pdfTeX warning (ext4): destination with the same identifier (name{example.2}) h
as been already used, duplicate ignored
<to be read again> 
                   \relax 
l.610 F
       or $p_A = \tfrac{3}{4}$, $p_B = \tfrac{1}{4}$: $\sigma = -\tfrac{3}{4...

Underfull \vbox (badness 10000) has occurred while \output is active []

 [18]
pdfTeX warning (ext4): destination with the same identifier (name{definition.3}
) has been already used, duplicate ignored
<to be read again> 
                   \relax 
l.669 F
       or an ensemble $\{S_i, p_i\}_{i=1}^{N}$, the Shannon entropy (in bits...
[19]
pdfTeX warning (ext4): destination with the same identifier (name{formula.5}) h
as been already used, duplicate ignored
<to be read again> 
                   \relax 
l.692 \begin{equation}
                      ) (./ch2.tex [20]
Chapter 2.

pdfTeX warning (ext4): destination with the same identifier (name{definition.1}
) has been already used, duplicate ignored
<to be read again> 
                   \relax 
l.10 T
      emperature is the quantity equal for two objects in \emph{thermal equi...

pdfTeX warning (ext4): destination with the same identifier (name{definition.2}
) has been already used, duplicate ignored
<to be read again> 
                   \relax 
l.14 T
      he \textbf{relaxation time} is the characteristic time to reach therma...

pdfTeX warning (ext4): destination with the same identifier (name{fact.3}) has 
been already used, duplicate ignored
<to be read again> 
                   \relax 
l.20 I
      f $A$ is in thermal equilibrium with $C$, and $B$ is also in thermal e...

pdfTeX warning (ext4): destination with the same identifier (name{formula.2}) h
as been already used, duplicate ignored
<to be read again> 
                   \relax 
l.70 \begin{equation}
                     
Underfull \vbox (badness 10000) has occurred while \output is active []

 [21

]
pdfTeX warning (ext4): destination with the same identifier (name{example.3}) h
as been already used, duplicate ignored
<to be read again> 
                   \relax 
l.116 C
       onsider a thin atmospheric slab at height $z$, thickness $dz$, area $...

pdfTeX warning (ext4): destination with the same identifier (name{formula.4}) h
as been already used, duplicate ignored
<to be read again> 
                   \relax 
l.152 \begin{equation}
                      
Underfull \vbox (badness 10000) has occurred while \output is active []

 [22]
Underfull \vbox (badness 10000) has occurred while \output is active []

 [23]
pdfTeX warning (ext4): destination with the same identifier (name{formula.1}) h
as been already used, duplicate ignored
<to be read again> 
                   \relax 
l.194 \begin{equation}
                      
pdfTeX warning (ext4): destination with the same identifier (name{theorem.1}) h
as been already used, duplicate ignored
<to be read again> 
                   \relax 
l.207 I
       n classical thermal equilibrium at temperature $T$, the mean of any e...

Underfull \vbox (badness 10000) has occurred while \output is active []

 [24]
pdfTeX warning (ext4): destination with the same identifier (name{formula.2}) h
as been already used, duplicate ignored
<to be read again> 
                   \relax 
l.255 \begin{equation}
                      
pdfTeX warning (ext4): destination with the same identifier (name{definition.1}
) has been already used, duplicate ignored
<to be read again> 
                   \relax 
l.274 \textbf{Heat}
                    is energy flow driven by a temperature difference. \text...
[25]
pdfTeX warning (ext4): destination with the same identifier (name{formula.3}) h
as been already used, duplicate ignored
<to be read again> 
                   \relax 
l.343 \begin{equation}
                      
pdfTeX warning (ext4): destination with the same identifier (name{formula.5}) h
as been already used, duplicate ignored
<to be read again> 
                   \relax 
l.359 \begin{equation}
                       [26]
pdfTeX warning (ext4): destination with the same identifier (name{definition.7}
) has been already used, duplicate ignored
<to be read again> 
                   \relax 
l.428 T
       he specific latent heat $\ell = L/m$ ($\mathrm{J/kg}$) is the heat pe...

pdfTeX warning (ext4): destination with the same identifier (name{formula.1}) h
as been already used, duplicate ignored
<to be read again> 
                   \relax 
l.442 \begin{equation}
                       [27]
pdfTeX warning (ext4): destination with the same identifier (name{formula.2}) h
as been already used, duplicate ignored
<to be read again> 
                   \relax 
l.460 \begin{equation}
                      
pdfTeX warning (ext4): destination with the same identifier (name{definition.1}
) has been already used, duplicate ignored
<to be read again> 
                   \relax 
l.511 \begin{equation}
                      
Underfull \vbox (badness 10000) has occurred while \output is active []

 [28]
pdfTeX warning (ext4): destination with the same identifier (name{formula.2}) h
as been already used, duplicate ignored
<to be read again> 
                   \relax 
l.548 \begin{equation}
                      
pdfTeX warning (ext4): destination with the same identifier (name{formula.3}) h
as been already used, duplicate ignored
<to be read again> 
                   \relax 
l.560 \begin{equation}
                       [29]
pdfTeX warning (ext4): destination with the same identifier (name{formula.1}) h
as been already used, duplicate ignored
<to be read again> 
                   \relax 
l.612 \begin{equation}
                      
pdfTeX warning (ext4): destination with the same identifier (name{formula.2}) h
as been already used, duplicate ignored
<to be read again> 
                   \relax 
l.664 \begin{equation}
                       [30]
pdfTeX warning (ext4): destination with the same identifier (name{formula.3}) h
as been already used, duplicate ignored
<to be read again> 
                   \relax 
l.703 \begin{equation}
                      
pdfTeX warning (ext4): destination with the same identifier (name{formula.4}) h
as been already used, duplicate ignored
<to be read again> 
                   \relax 
l.712 \begin{equation}
                      ) (./ch3.tex [31] [32

]
Chapter 3.

pdfTeX warning (ext4): destination with the same identifier (name{definition.1}
) has been already used, duplicate ignored
<to be read again> 
                   \relax 
l.12 A
       \textbf{microstate} is a complete specification of the system. A \tex...

pdfTeX warning (ext4): destination with the same identifier (name{example.2}) h
as been already used, duplicate ignored
<to be read again> 
                   \relax 
l.21 T
      hree coins: ``two heads'' has $\Omega(3,2) = 3$ (HHT, HTH, THH); ``zer...

pdfTeX warning (ext4): destination with the same identifier (name{definition.3}
) has been already used, duplicate ignored
<to be read again> 
                   \relax 
l.25 I
      n an isolated system in thermal equilibrium, every accessible microsta...
[33]
pdfTeX warning (ext4): destination with the same identifier (name{formula.1}) h
as been already used, duplicate ignored
<to be read again> 
                   \relax 
l.73 \[
       
pdfTeX warning (ext4): destination with the same identifier (name{example.2}) h
as been already used, duplicate ignored
<to be read again> 
                   \relax 
l.79 C
      heck: $\Omega(4,5) = \binom{8}{5} = 56$.

Package hyperref Warning: Token not allowed in a PDF string (Unicode):
(hyperref)                removing `math shift' on input line 116.


Package hyperref Warning: Token not allowed in a PDF string (Unicode):
(hyperref)                removing `\gg' on input line 116.


Package hyperref Warning: Token not allowed in a PDF string (Unicode):
(hyperref)                removing `math shift' on input line 116.

[34]
pdfTeX warning (ext4): destination with the same identifier (name{formula.1}) h
as been already used, duplicate ignored
<to be read again> 
                   \relax 
l.126 F
       or $q \gg N$,

Package hyperref Warning: Token not allowed in a PDF string (Unicode):
(hyperref)                removing `math shift' on input line 132.


Package hyperref Warning: Token not allowed in a PDF string (Unicode):
(hyperref)                removing `\ll' on input line 132.


Package hyperref Warning: Token not allowed in a PDF string (Unicode):
(hyperref)                removing `math shift' on input line 132.


pdfTeX warning (ext4): destination with the same identifier (name{example.2}) h
as been already used, duplicate ignored
<to be read again> 
                   \relax 
l.142 T
       wo equal solids ($N$ oscillators each) sharing $q$ units in the high-...

pdfTeX warning (ext4): destination with the same identifier (name{formula.3}) h
as been already used, duplicate ignored
<to be read again> 
                   \relax 
l.153 \[
        

Package hyperref Warning: Token not allowed in a PDF string (Unicode):
(hyperref)                removing `math shift' on input line 167.


Package hyperref Warning: Token not allowed in a PDF string (Unicode):
(hyperref)                removing `superscript' on input line 167.


Package hyperref Warning: Token not allowed in a PDF string (Unicode):
(hyperref)                removing `math shift' on input line 167.


Underfull \vbox (badness 2875) has occurred while \output is active []

 [35]
pdfTeX warning (ext4): destination with the same identifier (name{formula.1}) h
as been already used, duplicate ignored
<to be read again> 
                   \relax 
l.179 \[
        

Package hyperref Warning: Token not allowed in a PDF string (Unicode):
(hyperref)                removing `math shift' on input line 184.


Package hyperref Warning: Token not allowed in a PDF string (Unicode):
(hyperref)                removing `superscript' on input line 184.


Package hyperref Warning: Token not allowed in a PDF string (Unicode):
(hyperref)                removing `math shift' on input line 184.


pdfTeX warning (ext4): destination with the same identifier (name{formula.2}) h
as been already used, duplicate ignored
<to be read again> 
                   \relax 
l.193 \[
        

Package hyperref Warning: Token not allowed in a PDF string (Unicode):
(hyperref)                removing `math shift' on input line 199.


Package hyperref Warning: Token not allowed in a PDF string (Unicode):
(hyperref)                removing `math shift' on input line 199.


pdfTeX warning (ext4): destination with the same identifier (name{formula.3}) h
as been already used, duplicate ignored
<to be read again> 
                   \relax 
l.203 \[
        

Package hyperref Warning: Token not allowed in a PDF string (Unicode):
(hyperref)                removing `math shift' on input line 213.


Package hyperref Warning: Token not allowed in a PDF string (Unicode):
(hyperref)                removing `math shift' on input line 213.

[36]
pdfTeX warning (ext4): destination with the same identifier (name{formula.1}) h
as been already used, duplicate ignored
<to be read again> 
                   \relax 
l.231 \[
        

Package hyperref Warning: Token not allowed in a PDF string (Unicode):
(hyperref)                removing `math shift' on input line 241.


Package hyperref Warning: Token not allowed in a PDF string (Unicode):
(hyperref)                removing `math shift' on input line 241.


Package hyperref Warning: Token not allowed in a PDF string (Unicode):
(hyperref)                removing `math shift' on input line 250.


Package hyperref Warning: Token not allowed in a PDF string (Unicode):
(hyperref)                removing `\ln' on input line 250.


Package hyperref Warning: Token not allowed in a PDF string (Unicode):
(hyperref)                removing `\Omega' on input line 250.


Package hyperref Warning: Token not allowed in a PDF string (Unicode):
(hyperref)                removing `math shift' on input line 250.


pdfTeX warning (ext4): destination with the same identifier (name{definition.1}
) has been already used, duplicate ignored
<to be read again> 
                   \relax 
l.254 \[
        
pdfTeX warning (ext4): destination with the same identifier (name{theorem.2}) h
as been already used, duplicate ignored
<to be read again> 
                   \relax 
l.261 T
       he total entropy of an isolated system tends to increase, because a r...

pdfTeX warning (ext4): destination with the same identifier (name{formula.3}) h
as been already used, duplicate ignored
<to be read again> 
                   \relax 
l.272 \[
         [37]
pdfTeX warning (ext4): destination with the same identifier (name{formula.4}) h
as been already used, duplicate ignored
<to be read again> 
                   \relax 
l.329 \[
        
Underfull \vbox (badness 4378) has occurred while \output is active []

 [38]
pdfTeX warning (ext4): destination with the same identifier (name{definition.1}
) has been already used, duplicate ignored
<to be read again> 
                   \relax 
l.380 \[
        
pdfTeX warning (ext4): destination with the same identifier (name{formula.2}) h
as been already used, duplicate ignored
<to be read again> 
                   \relax 
l.389 \[
        
pdfTeX warning (ext4): destination with the same identifier (name{example.3}) h
as been already used, duplicate ignored
<to be read again> 
                   \relax 
l.397 F
       rom the Sackur-Tetrode entropy, $S \propto \tfrac{3}{2}Nk\ln U$:

Package hyperref Warning: Token not allowed in a PDF string (Unicode):
(hyperref)                removing `math shift' on input line 410.


Package hyperref Warning: Token not allowed in a PDF string (Unicode):
(hyperref)                removing `\mathchar' on input line 410.


Package hyperref Warning: Token not allowed in a PDF string (Unicode):
(hyperref)                removing `\mkern' on input line 410.


Package hyperref Warning: Token not allowed in a PDF string (Unicode):
(hyperref)                removing `math shift' on input line 410.


pdfTeX warning (ext4): destination with the same identifier (name{formula.4}) h
as been already used, duplicate ignored
<to be read again> 
                   \relax 
l.414 \[
         [39]
pdfTeX warning (ext4): destination with the same identifier (name{formula.1}) h
as been already used, duplicate ignored
<to be read again> 
                   \relax 
l.443 \[
        
pdfTeX warning (ext4): destination with the same identifier (name{formula.2}) h
as been already used, duplicate ignored
<to be read again> 
                   \relax 
l.457 \[
        
pdfTeX warning (ext4): destination with the same identifier (name{example.3}) h
as been already used, duplicate ignored
<to be read again> 
                   \relax 
l.466 A
       t $kT \ll \mu B$: $\tanh \to 1$, so $U \to -N\mu B$ and $M \to N\mu$ ...

Underfull \vbox (badness 1418) has occurred while \output is active []

 [40])
(./ch4.tex [41] [42

]
Chapter 4.

pdfTeX warning (ext4): destination with the same identifier (name{theorem.1}) h
as been already used, duplicate ignored
<to be read again> 
                   \relax 
l.12 T
      he entropy of an isolated system never decreases: [43]
pdfTeX warning (ext4): destination with the same identifier (name{example.2}) h
as been already used, duplicate ignored
<to be read again> 
                   \relax 
l.63 I
      n free expansion, $N$ atoms confined to the left half of an insulated ...

pdfTeX warning (ext4): destination with the same identifier (name{formula.3}) h
as been already used, duplicate ignored
<to be read again> 
                   \relax 
l.66 \[
       
pdfTeX warning (ext4): destination with the same identifier (name{fact.4}) has 
been already used, duplicate ignored
<to be read again> 
                   \relax 
l.75 I
      solated systems may only increase entropy. Fluctuations away from maxi...

pdfTeX warning (ext4): destination with the same identifier (name{definition.5}
) has been already used, duplicate ignored
<to be read again> 
                   \relax 
l.81 T
      he time average of any macroscopic observable equals the ensemble aver...

pdfTeX warning (ext4): destination with the same identifier (name{definition.6}
) has been already used, duplicate ignored
<to be read again> 
                   \relax 
l.92 A
      n \textbf{irreversible} process increases the total entropy of the uni...
[44]
pdfTeX warning (ext4): destination with the same identifier (name{formula.1}) h
as been already used, duplicate ignored
<to be read again> 
                   \relax 
l.128 \[
        
pdfTeX warning (ext4): destination with the same identifier (name{formula.2}) h
as been already used, duplicate ignored
<to be read again> 
                   \relax 
l.140 \[
        
pdfTeX warning (ext4): destination with the same identifier (name{formula.3}) h
as been already used, duplicate ignored
<to be read again> 
                   \relax 
l.149 \[
        
pdfTeX warning (ext4): destination with the same identifier (name{formula.4}) h
as been already used, duplicate ignored
<to be read again> 
                   \relax 
l.159 \[
         [45]
pdfTeX warning (ext4): destination with the same identifier (name{theorem.1}) h
as been already used, duplicate ignored
<to be read again> 
                   \relax 
l.209 T
       he following statements are equivalent: [46]
pdfTeX warning (ext4): destination with the same identifier (name{definition.1}
) has been already used, duplicate ignored
<to be read again> 
                   \relax 
l.261 A
        heat engine operates cyclically, absorbing heat $Q_+$ from a reservo...

pdfTeX warning (ext4): destination with the same identifier (name{definition.2}
) has been already used, duplicate ignored
<to be read again> 
                   \relax 
l.296 \[
         [47]
pdfTeX warning (ext4): destination with the same identifier (name{formula.3}) h
as been already used, duplicate ignored
<to be read again> 
                   \relax 
l.400 \[
        
pdfTeX warning (ext4): destination with the same identifier (name{formula.4}) h
as been already used, duplicate ignored
<to be read again> 
                   \relax 
l.408 \[
         [48]
pdfTeX warning (ext4): destination with the same identifier (name{example.5}) h
as been already used, duplicate ignored
<to be read again> 
                   \relax 
l.414 W
       ith $T_+ = 600\ \text{K}$ and $T_- = 300\ \text{K}$: $\eta_\text{Carn...

pdfTeX warning (ext4): destination with the same identifier (name{definition.1}
) has been already used, duplicate ignored
<to be read again> 
                   \relax 
l.467 \[
         [49]
pdfTeX warning (ext4): destination with the same identifier (name{example.2}) h
as been already used, duplicate ignored
<to be read again> 
                   \relax 
l.473 F
       or $T_+ \approx 308\ \text{K}$, $T_- \approx 278\ \text{K}$: ideal CO...

pdfTeX warning (ext4): destination with the same identifier (name{definition.3}
) has been already used, duplicate ignored
<to be read again> 
                   \relax 
l.477 \[
        
pdfTeX warning (ext4): destination with the same identifier (name{example.4}) h
as been already used, duplicate ignored
<to be read again> 
                   \relax 
l.485 F
       or $T_+ = 293\ \text{K}$, $T_- = 268\ \text{K}$: ideal COP $\approx 1...
[50]
pdfTeX warning (ext4): destination with the same identifier (name{formula.1}) h
as been already used, duplicate ignored
<to be read again> 
                   \relax 
l.588 \[
        
pdfTeX warning (ext4): destination with the same identifier (name{example.2}) h
as been already used, duplicate ignored
<to be read again> 
                   \relax 
l.594 D
       espite lower efficiency, the Stirling engine can produce more net wor...

Package hyperref Warning: Token not allowed in a PDF string (Unicode):
(hyperref)                removing `math shift' on input line 597.


Package hyperref Warning: Token not allowed in a PDF string (Unicode):
(hyperref)                removing `\eta' on input line 597.


Package hyperref Warning: Token not allowed in a PDF string (Unicode):
(hyperref)                removing `subscript' on input line 597.


Package hyperref Warning: Token not allowed in a PDF string (Unicode):
(hyperref)                removing `\eta' on input line 597.


Package hyperref Warning: Token not allowed in a PDF string (Unicode):
(hyperref)                removing `subscript' on input line 597.


Package hyperref Warning: Token not allowed in a PDF string (Unicode):
(hyperref)                removing `math shift' on input line 597.


pdfTeX warning (ext4): destination with the same identifier (name{theorem.3}) h
as been already used, duplicate ignored
<to be read again> 
                   \relax 
l.689 A
        Stirling engine with a perfect regenerator achieves the Carnot effic...
[51]) (./ch5.tex [52]
Chapter 5.

pdfTeX warning (ext4): destination with the same identifier (name{definition.1}
) has been already used, duplicate ignored
<to be read again> 
                   \relax 
l.45 \begin{equation}
                     
pdfTeX warning (ext4): destination with the same identifier (name{formula.2}) h
as been already used, duplicate ignored
<to be read again> 
                   \relax 
l.52 \begin{equation}
                     
pdfTeX warning (ext4): destination with the same identifier (name{fact.3}) has 
been already used, duplicate ignored
<to be read again> 
                   \relax 
l.59 A
      t fixed $T$ and $V$ with no external work, the system evolves to minim...
[53

]
pdfTeX warning (ext4): destination with the same identifier (name{definition.4}
) has been already used, duplicate ignored
<to be read again> 
                   \relax 
l.72 \begin{equation}
                     
pdfTeX warning (ext4): destination with the same identifier (name{formula.5}) h
as been already used, duplicate ignored
<to be read again> 
                   \relax 
l.79 \begin{equation}
                     
pdfTeX warning (ext4): destination with the same identifier (name{definition.1}
) has been already used, duplicate ignored
<to be read again> 
                   \relax 
l.94 \begin{equation}
                      [54]
pdfTeX warning (ext4): destination with the same identifier (name{theorem.1}) h
as been already used, duplicate ignored
<to be read again> 
                   \relax 
l.131 \begin{align}
                   
pdfTeX warning (ext4): destination with the same identifier (name{example.2}) h
as been already used, duplicate ignored
<to be read again> 
                   \relax 
l.145 F
       rom $dU = T\,dS - P\,dV$, dividing by $dV$ at constant $T$:
pdfTeX warning (ext4): destination with the same identifier (name{formula.3}) h
as been already used, duplicate ignored
<to be read again> 
                   \relax 
l.152 \begin{equation}
                      
Underfull \vbox (badness 10000) has occurred while \output is active []

 [55]
pdfTeX warning (ext4): destination with the same identifier (name{example.1}) h
as been already used, duplicate ignored
<to be read again> 
                   \relax 
l.163 A
        hydrogen fuel cell at fixed $T$ and $P$ converts chemical energy to ...
) (./ch6.tex [56]
Chapter 6.

pdfTeX warning (ext4): destination with the same identifier (name{formula.1}) h
as been already used, duplicate ignored
<to be read again> 
                   \relax 
l.36 \begin{equation}
                     
pdfTeX warning (ext4): destination with the same identifier (name{formula.2}) h
as been already used, duplicate ignored
<to be read again> 
                   \relax 
l.47 \begin{equation}
                     
Underfull \vbox (badness 5726) has occurred while \output is active []

 [57

]
pdfTeX warning (ext4): destination with the same identifier (name{definition.3}
) has been already used, duplicate ignored
<to be read again> 
                   \relax 
l.59 T
      he \textbf{canonical ensemble} assigns probability $P_j = e^{-\beta E_...

pdfTeX warning (ext4): destination with the same identifier (name{formula.1}) h
as been already used, duplicate ignored
<to be read again> 
                   \relax 
l.69 \begin{equation}
                     
pdfTeX warning (ext4): destination with the same identifier (name{formula.2}) h
as been already used, duplicate ignored
<to be read again> 
                   \relax 
l.84 \begin{equation}
                     
pdfTeX warning (ext4): destination with the same identifier (name{formula.3}) h
as been already used, duplicate ignored
<to be read again> 
                   \relax 
l.93 \begin{equation}
                     
pdfTeX warning (ext4): destination with the same identifier (name{formula.4}) h
as been already used, duplicate ignored
<to be read again> 
                   \relax 
l.105 \begin{equation}
                       [58]
pdfTeX warning (ext4): destination with the same identifier (name{formula.5}) h
as been already used, duplicate ignored
<to be read again> 
                   \relax 
l.115 \begin{equation}
                      
pdfTeX warning (ext4): destination with the same identifier (name{example.1}) h
as been already used, duplicate ignored
<to be read again> 
                   \relax 
l.157 A
        spin-$\tfrac{1}{2}$ particle in field $B$ has levels $E_{1,2} = \mp\...

Underfull \vbox (badness 1466) has occurred while \output is active []

 [59]
pdfTeX warning (ext4): destination with the same identifier (name{formula.1}) h
as been already used, duplicate ignored
<to be read again> 
                   \relax 
l.222 \begin{equation}
                      
Underfull \vbox (badness 10000) has occurred while \output is active []

 [60]
pdfTeX warning (ext4): destination with the same identifier (name{formula.2}) h
as been already used, duplicate ignored
<to be read again> 
                   \relax 
l.233 \begin{equation}
                      
pdfTeX warning (ext4): destination with the same identifier (name{formula.3}) h
as been already used, duplicate ignored
<to be read again> 
                   \relax 
l.245 \begin{equation}
                      
pdfTeX warning (ext4): destination with the same identifier (name{formula.1}) h
as been already used, duplicate ignored
<to be read again> 
                   \relax 
l.266 \begin{equation}
                      
pdfTeX warning (ext4): destination with the same identifier (name{formula.2}) h
as been already used, duplicate ignored
<to be read again> 
                   \relax 
l.279 \begin{equation}
                       [61]
pdfTeX warning (ext4): destination with the same identifier (name{formula.1}) h
as been already used, duplicate ignored
<to be read again> 
                   \relax 
l.332 \begin{equation}
                      
pdfTeX warning (ext4): destination with the same identifier (name{example.2}) h
as been already used, duplicate ignored
<to be read again> 
                   \relax 
l.342 \textbf{Low-$T$:}
                        $\bar{n} \approx e^{-\beta\hbar\omega} \to 0$; all m...
[62]
pdfTeX warning (ext4): destination with the same identifier (name{fact.3}) has 
been already used, duplicate ignored
<to be read again> 
                   \relax 
l.358 \textbf{Dulong--Petit Law.}
                                  At high $T$, $C_V \to 3Nk_B = 3R$ per mole.
pdfTeX warning (ext4): destination with the same identifier (name{example.1}) h
as been already used, duplicate ignored
<to be read again> 
                   \relax 
l.364 $
       N$ classical indistinguishable ultrarelativistic particles ($E = c|\v...
) (./ch7.tex [63] [64

]
Chapter 7.

pdfTeX warning (ext4): destination with the same identifier (name{definition.1}
) has been already used, duplicate ignored
<to be read again> 
                   \relax 
l.13 \textbf{Fermions}
                       have half-integer spin; their many-body wavefunction is
pdfTeX warning (ext4): destination with the same identifier (name{example.3}) h
as been already used, duplicate ignored
<to be read again> 
                   \relax 
l.42 T
      hree bosons among harmonic oscillator levels with energies $(k+\tfrac{...

Underfull \vbox (badness 10000) has occurred while \output is active []

 [65]
pdfTeX warning (ext4): destination with the same identifier (name{definition.1}
) has been already used, duplicate ignored
<to be read again> 
                   \relax 
l.94 T
      he system exchanges energy and particles with a reservoir at temperatu...

pdfTeX warning (ext4): destination with the same identifier (name{formula.2}) h
as been already used, duplicate ignored
<to be read again> 
                   \relax 
l.140 \begin{equation}
                      
pdfTeX warning (ext4): destination with the same identifier (name{definition.3}
) has been already used, duplicate ignored
<to be read again> 
                   \relax 
l.147 \begin{equation}
                       [66]
pdfTeX warning (ext4): destination with the same identifier (name{definition.4}
) has been already used, duplicate ignored
<to be read again> 
                   \relax 
l.155 \begin{equation}
                      
pdfTeX warning (ext4): destination with the same identifier (name{formula.5}) h
as been already used, duplicate ignored
<to be read again> 
                   \relax 
l.162 \begin{equation}
                      
Underfull \vbox (badness 1184) has occurred while \output is active []

 [67]
pdfTeX warning (ext4): destination with the same identifier (name{formula.1}) h
as been already used, duplicate ignored
<to be read again> 
                   \relax 
l.236 \begin{equation}
                      
pdfTeX warning (ext4): destination with the same identifier (name{formula.2}) h
as been already used, duplicate ignored
<to be read again> 
                   \relax 
l.243 \textbf{Fermi--Dirac distribution:}
                                         
pdfTeX warning (ext4): destination with the same identifier (name{formula.3}) h
as been already used, duplicate ignored
<to be read again> 
                   \relax 
l.260 \begin{equation}
                      
pdfTeX warning (ext4): destination with the same identifier (name{formula.4}) h
as been already used, duplicate ignored
<to be read again> 
                   \relax 
l.267 \textbf{Bose--Einstein distribution:}
                                           
Underfull \vbox (badness 2088) has occurred while \output is active []

 [68]
pdfTeX warning (ext4): destination with the same identifier (name{definition.5}
) has been already used, duplicate ignored
<to be read again> 
                   \relax 
l.279 A
        gas is \emph{quantum degenerate} when
Underfull \vbox (badness 10000) has occurred while \output is active []

 [69]
Underfull \vbox (badness 10000) has occurred while \output is active []

 [70]
pdfTeX warning (ext4): destination with the same identifier (name{formula.1}) h
as been already used, duplicate ignored
<to be read again> 
                   \relax 
l.340 \begin{equation}
                      
pdfTeX warning (ext4): destination with the same identifier (name{definition.2}
) has been already used, duplicate ignored
<to be read again> 
                   \relax 
l.350 \begin{equation}
                      
pdfTeX warning (ext4): destination with the same identifier (name{formula.3}) h
as been already used, duplicate ignored
<to be read again> 
                   \relax 
l.374 ...og-partition function of the photon gas:}
                                                   [71]
pdfTeX warning (ext4): destination with the same identifier (name{fact.4}) has 
been already used, duplicate ignored
<to be read again> 
                   \relax 
l.395 \textbf{Riemann zeta function:}
                                      $\int_0^\infty x^s (e^x - 1)^{-1}\,dx ...

pdfTeX warning (ext4): destination with the same identifier (name{formula.5}) h
as been already used, duplicate ignored
<to be read again> 
                   \relax 
l.404 \textbf{Stefan's $T^4$ law:}
                                  
pdfTeX warning (ext4): destination with the same identifier (name{formula.6}) h
as been already used, duplicate ignored
<to be read again> 
                   \relax 
l.416 \textbf{Entropy of the photon gas:}
                                          [72]
pdfTeX warning (ext4): destination with the same identifier (name{example.9}) h
as been already used, duplicate ignored
<to be read again> 
                   \relax 
l.454 S
       un: $T_0 \approx 5772\,\text{K}$, $R_\odot \approx 6.96\times 10^8\,\...

pdfTeX warning (ext4): destination with the same identifier (name{formula.10}) 
has been already used, duplicate ignored
<to be read again> 
                   \relax 
l.463 ...rth's radiative equilibrium temperature:}
                                                   [73] [74]) [75
pdfTeX warning (ext4): destination with the same identifier (name{fact.1}) has 
been already used, duplicate ignored
<argument> ...shipout:D \box_use:N \l_shipout_box 
                                                  \__shipout_drop_firstpage_...
l.121 \end{document}
                    ] (./main.aux)
 ***********
LaTeX2e <2025-11-01>
L3 programming layer <2026-01-19>
 ***********
Package rerunfilecheck Info: File `main.out' has not changed.
(rerunfilecheck)             Checksum: 20D6B3B859A1CD592D6CB335496D424A;34563.
 ) 
Here is how much of TeX's memory you used:
 41269 strings out of 469515
 938019 string characters out of 5470807
 1480473 words of memory out of 5000000
 68623 multiletter control sequences out of 15000+600000
 648383 words of font info for 114 fonts, out of 8000000 for 9000
 14 hyphenation exceptions out of 8191
 98i,14n,108p,725b,2484s stack positions out of 10000i,1000n,20000p,200000b,200000s
</usr/share/texmf-dist/fonts/type1/public/amsfonts/cm/cmbx10.pfb></usr/share/
texmf-dist/fonts/type1/public/amsfonts/cm/cmbx12.pfb></usr/share/texmf-dist/fon
ts/type1/public/amsfonts/cm/cmbx8.pfb></usr/share/texmf-dist/fonts/type1/public
/amsfonts/cm/cmbx9.pfb></usr/share/texmf-dist/fonts/type1/public/amsfonts/cm/cm
ex10.pfb></usr/share/texmf-dist/fonts/type1/public/amsfonts/cmextra/cmex9.pfb><
/usr/share/texmf-dist/fonts/type1/public/amsfonts/cm/cmmi10.pfb></usr/share/tex
mf-dist/fonts/type1/public/amsfonts/cm/cmmi12.pfb></usr/share/texmf-dist/fonts/
type1/public/amsfonts/cm/cmmi5.pfb></usr/share/texmf-dist/fonts/type1/public/am
sfonts/cm/cmmi6.pfb></usr/share/texmf-dist/fonts/type1/public/amsfonts/cm/cmmi7
.pfb></usr/share/texmf-dist/fonts/type1/public/amsfonts/cm/cmmi8.pfb></usr/shar
e/texmf-dist/fonts/type1/public/amsfonts/cm/cmmi9.pfb></usr/share/texmf-dist/fo
nts/type1/public/amsfonts/cm/cmr10.pfb></usr/share/texmf-dist/fonts/type1/publi
c/amsfonts/cm/cmr12.pfb></usr/share/texmf-dist/fonts/type1/public/amsfonts/cm/c
mr5.pfb></usr/share/texmf-dist/fonts/type1/public/amsfonts/cm/cmr6.pfb></usr/sh
are/texmf-dist/fonts/type1/public/amsfonts/cm/cmr7.pfb></usr/share/texmf-dist/f
onts/type1/public/amsfonts/cm/cmr8.pfb></usr/share/texmf-dist/fonts/type1/publi
c/amsfonts/cm/cmr9.pfb></usr/share/texmf-dist/fonts/type1/public/amsfonts/cm/cm
sl10.pfb></usr/share/texmf-dist/fonts/type1/public/amsfonts/cm/cmsy10.pfb></usr
/share/texmf-dist/fonts/type1/public/amsfonts/cm/cmsy5.pfb></usr/share/texmf-di
st/fonts/type1/public/amsfonts/cm/cmsy6.pfb></usr/share/texmf-dist/fonts/type1/
public/amsfonts/cm/cmsy7.pfb></usr/share/texmf-dist/fonts/type1/public/amsfonts
/cm/cmsy9.pfb></usr/share/texmf-dist/fonts/type1/public/amsfonts/cm/cmti10.pfb>
</usr/share/texmf-dist/fonts/type1/public/amsfonts/cm/cmti7.pfb></usr/share/tex
mf-dist/fonts/type1/public/amsfonts/cm/cmti9.pfb></usr/share/texmf-dist/fonts/t
ype1/public/amsfonts/symbols/msam10.pfb></usr/share/texmf-dist/fonts/type1/publ
ic/amsfonts/symbols/msbm10.pfb></usr/share/texmf-dist/fonts/type1/public/amsfon
ts/symbols/msbm7.pfb>
Output written on main.pdf (75 pages, 731613 bytes).
PDF statistics:
 1843 PDF objects out of 2073 (max. 8388607)
 1684 compressed objects within 17 object streams
 668 named destinations out of 1000 (max. 500000)
 1233 words of extra memory for PDF output out of 10000 (max. 10000000)

