\BOOKMARK [0][-]{chapter.1}{\376\377\000K\000i\000n\000e\000m\000a\000t\000i\000c\000s}{}% 1
\BOOKMARK [1][-]{section.1.1}{\376\377\000P\000o\000s\000i\000t\000i\000o\000n\000\040\000a\000n\000d\000\040\000D\000i\000s\000p\000l\000a\000c\000e\000m\000e\000n\000t}{chapter.1}% 2
\BOOKMARK [1][-]{section.1.2}{\376\377\000V\000e\000l\000o\000c\000i\000t\000y\000\040\000a\000n\000d\000\040\000A\000c\000c\000e\000l\000e\000r\000a\000t\000i\000o\000n}{chapter.1}% 3
\BOOKMARK [1][-]{section.1.3}{\376\377\000M\000o\000t\000i\000o\000n\000\040\000i\000n\000\040\000S\000e\000v\000e\000r\000a\000l\000\040\000D\000i\000m\000e\000n\000s\000i\000o\000n\000s}{chapter.1}% 4
\BOOKMARK [1][-]{section.1.4}{\376\377\000F\000o\000r\000m\000a\000l\000\040\000S\000o\000l\000u\000t\000i\000o\000n\000s\000\040\000t\000o\000\040\000t\000h\000e\000\040\000K\000i\000n\000e\000m\000a\000t\000i\000c\000\040\000E\000q\000u\000a\000t\000i\000o\000n}{chapter.1}% 5
\BOOKMARK [1][-]{section.1.5}{\376\377\000R\000o\000t\000a\000t\000i\000n\000g\000\040\000V\000e\000c\000t\000o\000r\000s\000\040\000a\000n\000d\000\040\000A\000c\000c\000e\000l\000e\000r\000a\000t\000i\000o\000n}{chapter.1}% 6
\BOOKMARK [1][-]{section.1.6}{\376\377\000M\000o\000t\000i\000o\000n\000\040\000i\000n\000\040\000P\000o\000l\000a\000r\000\040\000C\000o\000o\000r\000d\000i\000n\000a\000t\000e\000s}{chapter.1}% 7
\BOOKMARK [0][-]{chapter.2}{\376\377\000N\000e\000w\000t\000o\000n\000'\000s\000\040\000L\000a\000w\000s\000\040\000o\000f\000\040\000M\000o\000t\000i\000o\000n}{}% 8
\BOOKMARK [1][-]{section.2.1}{\376\377\000N\000e\000w\000t\000o\000n\000'\000s\000\040\000F\000i\000r\000s\000t\000\040\000L\000a\000w}{chapter.2}% 9
\BOOKMARK [1][-]{section.2.2}{\376\377\000M\000a\000s\000s\000,\000\040\000F\000o\000r\000c\000e\000,\000\040\000a\000n\000d\000\040\000N\000e\000w\000t\000o\000n\000'\000s\000\040\000S\000e\000c\000o\000n\000d\000\040\000L\000a\000w}{chapter.2}% 10
\BOOKMARK [1][-]{section.2.3}{\376\377\000N\000e\000w\000t\000o\000n\000'\000s\000\040\000T\000h\000i\000r\000d\000\040\000L\000a\000w\000\040\000o\000f\000\040\000M\000o\000t\000i\000o\000n}{chapter.2}% 11
\BOOKMARK [1][-]{section.2.4}{\376\377\000F\000i\000c\000t\000i\000t\000i\000o\000u\000s\000\040\000F\000o\000r\000c\000e\000s}{chapter.2}% 12
\BOOKMARK [1][-]{section.2.5}{\376\377\000A\000p\000p\000l\000y\000i\000n\000g\000\040\000N\000e\000w\000t\000o\000n\000'\000s\000\040\000L\000a\000w\000s}{chapter.2}% 13
\BOOKMARK [0][-]{chapter.3}{\376\377\000F\000o\000r\000c\000e\000s\000\040\000a\000n\000d\000\040\000E\000q\000u\000a\000t\000i\000o\000n\000s\000\040\000o\000f\000\040\000M\000o\000t\000i\000o\000n}{}% 14
\BOOKMARK [1][-]{section.3.1}{\376\377\000G\000r\000a\000v\000i\000t\000a\000t\000i\000o\000n\000a\000l\000\040\000F\000o\000r\000c\000e\000s\000,\000\040\000A\000c\000c\000e\000l\000e\000r\000a\000t\000i\000o\000n\000\040\000d\000u\000e\000\040\000t\000o\000\040\000G\000r\000a\000v\000i\000t\000y\000,\000\040\000a\000n\000d\000\040\000W\000e\000i\000g\000h\000t}{chapter.3}% 15
\BOOKMARK [1][-]{section.3.2}{\376\377\000I\000n\000c\000l\000i\000n\000e\000d\000\040\000P\000l\000a\000n\000e\000\040\000\050\000c\000o\000n\000t\000i\000n\000u\000e\000d\000\051}{chapter.3}% 16
\BOOKMARK [1][-]{section.3.3}{\376\377\000A\000t\000w\000o\000o\000d\000\040\000M\000a\000c\000h\000i\000n\000e}{chapter.3}% 17
\BOOKMARK [1][-]{section.3.4}{\376\377\000P\000o\000l\000a\000r\000\040\000C\000o\000o\000r\000d\000i\000n\000a\000t\000e\000s\000\040\000E\000x\000a\000m\000p\000l\000e}{chapter.3}% 18
\BOOKMARK [0][-]{chapter.4}{\376\377\000F\000o\000r\000c\000e\000s}{}% 19
\BOOKMARK [1][-]{section.4.1}{\376\377\000F\000r\000i\000c\000t\000i\000o\000n}{chapter.4}% 20
\BOOKMARK [2][-]{subsection.4.1.1}{\376\377\000T\000y\000p\000e\000s\000\040\000o\000f\000\040\000F\000r\000i\000c\000t\000i\000o\000n}{section.4.1}% 21
\BOOKMARK [0][-]{chapter.5}{\376\377\000D\000i\000m\000e\000n\000s\000i\000o\000n\000a\000l\000\040\000A\000n\000a\000l\000y\000s\000i\000s\000\040\000a\000n\000d\000\040\000O\000r\000d\000e\000r\000-\000o\000f\000-\000M\000a\000g\000n\000i\000t\000u\000d\000e\000\040\000E\000s\000t\000i\000m\000a\000t\000e\000s}{}% 22
\BOOKMARK [1][-]{section.5.1}{\376\377\000D\000i\000m\000e\000n\000s\000i\000o\000n\000a\000l\000\040\000A\000n\000a\000l\000y\000s\000i\000s}{chapter.5}% 23
\BOOKMARK [1][-]{section.5.2}{\376\377\000O\000r\000d\000e\000r\000-\000o\000f\000-\000M\000a\000g\000n\000i\000t\000u\000d\000e\000\040\000/\000\040\000B\000a\000c\000k\000-\000o\000f\000-\000t\000h\000e\000-\000E\000n\000v\000e\000l\000o\000p\000e\000\040\000E\000s\000t\000i\000m\000a\000t\000e\000s}{chapter.5}% 24
\BOOKMARK [1][-]{section.5.3}{\376\377\000G\000r\000a\000v\000i\000t\000y\000\040\000\050\000N\000e\000w\000t\000o\000n\000'\000s\000\040\000L\000a\000w\000\040\000o\000f\000\040\000G\000r\000a\000v\000i\000t\000a\000t\000i\000o\000n\000\051}{chapter.5}% 25
\BOOKMARK [2][-]{subsection.5.3.1}{\376\377\000S\000h\000e\000l\000l\000\040\000T\000h\000e\000o\000r\000e\000m\000\040\000R\000e\000s\000u\000l\000t\000s}{section.5.3}% 26
\BOOKMARK [2][-]{subsection.5.3.2}{\376\377\000A\000d\000d\000i\000t\000i\000o\000n\000a\000l\000\040\000N\000o\000t\000e\000s\000\040\000o\000n\000\040\000G\000r\000a\000v\000i\000t\000y}{section.5.3}% 27
\BOOKMARK [1][-]{section.5.4}{\376\377\000E\000q\000u\000i\000v\000a\000l\000e\000n\000c\000e\000\040\000P\000r\000i\000n\000c\000i\000p\000l\000e}{chapter.5}% 28
\BOOKMARK [1][-]{section.5.5}{\376\377\000E\000l\000e\000c\000t\000r\000o\000s\000t\000a\000t\000i\000c\000\040\000F\000o\000r\000c\000e}{chapter.5}% 29
\BOOKMARK [1][-]{section.5.6}{\376\377\000P\000h\000e\000n\000o\000m\000e\000n\000o\000l\000o\000g\000i\000c\000a\000l\000\040\000F\000o\000r\000c\000e\000s}{chapter.5}% 30
\BOOKMARK [2][-]{subsection.5.6.1}{\376\377\000C\000o\000n\000t\000a\000c\000t\000\040\000F\000o\000r\000c\000e\000s}{section.5.6}% 31
\BOOKMARK [2][-]{subsection.5.6.2}{\376\377\000T\000e\000n\000s\000i\000o\000n}{section.5.6}% 32
\BOOKMARK [0][-]{chapter.6}{\376\377\000S\000p\000r\000i\000n\000g\000\040\000F\000o\000r\000c\000e\000\040\000a\000n\000d\000\040\000S\000i\000m\000p\000l\000e\000\040\000H\000a\000r\000m\000o\000n\000i\000c\000\040\000M\000o\000t\000i\000o\000n}{}% 33
\BOOKMARK [1][-]{section.6.1}{\376\377\000H\000o\000o\000k\000e\000'\000s\000\040\000L\000a\000w}{chapter.6}% 34
\BOOKMARK [2][-]{subsection.6.1.1}{\376\377\000S\000o\000l\000v\000i\000n\000g\000\040\000t\000h\000e\000\040\000E\000q\000u\000a\000t\000i\000o\000n\000\040\000o\000f\000\040\000M\000o\000t\000i\000o\000n}{section.6.1}% 35
\BOOKMARK [1][-]{section.6.2}{\376\377\000E\000x\000a\000m\000p\000l\000e\000s\000\040\000o\000f\000\040\000S\000i\000m\000p\000l\000e\000\040\000H\000a\000r\000m\000o\000n\000i\000c\000\040\000M\000o\000t\000i\000o\000n}{chapter.6}% 36
\BOOKMARK [1][-]{section.6.3}{\376\377\000A\000d\000d\000i\000n\000g\000\040\000S\000p\000r\000i\000n\000g\000s}{chapter.6}% 37
\BOOKMARK [2][-]{subsection.6.3.1}{\376\377\000S\000p\000r\000i\000n\000g\000s\000\040\000i\000n\000\040\000S\000e\000r\000i\000e\000s}{section.6.3}% 38
\BOOKMARK [2][-]{subsection.6.3.2}{\376\377\000S\000p\000r\000i\000n\000g\000s\000\040\000i\000n\000\040\000P\000a\000r\000a\000l\000l\000e\000l}{section.6.3}% 39
\BOOKMARK [2][-]{subsection.6.3.3}{\376\377\000H\000o\000o\000k\000e\000'\000s\000\040\000L\000a\000w\000\040\000R\000e\000v\000i\000s\000i\000t\000e\000d}{section.6.3}% 40
\BOOKMARK [1][-]{section.6.4}{\376\377\000B\000l\000o\000c\000k\000\040\000o\000n\000\040\000B\000l\000o\000c\000k\000\040\000w\000i\000t\000h\000\040\000F\000r\000i\000c\000t\000i\000o\000n}{chapter.6}% 41
\BOOKMARK [1][-]{section.6.5}{\376\377\000S\000y\000n\000c\000h\000r\000o\000n\000o\000u\000s\000\040\000O\000r\000b\000i\000t}{chapter.6}% 42
\BOOKMARK [0][-]{chapter.7}{\376\377\000M\000o\000m\000e\000n\000t\000u\000m\000,\000\040\000I\000m\000p\000u\000l\000s\000e\000,\000\040\000a\000n\000d\000\040\000V\000a\000r\000i\000a\000b\000l\000e\000-\000M\000a\000s\000s\000\040\000S\000y\000s\000t\000e\000m\000s}{}% 43
\BOOKMARK [1][-]{section.7.1}{\376\377\000E\000x\000a\000m\000p\000l\000e\000:\000\040\000V\000i\000s\000c\000o\000s\000i\000t\000y}{chapter.7}% 44
\BOOKMARK [2][-]{subsection.7.1.1}{\376\377\000S\000o\000l\000v\000i\000n\000g\000\040\000t\000h\000e\000\040\000V\000i\000s\000c\000o\000u\000s\000\040\000O\000D\000E\000\040\000\050\000N\000o\000\040\000G\000r\000a\000v\000i\000t\000y\000\051}{section.7.1}% 45
\BOOKMARK [2][-]{subsection.7.1.2}{\376\377\000C\000o\000n\000n\000e\000c\000t\000i\000o\000n\000\040\000t\000o\000\040\000D\000a\000m\000p\000e\000d\000\040\000O\000s\000c\000i\000l\000l\000a\000t\000o\000r}{section.7.1}% 46
\BOOKMARK [0][-]{chapter.8}{\376\377\000M\000o\000m\000e\000n\000t\000u\000m\000\040\000a\000n\000d\000\040\000S\000y\000s\000t\000e\000m\000s\000\040\000o\000f\000\040\000P\000a\000r\000t\000i\000c\000l\000e\000s}{}% 47
\BOOKMARK [1][-]{section.8.1}{\376\377\000M\000o\000m\000e\000n\000t\000u\000m}{chapter.8}% 48
\BOOKMARK [1][-]{section.8.2}{\376\377\000D\000y\000n\000a\000m\000i\000c\000s\000\040\000o\000f\000\040\000a\000\040\000S\000y\000s\000t\000e\000m\000\040\000o\000f\000\040\000P\000a\000r\000t\000i\000c\000l\000e\000s}{chapter.8}% 49
\BOOKMARK [1][-]{section.8.3}{\376\377\000C\000e\000n\000t\000e\000r\000\040\000o\000f\000\040\000M\000a\000s\000s}{chapter.8}% 50
\BOOKMARK [1][-]{section.8.4}{\376\377\000C\000o\000n\000t\000i\000n\000u\000o\000u\000s\000\040\000C\000e\000n\000t\000e\000r\000\040\000o\000f\000\040\000M\000a\000s\000s}{chapter.8}% 51
\BOOKMARK [1][-]{section.8.5}{\376\377\000C\000h\000o\000o\000s\000i\000n\000g\000\040\000C\000o\000o\000r\000d\000i\000n\000a\000t\000e\000s\000:\000\040\000C\000o\000M\000\040\000F\000r\000a\000m\000e}{chapter.8}% 52
\BOOKMARK [1][-]{section.8.6}{\376\377\000E\000x\000a\000m\000p\000l\000e\000:\000\040\000P\000u\000s\000h\000\040\000M\000e\000\040\000P\000u\000l\000l\000\040\000Y\000o\000u\000\040\000\050\000T\000w\000o\000\040\000E\000q\000u\000a\000l\000\040\000M\000a\000s\000s\000e\000s\000\040\000o\000n\000\040\000a\000\040\000S\000p\000r\000i\000n\000g\000\051}{chapter.8}% 53
\BOOKMARK [1][-]{section.8.7}{\376\377\000C\000o\000n\000s\000e\000r\000v\000a\000t\000i\000o\000n\000\040\000o\000f\000\040\000M\000o\000m\000e\000n\000t\000u\000m}{chapter.8}% 54
\BOOKMARK [0][-]{chapter.9}{\376\377\000D\000i\000f\000f\000e\000r\000e\000n\000t\000i\000a\000l\000\040\000E\000q\000u\000a\000t\000i\000o\000n\000s\000,\000\040\000O\000s\000c\000i\000l\000l\000a\000t\000o\000r\000s\000,\000\040\000a\000n\000d\000\040\000R\000e\000c\000i\000t\000a\000t\000i\000o\000n}{}% 55
\BOOKMARK [1][-]{section.9.1}{\376\377\000D\000i\000f\000f\000e\000r\000e\000n\000t\000i\000a\000l\000\040\000E\000q\000u\000a\000t\000i\000o\000n\000s}{chapter.9}% 56
\BOOKMARK [2][-]{subsection.9.1.1}{\376\377\000T\000y\000p\000e\000s\000\040\000o\000f\000\040\000D\000E\000s}{section.9.1}% 57
\BOOKMARK [1][-]{section.9.2}{\376\377\000C\000o\000n\000s\000e\000r\000v\000a\000t\000i\000o\000n\000\040\000o\000f\000\040\000M\000o\000m\000e\000n\000t\000u\000m}{chapter.9}% 58
\BOOKMARK [0][-]{chapter.10}{\376\377\000I\000m\000p\000u\000l\000s\000e}{}% 59
\BOOKMARK [1][-]{section.10.1}{\376\377\000I\000m\000p\000u\000l\000s\000e}{chapter.10}% 60
\BOOKMARK [1][-]{section.10.2}{\376\377\000M\000o\000m\000e\000n\000t\000u\000m\000\040\000a\000n\000d\000\040\000F\000l\000o\000w\000\040\000o\000f\000\040\000M\000a\000s\000s}{chapter.10}% 61
\BOOKMARK [1][-]{section.10.3}{\376\377\000R\000o\000c\000k\000e\000t\000\040\000M\000o\000t\000i\000o\000n}{chapter.10}% 62
\BOOKMARK [2][-]{subsection.10.3.1}{\376\377\000I\000n\000t\000e\000g\000r\000a\000t\000i\000n\000g\000\040\000t\000h\000e\000\040\000R\000o\000c\000k\000e\000t\000\040\000E\000q\000u\000a\000t\000i\000o\000n}{section.10.3}% 63
\BOOKMARK [0][-]{chapter.11}{\376\377\000M\000o\000m\000e\000n\000t\000u\000m\000\040\000F\000l\000o\000w\000,\000\040\000F\000o\000r\000c\000e\000,\000\040\000a\000n\000d\000\040\000W\000o\000r\000k\000-\000E\000n\000e\000r\000g\000y\000\040\000T\000h\000e\000o\000r\000e\000m}{}% 64
\BOOKMARK [1][-]{section.11.1}{\376\377\000M\000o\000m\000e\000n\000t\000u\000m\000\040\000F\000l\000o\000w\000\040\000a\000n\000d\000\040\000F\000o\000r\000c\000e}{chapter.11}% 65
\BOOKMARK [1][-]{section.11.2}{\376\377\000M\000o\000m\000e\000n\000t\000u\000m\000\040\000F\000l\000u\000x}{chapter.11}% 66
\BOOKMARK [0][-]{chapter.12}{\376\377\000W\000o\000r\000k\000\040\000a\000n\000d\000\040\000E\000n\000e\000r\000g\000y}{}% 67
\BOOKMARK [1][-]{section.12.1}{\376\377\000W\000o\000r\000k\000-\000E\000n\000e\000r\000g\000y\000\040\000T\000h\000e\000o\000r\000e\000m\000\040\000\050\000R\000e\000v\000i\000e\000w\000\051}{chapter.12}% 68
\BOOKMARK [1][-]{section.12.2}{\376\377\000D\000e\000f\000i\000n\000i\000t\000i\000o\000n\000s\000:\000\040\000E\000n\000e\000r\000g\000y}{chapter.12}% 69
\BOOKMARK [1][-]{section.12.3}{\376\377\000L\000i\000m\000i\000t\000a\000t\000i\000o\000n\000s\000\040\000o\000f\000\040\000t\000h\000e\000\040\000W\000o\000r\000k\000-\000E\000n\000e\000r\000g\000y\000\040\000T\000h\000e\000o\000r\000e\000m}{chapter.12}% 70
\BOOKMARK [0][-]{chapter.13}{\376\377\000M\000o\000m\000e\000n\000t\000u\000m\000\040\000F\000l\000o\000w\000\040\000a\000n\000d\000\040\000P\000r\000e\000s\000s\000u\000r\000e}{}% 71
\BOOKMARK [1][-]{section.13.1}{\376\377\000M\000o\000m\000e\000n\000t\000u\000m\000\040\000F\000l\000u\000x\000\040\000D\000e\000n\000s\000i\000t\000y}{chapter.13}% 72
\BOOKMARK [0][-]{chapter.14}{\376\377\000E\000n\000e\000r\000g\000y}{}% 73
\BOOKMARK [1][-]{section.14.1}{\376\377\000W\000o\000r\000k\040\023\000E\000n\000e\000r\000g\000y\000\040\000T\000h\000e\000o\000r\000e\000m\000\040\000i\000n\000\040\000O\000n\000e\000\040\000D\000i\000m\000e\000n\000s\000i\000o\000n}{chapter.14}% 74
\BOOKMARK [2][-]{subsection.14.1.1}{\376\377\000D\000e\000r\000i\000v\000a\000t\000i\000o\000n\000\040\000o\000f\000\040\000G\000P\000E\000\040\000n\000e\000a\000r\000\040\000E\000a\000r\000t\000h\000'\000s\000\040\000S\000u\000r\000f\000a\000c\000e}{section.14.1}% 75
\BOOKMARK [2][-]{subsection.14.1.2}{\376\377\000D\000e\000r\000i\000v\000a\000t\000i\000o\000n\000\040\000o\000f\000\040\000S\000p\000r\000i\000n\000g\000\040\000P\000o\000t\000e\000n\000t\000i\000a\000l\000\040\000E\000n\000e\000r\000g\000y}{section.14.1}% 76
\BOOKMARK [1][-]{section.14.2}{\376\377\000W\000o\000r\000k\000\040\000a\000n\000d\000\040\000E\000n\000e\000r\000g\000y}{chapter.14}% 77
\BOOKMARK [1][-]{section.14.3}{\376\377\000I\000n\000t\000e\000g\000r\000a\000t\000i\000n\000g\000\040\000M\000o\000t\000i\000o\000n\000\040\000i\000n\000\040\000S\000e\000v\000e\000r\000a\000l\000\040\000D\000i\000r\000e\000c\000t\000i\000o\000n\000s}{chapter.14}% 78
\BOOKMARK [1][-]{section.14.4}{\376\377\000A\000p\000p\000l\000y\000i\000n\000g\000\040\000t\000h\000e\000\040\000W\000o\000r\000k\040\023\000E\000n\000e\000r\000g\000y\000\040\000T\000h\000e\000o\000r\000e\000m}{chapter.14}% 79
\BOOKMARK [1][-]{section.14.5}{\376\377\000C\000o\000n\000s\000e\000r\000v\000a\000t\000i\000o\000n\000\040\000o\000f\000\040\000E\000n\000e\000r\000g\000y}{chapter.14}% 80
\BOOKMARK [1][-]{section.14.6}{\376\377\000E\000n\000e\000r\000g\000y\000\040\000D\000i\000a\000g\000r\000a\000m\000s}{chapter.14}% 81
\BOOKMARK [0][-]{chapter.15}{\376\377\000A\000d\000d\000i\000t\000i\000o\000n\000a\000l\000\040\000E\000n\000e\000r\000g\000y\000\040\000E\000x\000a\000m\000p\000l\000e\000s}{}% 82
\BOOKMARK [1][-]{section.15.1}{\376\377\000M\000i\000n\000i\000m\000u\000m\000\040\000H\000e\000i\000g\000h\000t\000\040\000f\000o\000r\000\040\000B\000a\000l\000l\000\040\000t\000o\000\040\000G\000o\000\040\000A\000r\000o\000u\000n\000d\000\040\000a\000\040\000L\000o\000o\000p}{chapter.15}% 83
\BOOKMARK [2][-]{subsection.15.1.1}{\376\377\000H\000i\000g\000g\000s\000\040\000P\000o\000t\000e\000n\000t\000i\000a\000l}{section.15.1}% 84
\BOOKMARK [1][-]{section.15.2}{\376\377\000I\000n\000t\000e\000g\000r\000a\000t\000i\000n\000g\000\040\000F\000\040\000d\000o\000t\000\040\000d\000r}{chapter.15}% 85
\BOOKMARK [2][-]{subsection.15.2.1}{\376\377\000W\000o\000r\000k\000\040\000D\000o\000n\000e\000\040\000b\000y\000\040\000a\000\040\000C\000e\000n\000t\000r\000a\000l\000\040\000F\000o\000r\000c\000e}{section.15.2}% 86
\BOOKMARK [2][-]{subsection.15.2.2}{\376\377\000W\000o\000r\000k\000\040\000D\000o\000n\000e\000\040\000b\000y\000\040\000F\000r\000i\000c\000t\000i\000o\000n}{section.15.2}% 87
\BOOKMARK [1][-]{section.15.3}{\376\377\000C\000o\000n\000s\000e\000r\000v\000a\000t\000i\000o\000n\000\040\000o\000f\000\040\000M\000e\000c\000h\000a\000n\000i\000c\000a\000l\000\040\000E\000n\000e\000r\000g\000y}{chapter.15}% 88
\BOOKMARK [1][-]{section.15.4}{\376\377\000P\000o\000t\000e\000n\000t\000i\000a\000l\000\040\000E\000n\000e\000r\000g\000y}{chapter.15}% 89
\BOOKMARK [2][-]{subsection.15.4.1}{\376\377\000U\000n\000i\000f\000o\000r\000m\000\040\000G\000r\000a\000v\000i\000t\000a\000t\000i\000o\000n\000a\000l\000\040\000F\000i\000e\000l\000d}{section.15.4}% 90
\BOOKMARK [2][-]{subsection.15.4.2}{\376\377\000W\000h\000a\000t\000\040\000P\000o\000t\000e\000n\000t\000i\000a\000l\000\040\000T\000e\000l\000l\000s\000\040\000U\000s\000\040\000A\000b\000o\000u\000t\000\040\000F\000o\000r\000c\000e}{section.15.4}% 91
\BOOKMARK [1][-]{section.15.5}{\376\377\000E\000n\000e\000r\000g\000y\000\040\000D\000i\000a\000g\000r\000a\000m\000s\000\040\000\050\000D\000e\000t\000a\000i\000l\000e\000d\000\051}{chapter.15}% 92
\BOOKMARK [2][-]{subsection.15.5.1}{\376\377\000N\000o\000n\000-\000C\000o\000n\000s\000e\000r\000v\000a\000t\000i\000v\000e\000\040\000F\000o\000r\000c\000e\000s}{section.15.5}% 93
\BOOKMARK [1][-]{section.15.6}{\376\377\000E\000n\000e\000r\000g\000y\000\040\000C\000o\000n\000s\000e\000r\000v\000a\000t\000i\000o\000n\000\040\000a\000n\000d\000\040\000t\000h\000e\000\040\000I\000d\000e\000a\000l\000\040\000G\000a\000s\000\040\000L\000a\000w}{chapter.15}% 94
\BOOKMARK [0][-]{chapter.16}{\376\377\000G\000r\000a\000v\000i\000t\000a\000t\000i\000o\000n\000a\000l\000\040\000F\000o\000r\000c\000e\000\040\000o\000n\000\040\000a\000\040\000S\000p\000h\000e\000r\000i\000c\000a\000l\000\040\000S\000h\000e\000l\000l}{}% 95
\BOOKMARK [0][-]{chapter.17}{\376\377\000S\000t\000r\000i\000n\000g\000s\000\040\000a\000n\000d\000\040\000T\000e\000n\000s\000i\000o\000n}{}% 96
\BOOKMARK [1][-]{section.17.1}{\376\377\000B\000l\000o\000c\000k\000\040\000a\000n\000d\000\040\000S\000t\000r\000i\000n\000g}{chapter.17}% 97
\BOOKMARK [1][-]{section.17.2}{\376\377\000T\000e\000n\000s\000i\000o\000n\000\040\000i\000n\000\040\000a\000\040\000S\000t\000r\000i\000n\000g}{chapter.17}% 98
\BOOKMARK [2][-]{subsection.17.2.1}{\376\377\000T\000e\000n\000s\000i\000o\000n\000\040\000i\000n\000\040\000a\000\040\000R\000o\000t\000a\000t\000i\000n\000g\000\040\000S\000t\000r\000i\000n\000g}{section.17.2}% 99
\BOOKMARK [0][-]{chapter.18}{\376\377\000S\000u\000m\000m\000a\000r\000y\000\040\000o\000f\000\040\000B\000i\000g\000\040\000I\000d\000e\000a\000s\000:\000\040\000U\000n\000i\000t\000s\000\040\0003\040\023\0005}{}% 100
\BOOKMARK [1][-]{section.18.1}{\376\377\000F\000o\000r\000c\000e\000s\000\040\000S\000u\000m\000m\000a\000r\000y}{chapter.18}% 101
\BOOKMARK [2][-]{subsection.18.1.1}{\376\377\000T\000e\000n\000s\000i\000o\000n}{section.18.1}% 102
\BOOKMARK [2][-]{subsection.18.1.2}{\376\377\000F\000r\000i\000c\000t\000i\000o\000n}{section.18.1}% 103
\BOOKMARK [2][-]{subsection.18.1.3}{\376\377\000G\000r\000a\000v\000i\000t\000y}{section.18.1}% 104
\BOOKMARK [2][-]{subsection.18.1.4}{\376\377\000S\000p\000r\000i\000n\000g\000\040\000F\000o\000r\000c\000e}{section.18.1}% 105
\BOOKMARK [2][-]{subsection.18.1.5}{\376\377\000V\000i\000s\000c\000o\000s\000i\000t\000y}{section.18.1}% 106
\BOOKMARK [1][-]{section.18.2}{\376\377\000M\000o\000m\000e\000n\000t\000u\000m}{chapter.18}% 107
\BOOKMARK [2][-]{subsection.18.2.1}{\376\377\000F\000l\000u\000x\000\040\000D\000e\000n\000s\000i\000t\000y}{section.18.2}% 108
\BOOKMARK [2][-]{subsection.18.2.2}{\376\377\000M\000o\000m\000e\000n\000t\000u\000m\000\040\000F\000l\000o\000w}{section.18.2}% 109
\BOOKMARK [2][-]{subsection.18.2.3}{\376\377\000C\000o\000l\000l\000i\000s\000i\000o\000n\000s}{section.18.2}% 110
\BOOKMARK [1][-]{section.18.3}{\376\377\000E\000n\000e\000r\000g\000y\000\040\000\050\000S\000u\000m\000m\000a\000r\000y\000\051}{chapter.18}% 111
\BOOKMARK [1][-]{section.18.4}{\376\377\000P\000r\000o\000b\000l\000e\000m\000\040\000S\000e\000t\000\040\000S\000o\000l\000u\000t\000i\000o\000n\000s\000\040\000\050\000U\000n\000i\000t\000s\000\040\0003\040\023\0005\000\051}{chapter.18}% 112
\BOOKMARK [0][-]{chapter.19}{\376\377\000C\000o\000l\000l\000i\000s\000i\000o\000n\000s}{}% 113
\BOOKMARK [1][-]{section.19.1}{\376\377\000C\000o\000l\000l\000i\000s\000i\000o\000n\000\040\000R\000u\000l\000e\000s}{chapter.19}% 114
\BOOKMARK [1][-]{section.19.2}{\376\377\000C\000o\000l\000l\000i\000s\000i\000o\000n\000s\000\040\000i\000n\000\040\000C\000O\000M\000\040\000v\000s\000.\000\040\000L\000a\000b\000\040\000F\000r\000a\000m\000e}{chapter.19}% 115
\BOOKMARK [0][-]{chapter.20}{\376\377\000C\000o\000l\000l\000i\000s\000i\000o\000n\000s\000\040\000a\000n\000d\000\040\000C\000o\000n\000s\000e\000r\000v\000a\000t\000i\000o\000n\000\040\000L\000a\000w\000s}{}% 116
\BOOKMARK [1][-]{section.20.1}{\376\377\000T\000w\000o\000-\000B\000o\000d\000y\000\040\000C\000o\000l\000l\000i\000s\000i\000o\000n\000s}{chapter.20}% 117
\BOOKMARK [2][-]{subsection.20.1.1}{\376\377\000V\000e\000l\000o\000c\000i\000t\000i\000e\000s\000\040\000i\000n\000\040\000t\000h\000e\000\040\000C\000O\000M\000\040\000F\000r\000a\000m\000e}{section.20.1}% 118
\BOOKMARK [2][-]{subsection.20.1.2}{\376\377\000E\000l\000a\000s\000t\000i\000c\000\040\000C\000o\000l\000l\000i\000s\000i\000o\000n\000\040\000E\000x\000a\000m\000p\000l\000e\000\040\040\024\000\040\000C\000o\000l\000l\000i\000s\000i\000o\000n\000\040\000o\000f\000\040\000t\000h\000e\000\040\000C\000a\000r\000t\000s}{section.20.1}% 119
\BOOKMARK [2][-]{subsection.20.1.3}{\376\377\000I\000n\000e\000l\000a\000s\000t\000i\000c\000\040\000C\000o\000l\000l\000i\000s\000i\000o\000n}{section.20.1}% 120
\BOOKMARK [2][-]{subsection.20.1.4}{\376\377\000E\000l\000a\000s\000t\000i\000c\000\040\000S\000c\000a\000t\000t\000e\000r\000i\000n\000g\000\040\000i\000n\000\040\000t\000h\000e\000\040\000C\000O\000M\000\040\000F\000r\000a\000m\000e\000\040\040\024\000\040\000E\000x\000a\000m\000p\000l\000e}{section.20.1}% 121
\BOOKMARK [2][-]{subsection.20.1.5}{\376\377\000B\000u\000l\000l\000e\000t\000\040\000H\000i\000t\000t\000i\000n\000g\000\040\000a\000\040\000P\000e\000n\000d\000u\000l\000u\000m}{section.20.1}% 122
\BOOKMARK [0][-]{chapter.21}{\376\377\000A\000n\000g\000u\000l\000a\000r\000\040\000M\000o\000m\000e\000n\000t\000u\000m\000\040\000a\000n\000d\000\040\000R\000o\000t\000a\000t\000i\000o\000n}{}% 123
\BOOKMARK [1][-]{section.21.1}{\376\377\000A\000n\000g\000u\000l\000a\000r\000\040\000M\000o\000m\000e\000n\000t\000u\000m}{chapter.21}% 124
\BOOKMARK [2][-]{subsection.21.1.1}{\376\377\000D\000A\000R\000T\000\040\000M\000i\000s\000s\000i\000o\000n\000\040\000\050\000E\000x\000a\000m\000p\000l\000e\000\051}{section.21.1}% 125
\BOOKMARK [1][-]{section.21.2}{\376\377\000C\000h\000a\000s\000l\000e\000s\000'\000\040\000T\000h\000e\000o\000r\000e\000m}{chapter.21}% 126
\BOOKMARK [1][-]{section.21.3}{\376\377\000A\000n\000g\000u\000l\000a\000r\000\040\000M\000o\000m\000e\000n\000t\000u\000m\000\040\000o\000f\000\040\000a\000\040\000P\000a\000r\000t\000i\000c\000l\000e}{chapter.21}% 127
\BOOKMARK [1][-]{section.21.4}{\376\377\000F\000i\000x\000e\000d\000-\000A\000x\000i\000s\000\040\000R\000o\000t\000a\000t\000i\000o\000n}{chapter.21}% 128
\BOOKMARK [1][-]{section.21.5}{\376\377\000M\000o\000m\000e\000n\000t\000\040\000o\000f\000\040\000I\000n\000e\000r\000t\000i\000a}{chapter.21}% 129
\BOOKMARK [2][-]{subsection.21.5.1}{\376\377\000M\000o\000m\000e\000n\000t\000\040\000o\000f\000\040\000I\000n\000e\000r\000t\000i\000a\000\040\000o\000f\000\040\000C\000o\000m\000m\000o\000n\000\040\000O\000b\000j\000e\000c\000t\000s}{section.21.5}% 130
\BOOKMARK [1][-]{section.21.6}{\376\377\000P\000a\000r\000a\000l\000l\000e\000l\000\040\000A\000x\000i\000s\000\040\000T\000h\000e\000o\000r\000e\000m}{chapter.21}% 131
\BOOKMARK [1][-]{section.21.7}{\376\377\000T\000o\000r\000q\000u\000e}{chapter.21}% 132
\BOOKMARK [2][-]{subsection.21.7.1}{\376\377\000E\000x\000a\000m\000p\000l\000e\000:\000\040\000T\000o\000r\000q\000u\000e\000\040\000D\000u\000e\000\040\000t\000o\000\040\000G\000r\000a\000v\000i\000t\000y}{section.21.7}% 133
\BOOKMARK [1][-]{section.21.8}{\376\377\000T\000o\000r\000q\000u\000e\000\040\000a\000n\000d\000\040\000A\000n\000g\000u\000l\000a\000r\000\040\000M\000o\000m\000e\000n\000t\000u\000m}{chapter.21}% 134
\BOOKMARK [1][-]{section.21.9}{\376\377\000C\000o\000n\000s\000e\000r\000v\000a\000t\000i\000o\000n\000\040\000o\000f\000\040\000A\000n\000g\000u\000l\000a\000r\000\040\000M\000o\000m\000e\000n\000t\000u\000m}{chapter.21}% 135
\BOOKMARK [2][-]{subsection.21.9.1}{\376\377\000E\000x\000a\000m\000p\000l\000e\000:\000\040\000C\000e\000n\000t\000r\000a\000l\000\040\000F\000o\000r\000c\000e\000\040\000M\000o\000t\000i\000o\000n\000\040\000a\000n\000d\000\040\000E\000q\000u\000a\000l\000\040\000A\000r\000e\000a\000s}{section.21.9}% 136
\BOOKMARK [2][-]{subsection.21.9.2}{\376\377\000E\000x\000a\000m\000p\000l\000e\000:\000\040\000C\000a\000p\000t\000u\000r\000e\000\040\000C\000r\000o\000s\000s\000-\000S\000e\000c\000t\000i\000o\000n\000\040\000o\000f\000\040\000a\000\040\000P\000l\000a\000n\000e\000t}{section.21.9}% 137
\BOOKMARK [1][-]{section.21.10}{\376\377\000D\000y\000n\000a\000m\000i\000c\000s\000\040\000o\000f\000\040\000a\000\040\000C\000o\000n\000i\000c\000a\000l\000\040\000P\000e\000n\000d\000u\000l\000u\000m}{chapter.21}% 138
\BOOKMARK [0][-]{chapter.22}{\376\377\000F\000i\000x\000e\000d\000\040\000A\000x\000i\000s\000\040\000R\000o\000t\000a\000t\000i\000o\000n\000\040\000a\000n\000d\000\040\000A\000n\000g\000u\000l\000a\000r\000\040\000M\000o\000m\000e\000n\000t\000u\000m}{}% 139
\BOOKMARK [0][-]{chapter.23}{\376\377\000A\000n\000g\000u\000l\000a\000r\000\040\000M\000o\000m\000e\000n\000t\000u\000m\000\040\0002}{}% 140
\BOOKMARK [1][-]{section.23.1}{\376\377\000P\000e\000n\000d\000u\000l\000u\000m\000\040\000R\000e\000v\000i\000s\000i\000t\000e\000d}{chapter.23}% 141
\BOOKMARK [2][-]{subsection.23.1.1}{\376\377\000F\000o\000r\000\040\000a\000\040\000G\000e\000n\000e\000r\000a\000l\000\040\000S\000h\000a\000p\000e\000\040\000\050\000P\000h\000y\000s\000i\000c\000a\000l\000\040\000P\000e\000n\000d\000u\000l\000u\000m\000\051}{section.23.1}% 142
\BOOKMARK [1][-]{section.23.2}{\376\377\000D\000y\000n\000a\000m\000i\000c\000s\000\040\000o\000f\000\040\000F\000i\000x\000e\000d\000-\000A\000x\000i\000s\000\040\000R\000o\000t\000a\000t\000i\000o\000n}{chapter.23}% 143
\BOOKMARK [2][-]{subsection.23.2.1}{\376\377\000A\000t\000w\000o\000o\000d\000\040\000M\000a\000c\000h\000i\000n\000e\000\040\000w\000i\000t\000h\000\040\000a\000\040\000M\000a\000s\000s\000i\000v\000e\000\040\000P\000u\000l\000l\000e\000y}{section.23.2}% 144
\BOOKMARK [1][-]{section.23.3}{\376\377\000M\000o\000t\000i\000o\000n\000\040\000I\000n\000v\000o\000l\000v\000i\000n\000g\000\040\000T\000r\000a\000n\000s\000l\000a\000t\000i\000o\000n\000\040\000a\000n\000d\000\040\000R\000o\000t\000a\000t\000i\000o\000n}{chapter.23}% 145
\BOOKMARK [1][-]{section.23.4}{\376\377\000W\000o\000r\000k\040\023\000E\000n\000e\000r\000g\000y\000\040\000T\000h\000e\000o\000r\000e\000m\000\040\000f\000o\000r\000\040\000L\000i\000n\000e\000a\000r\000\040\000a\000n\000d\000\040\000R\000o\000t\000a\000t\000i\000o\000n\000a\000l\000\040\000M\000o\000t\000i\000o\000n}{chapter.23}% 146
\BOOKMARK [0][-]{chapter.24}{\376\377\000R\000i\000g\000i\000d\000\040\000B\000o\000d\000y\000\040\000M\000o\000t\000i\000o\000n}{}% 147
\BOOKMARK [1][-]{section.24.1}{\376\377\000V\000e\000c\000t\000o\000r\000\040\000N\000a\000t\000u\000r\000e\000\040\000o\000f\000\040\000A\000n\000g\000u\000l\000a\000r\000\040\000V\000e\000l\000o\000c\000i\000t\000y\000\040\000a\000n\000d\000\040\000A\000n\000g\000u\000l\000a\000r\000\040\000M\000o\000m\000e\000n\000t\000u\000m}{chapter.24}% 148
\BOOKMARK [1][-]{section.24.2}{\376\377\000D\000y\000n\000a\000m\000i\000c\000s\000\040\000o\000f\000\040\000F\000i\000x\000e\000d\000-\000A\000x\000i\000s\000\040\000R\000o\000t\000a\000t\000i\000o\000n\000\040\000\050\000R\000e\000v\000i\000e\000w\000\051}{chapter.24}% 149
\BOOKMARK [2][-]{subsection.24.2.1}{\376\377\000K\000i\000n\000e\000t\000i\000c\000\040\000E\000n\000e\000r\000g\000y\000\040\000o\000f\000\040\000a\000\040\000B\000o\000d\000y\000\040\000U\000n\000d\000e\000r\000g\000o\000i\000n\000g\000\040\000P\000u\000r\000e\000\040\000R\000o\000t\000a\000t\000i\000o\000n}{section.24.2}% 150
\BOOKMARK [2][-]{subsection.24.2.2}{\376\377\000A\000t\000w\000o\000o\000d\000'\000s\000\040\000M\000a\000c\000h\000i\000n\000e\000\040\000w\000i\000t\000h\000\040\000M\000a\000s\000s\000i\000v\000e\000\040\000P\000u\000l\000l\000e\000y\000\040\000\050\000R\000e\000v\000i\000e\000w\000\051}{section.24.2}% 151
\BOOKMARK [1][-]{section.24.3}{\376\377\000P\000e\000n\000d\000u\000l\000u\000m\000\040\000M\000o\000t\000i\000o\000n\000\040\000a\000n\000d\000\040\000F\000i\000x\000e\000d\000-\000A\000x\000i\000s\000\040\000R\000o\000t\000a\000t\000i\000o\000n}{chapter.24}% 152
\BOOKMARK [2][-]{subsection.24.3.1}{\376\377\000S\000i\000m\000p\000l\000e\000\040\000P\000e\000n\000d\000u\000l\000u\000m}{section.24.3}% 153
\BOOKMARK [2][-]{subsection.24.3.2}{\376\377\000P\000h\000y\000s\000i\000c\000a\000l\000\040\000P\000e\000n\000d\000u\000l\000u\000m}{section.24.3}% 154
\BOOKMARK [1][-]{section.24.4}{\376\377\000M\000o\000t\000i\000o\000n\000\040\000I\000n\000v\000o\000l\000v\000i\000n\000g\000\040\000T\000r\000a\000n\000s\000l\000a\000t\000i\000o\000n\000\040\000a\000n\000d\000\040\000R\000o\000t\000a\000t\000i\000o\000n}{chapter.24}% 155
\BOOKMARK [2][-]{subsection.24.4.1}{\376\377\000P\000r\000o\000o\000f}{section.24.4}% 156
\BOOKMARK [2][-]{subsection.24.4.2}{\376\377\000T\000o\000r\000q\000u\000e\000\040\000o\000n\000\040\000a\000\040\000M\000o\000v\000i\000n\000g\000\040\000B\000o\000d\000y}{section.24.4}% 157
\BOOKMARK [2][-]{subsection.24.4.3}{\376\377\000K\000i\000n\000e\000t\000i\000c\000\040\000E\000n\000e\000r\000g\000y\000:\000\040\000T\000r\000a\000n\000s\000l\000a\000t\000i\000o\000n\000\040\000+\000\040\000R\000o\000t\000a\000t\000i\000o\000n}{section.24.4}% 158
\BOOKMARK [1][-]{section.24.5}{\376\377\000W\000o\000r\000k\040\023\000E\000n\000e\000r\000g\000y\000\040\000T\000h\000e\000o\000r\000e\000m\000\040\000a\000n\000d\000\040\000R\000o\000t\000a\000t\000i\000o\000n\000a\000l\000\040\000M\000o\000t\000i\000o\000n}{chapter.24}% 159
\BOOKMARK [0][-]{chapter.25}{\376\377\000C\000e\000n\000t\000r\000a\000l\000\040\000F\000o\000r\000c\000e\000\040\000M\000o\000t\000i\000o\000n}{}% 160
\BOOKMARK [1][-]{section.25.1}{\376\377\0001\0000\000.\0001\000\040\000I\000n\000t\000r\000o\000d\000u\000c\000t\000i\000o\000n\000:\000\040\000C\000e\000n\000t\000r\000a\000l\000\040\000F\000o\000r\000c\000e\000\040\000a\000s\000\040\000a\000\040\000O\000n\000e\000-\000B\000o\000d\000y\000\040\000P\000r\000o\000b\000l\000e\000m}{chapter.25}% 161
\BOOKMARK [1][-]{section.25.2}{\376\377\000C\000o\000n\000s\000e\000q\000u\000e\000n\000c\000e\000s\000\040\000o\000f\000\040\000A\000n\000g\000u\000l\000a\000r\000\040\000M\000o\000m\000e\000n\000t\000u\000m\000\040\000C\000o\000n\000s\000e\000r\000v\000a\000t\000i\000o\000n}{chapter.25}% 162
\BOOKMARK [2][-]{subsection.25.2.1}{\376\377\000A\000\051\000\040\000M\000o\000t\000i\000o\000n\000\040\000i\000s\000\040\000C\000o\000n\000f\000i\000n\000e\000d\000\040\000t\000o\000\040\000a\000\040\000P\000l\000a\000n\000e}{section.25.2}% 163
\BOOKMARK [2][-]{subsection.25.2.2}{\376\377\000B\000\051\000\040\000L\000a\000w\000\040\000o\000f\000\040\000E\000q\000u\000a\000l\000\040\000A\000r\000e\000a\000s}{section.25.2}% 164
\BOOKMARK [1][-]{section.25.3}{\376\377\000C\000o\000n\000s\000e\000q\000u\000e\000n\000c\000e\000s\000\040\000o\000f\000\040\000C\000o\000n\000s\000e\000r\000v\000a\000t\000i\000o\000n\000\040\000o\000f\000\040\000E\000n\000e\000r\000g\000y}{chapter.25}% 165
\BOOKMARK [2][-]{subsection.25.3.1}{\376\377\000E\000f\000f\000e\000c\000t\000i\000v\000e\000\040\000P\000o\000t\000e\000n\000t\000i\000a\000l}{section.25.3}% 166
\BOOKMARK [1][-]{section.25.4}{\376\377\000F\000o\000r\000m\000a\000l\000\040\000S\000o\000l\000u\000t\000i\000o\000n\000\040\000f\000o\000r\000\040\000C\000e\000n\000t\000r\000a\000l\000\040\000F\000o\000r\000c\000e\000\040\000M\000o\000t\000i\000o\000n}{chapter.25}% 167
\BOOKMARK [2][-]{subsection.25.4.1}{\376\377\000P\000o\000l\000a\000r\000\040\000C\000o\000o\000r\000d\000i\000n\000a\000t\000e\000s\000:\000\040\000S\000h\000a\000p\000e\000\040\000o\000f\000\040\000t\000h\000e\000\040\000O\000r\000b\000i\000t}{section.25.4}% 168
\BOOKMARK [1][-]{section.25.5}{\376\377\000P\000l\000a\000n\000e\000t\000a\000r\000y\000\040\000O\000r\000b\000i\000t\000s}{chapter.25}% 169
\BOOKMARK [1][-]{section.25.6}{\376\377\000K\000e\000p\000l\000e\000r\000'\000s\000\040\000L\000a\000w\000s}{chapter.25}% 170
\BOOKMARK [2][-]{subsection.25.6.1}{\376\377\000M\000a\000j\000o\000r\000\040\000A\000x\000i\000s\000\040\000A}{section.25.6}% 171
\BOOKMARK [2][-]{subsection.25.6.2}{\376\377\000D\000e\000r\000i\000v\000a\000t\000i\000o\000n\000\040\000o\000f\000\040\000K\000e\000p\000l\000e\000r\000'\000s\000\040\000T\000h\000i\000r\000d\000\040\000L\000a\000w}{section.25.6}% 172
\BOOKMARK [0][-]{chapter.26}{\376\377\000C\000e\000n\000t\000r\000a\000l\000\040\000F\000o\000r\000c\000e\000\040\000M\000o\000t\000i\000o\000n\000:\000\040\000E\000n\000e\000r\000g\000y\000\040\000D\000i\000a\000g\000r\000a\000m\000s\000\040\000a\000n\000d\000\040\000O\000r\000b\000i\000t\000s}{}% 173
\BOOKMARK [1][-]{section.26.1}{\376\377\000E\000n\000e\000r\000g\000y\000\040\000D\000i\000a\000g\000r\000a\000m\000s}{chapter.26}% 174
\BOOKMARK [1][-]{section.26.2}{\376\377\000E\000n\000e\000r\000g\000y\000\040\000D\000i\000a\000g\000r\000a\000m\000s\000\040\000a\000n\000d\000\040\000P\000l\000a\000n\000e\000t\000a\000r\000y\000\040\000M\000o\000t\000i\000o\000n}{chapter.26}% 175
\BOOKMARK [1][-]{section.26.3}{\376\377\000P\000e\000r\000t\000u\000r\000b\000e\000d\000\040\000C\000i\000r\000c\000u\000l\000a\000r\000\040\000O\000r\000b\000i\000t}{chapter.26}% 176
\BOOKMARK [0][-]{chapter.27}{\376\377\000P\000l\000a\000n\000e\000t\000a\000r\000y\000\040\000M\000o\000t\000i\000o\000n}{}% 177
\BOOKMARK [1][-]{section.27.1}{\376\377\000P\000l\000a\000n\000e\000t\000a\000r\000y\000\040\000M\000o\000t\000i\000o\000n}{chapter.27}% 178
\BOOKMARK [1][-]{section.27.2}{\376\377\000I\000m\000p\000l\000i\000c\000a\000t\000i\000o\000n\000s\000\040\000o\000f\000\040\000E\000c\000c\000e\000n\000t\000r\000i\000c\000i\000t\000y}{chapter.27}% 179
\BOOKMARK [1][-]{section.27.3}{\376\377\000H\000y\000p\000e\000r\000b\000o\000l\000i\000c\000\040\000O\000r\000b\000i\000t\000s}{chapter.27}% 180
\BOOKMARK [2][-]{subsection.27.3.1}{\376\377\000S\000c\000a\000t\000t\000e\000r\000i\000n\000g\000\040\000A\000n\000g\000l\000e}{section.27.3}% 181
\BOOKMARK [1][-]{section.27.4}{\376\377\000E\000l\000l\000i\000p\000t\000i\000c\000a\000l\000\040\000O\000r\000b\000i\000t\000s\000\040\000a\000n\000d\000\040\000P\000l\000a\000n\000e\000t\000a\000r\000y\000\040\000M\000o\000t\000i\000o\000n}{chapter.27}% 182
\BOOKMARK [1][-]{section.27.5}{\376\377\000P\000e\000r\000i\000o\000d\000\040\000o\000f\000\040\000a\000n\000\040\000E\000l\000l\000i\000p\000t\000i\000c\000\040\000O\000r\000b\000i\000t}{chapter.27}% 183
\BOOKMARK [2][-]{subsection.27.5.1}{\376\377\000S\000i\000m\000p\000l\000e\000r\000\040\000W\000a\000y\000\040\000t\000o\000\040\000C\000a\000l\000c\000u\000l\000a\000t\000e\000\040\000P\000e\000r\000i\000o\000d}{section.27.5}% 184
\BOOKMARK [1][-]{section.27.6}{\376\377\000O\000r\000b\000i\000t\000\040\000E\000c\000c\000e\000n\000t\000r\000i\000c\000i\000t\000i\000e\000s}{chapter.27}% 185
\BOOKMARK [0][-]{chapter.28}{\376\377\000N\000o\000n\000-\000I\000n\000e\000r\000t\000i\000a\000l\000\040\000S\000y\000s\000t\000e\000m\000s\000\040\000a\000n\000d\000\040\000F\000i\000c\000t\000i\000t\000i\000o\000u\000s\000\040\000F\000o\000r\000c\000e\000s}{}% 186
\BOOKMARK [1][-]{section.28.1}{\376\377\000N\000o\000n\000-\000I\000n\000e\000r\000t\000i\000a\000l\000\040\000F\000r\000a\000m\000e\000s}{chapter.28}% 187
\BOOKMARK [1][-]{section.28.2}{\376\377\000A\000c\000c\000e\000l\000e\000r\000a\000t\000i\000n\000g\000\040\000F\000r\000a\000m\000e}{chapter.28}% 188
\BOOKMARK [2][-]{subsection.28.2.1}{\376\377\000P\000e\000n\000d\000u\000l\000u\000m\000\040\000i\000n\000\040\000a\000n\000\040\000A\000c\000c\000e\000l\000e\000r\000a\000t\000i\000n\000g\000\040\000F\000r\000a\000m\000e}{section.28.2}% 189
\BOOKMARK [1][-]{section.28.3}{\376\377\000R\000o\000t\000a\000t\000i\000n\000g\000\040\000F\000r\000a\000m\000e\000s}{chapter.28}% 190
\BOOKMARK [2][-]{subsection.28.3.1}{\376\377\000R\000o\000t\000a\000t\000i\000o\000n\000a\000l\000\040\000C\000o\000o\000r\000d\000i\000n\000a\000t\000e\000s}{section.28.3}% 191
\BOOKMARK [2][-]{subsection.28.3.2}{\376\377\000D\000e\000r\000i\000v\000a\000t\000i\000v\000e\000\040\000o\000f\000\040\000a\000\040\000R\000o\000t\000a\000t\000i\000n\000g\000\040\000V\000e\000c\000t\000o\000r}{section.28.3}% 192
\BOOKMARK [1][-]{section.28.4}{\376\377\000V\000e\000l\000o\000c\000i\000t\000y\000\040\000a\000n\000d\000\040\000A\000c\000c\000e\000l\000e\000r\000a\000t\000i\000o\000n\000\040\000i\000n\000\040\000a\000\040\000R\000o\000t\000a\000t\000i\000n\000g\000\040\000F\000r\000a\000m\000e}{chapter.28}% 193
\BOOKMARK [1][-]{section.28.5}{\376\377\000F\000i\000c\000t\000i\000t\000i\000o\000u\000s\000\040\000F\000o\000r\000c\000e\000s\000\040\000i\000n\000\040\000a\000\040\000R\000o\000t\000a\000t\000i\000n\000g\000\040\000C\000o\000o\000r\000d\000i\000n\000a\000t\000e\000\040\000S\000y\000s\000t\000e\000m}{chapter.28}% 194
\BOOKMARK [0][-]{chapter.29}{\376\377\000N\000o\000n\000-\000I\000n\000e\000r\000t\000i\000a\000l\000\040\000S\000y\000s\000t\000e\000m\000s\000:\000\040\000R\000o\000t\000a\000t\000i\000n\000g\000\040\000C\000o\000o\000r\000d\000i\000n\000a\000t\000e\000s\000\040\000\050\0009\000.\0001\040\023\0009\000.\0005\000\051}{}% 195
\BOOKMARK [1][-]{section.29.1}{\376\377\000R\000a\000t\000e\000\040\000o\000f\000\040\000C\000h\000a\000n\000g\000e\000\040\000o\000f\000\040\000a\000\040\000R\000o\000t\000a\000t\000i\000n\000g\000\040\000V\000e\000c\000t\000o\000r}{chapter.29}% 196
\BOOKMARK [1][-]{section.29.2}{\376\377\000T\000i\000m\000e\000\040\000D\000e\000r\000i\000v\000a\000t\000i\000v\000e\000\040\000o\000f\000\040\000a\000\040\000V\000e\000c\000t\000o\000r\000\040\000i\000n\000\040\000a\000\040\000R\000o\000t\000a\000t\000i\000n\000g\000\040\000C\000o\000o\000r\000d\000i\000n\000a\000t\000e\000\040\000S\000y\000s\000t\000e\000m}{chapter.29}% 197
\BOOKMARK [1][-]{section.29.3}{\376\377\000V\000e\000l\000o\000c\000i\000t\000y\000\040\000a\000n\000d\000\040\000A\000c\000c\000e\000l\000e\000r\000a\000t\000i\000o\000n\000\040\000i\000n\000\040\000a\000\040\000R\000o\000t\000a\000t\000i\000n\000g\000\040\000C\000o\000o\000r\000d\000i\000n\000a\000t\000e\000\040\000S\000y\000s\000t\000e\000m}{chapter.29}% 198
\BOOKMARK [2][-]{subsection.29.3.1}{\376\377\000F\000i\000c\000t\000i\000t\000i\000o\000u\000s\000\040\000F\000o\000r\000c\000e\000s}{section.29.3}% 199
\BOOKMARK [0][-]{chapter.30}{\376\377\000M\000o\000r\000i\000n\000\040\000C\000h\000a\000p\000t\000e\000r\000\040\0002\000\040\000P\000r\000o\000b\000l\000e\000m\000s}{}% 200
\BOOKMARK [1][-]{section.30.1}{\376\377\000G\000a\000l\000i\000l\000e\000a\000n\000\040\000T\000r\000a\000n\000s\000f\000o\000r\000m\000a\000t\000i\000o\000n}{chapter.30}% 201
\BOOKMARK [2][-]{subsection.30.1.1}{\376\377\000P\000r\000i\000n\000c\000i\000p\000l\000e\000\040\000o\000f\000\040\000R\000e\000l\000a\000t\000i\000v\000i\000t\000y}{section.30.1}% 202
\BOOKMARK [1][-]{section.30.2}{\376\377\000U\000n\000i\000f\000o\000r\000m\000l\000y\000-\000A\000c\000c\000e\000l\000e\000r\000a\000t\000i\000n\000g\000\040\000S\000y\000s\000t\000e\000m\000s}{chapter.30}% 203
\BOOKMARK [1][-]{section.30.3}{\376\377\000P\000r\000i\000n\000c\000i\000p\000l\000e\000\040\000o\000f\000\040\000E\000q\000u\000i\000v\000a\000l\000e\000n\000c\000e}{chapter.30}% 204
\BOOKMARK [0][-]{chapter.31}{\376\377\000I\000n\000t\000r\000o\000d\000u\000c\000t\000i\000o\000n\000\040\000t\000o\000\040\000L\000a\000g\000r\000a\000n\000g\000i\000a\000n\000\040\000M\000e\000c\000h\000a\000n\000i\000c\000s}{}% 205
\BOOKMARK [1][-]{section.31.1}{\376\377\000M\000o\000r\000i\000n\000\040\000P\000r\000o\000b\000l\000e\000m\000\040\0002\000.\0006\000\040\000\050\000R\000o\000p\000e\000\040\000o\000v\000e\000r\000\040\000a\000\040\000P\000u\000l\000l\000e\000y\000\051}{chapter.31}% 206
\BOOKMARK [1][-]{section.31.2}{\376\377\000M\000o\000t\000i\000v\000a\000t\000i\000o\000n}{chapter.31}% 207
\BOOKMARK [2][-]{subsection.31.2.1}{\376\377\000N\000e\000w\000t\000o\000n\000i\000a\000n\000\040\000P\000i\000c\000t\000u\000r\000e}{section.31.2}% 208
\BOOKMARK [2][-]{subsection.31.2.2}{\376\377\000M\000o\000t\000i\000v\000a\000t\000i\000o\000n\000:\000\040\000R\000e\000f\000r\000a\000c\000t\000i\000o\000n\000\040\000a\000n\000d\000\040\000F\000e\000r\000m\000a\000t\000'\000s\000\040\000P\000r\000i\000n\000c\000i\000p\000l\000e}{section.31.2}% 209
\BOOKMARK [2][-]{subsection.31.2.3}{\376\377\000H\000a\000m\000i\000l\000t\000o\000n\000'\000s\000\040\000P\000i\000c\000t\000u\000r\000e}{section.31.2}% 210
\BOOKMARK [1][-]{section.31.3}{\376\377\000F\000i\000r\000s\000t\000\040\000P\000r\000i\000n\000c\000i\000p\000l\000e\000s}{chapter.31}% 211
\BOOKMARK [1][-]{section.31.4}{\376\377\000T\000h\000e\000\040\0001\000-\000D\000\040\000P\000o\000i\000n\000t\000\040\000P\000a\000r\000t\000i\000c\000l\000e\000\040\000a\000n\000d\000\040\000t\000h\000e\000\040\000A\000c\000t\000i\000o\000n}{chapter.31}% 212
\BOOKMARK [2][-]{subsection.31.4.1}{\376\377\000E\000x\000a\000m\000i\000n\000i\000n\000g\000\040\000t\000h\000e\000\040\000P\000o\000s\000t\000u\000l\000a\000t\000e\000s}{section.31.4}% 213
\BOOKMARK [2][-]{subsection.31.4.2}{\376\377\000D\000e\000t\000e\000r\000m\000i\000n\000i\000n\000g\000\040\000t\000h\000e\000\040\000F\000r\000e\000e\000\040\000L\000a\000g\000r\000a\000n\000g\000i\000a\000n}{section.31.4}% 214
\BOOKMARK [1][-]{section.31.5}{\376\377\000E\000x\000t\000r\000e\000m\000i\000s\000i\000n\000g\000\040\000t\000h\000e\000\040\000A\000c\000t\000i\000o\000n\000:\000\040\000E\000u\000l\000e\000r\040\023\000L\000a\000g\000r\000a\000n\000g\000e\000\040\000E\000q\000u\000a\000t\000i\000o\000n}{chapter.31}% 215
\BOOKMARK [1][-]{section.31.6}{\376\377\000T\000w\000o\000-\000P\000a\000r\000t\000i\000c\000l\000e\000\040\000S\000y\000s\000t\000e\000m}{chapter.31}% 216
\BOOKMARK [0][-]{chapter.32}{\376\377\000C\000a\000l\000c\000u\000l\000u\000s\000\040\000o\000f\000\040\000V\000a\000r\000i\000a\000t\000i\000o\000n\000s}{}% 217
\BOOKMARK [1][-]{section.32.1}{\376\377\000T\000o\000t\000a\000l\000\040\000v\000s\000.\000\040\000P\000a\000r\000t\000i\000a\000l\000\040\000D\000e\000r\000i\000v\000a\000t\000i\000v\000e\000s}{chapter.32}% 218
\BOOKMARK [2][-]{subsection.32.1.1}{\376\377\000P\000a\000r\000t\000i\000a\000l\000\040\000D\000e\000r\000i\000v\000a\000t\000i\000v\000e\000\040\000f\000\040\000/\000\040\000t}{section.32.1}% 219
\BOOKMARK [2][-]{subsection.32.1.2}{\376\377\000L\000o\000c\000a\000l\000\040\000a\000n\000d\000\040\000C\000o\000n\000v\000e\000c\000t\000i\000v\000e\000\040\000D\000e\000r\000i\000v\000a\000t\000i\000v\000e}{section.32.1}% 220
\BOOKMARK [1][-]{section.32.2}{\376\377\000C\000a\000l\000c\000u\000l\000u\000s\000\040\000o\000f\000\040\000V\000a\000r\000i\000a\000t\000i\000o\000n\000s}{chapter.32}% 221
\BOOKMARK [2][-]{subsection.32.2.1}{\376\377\000C\000o\000m\000p\000u\000t\000i\000n\000g\000\040\000t\000h\000e\000\040\000V\000a\000r\000i\000a\000t\000i\000o\000n}{section.32.2}% 222
\BOOKMARK [0][-]{chapter.33}{\376\377\000P\000a\000r\000t\000i\000c\000l\000e\000\040\000I\000n\000t\000e\000r\000a\000c\000t\000i\000o\000n\000s\000\040\000a\000n\000d\000\040\000E\000x\000a\000m\000p\000l\000e\000\040\000U\000s\000a\000g\000e}{}% 223
\BOOKMARK [1][-]{section.33.1}{\376\377\000F\000r\000o\000m\000\040\000L\000a\000s\000t\000\040\000T\000i\000m\000e}{chapter.33}% 224
\BOOKMARK [1][-]{section.33.2}{\376\377\000C\000o\000n\000s\000e\000r\000v\000a\000t\000i\000v\000e\000\040\000I\000n\000t\000e\000r\000a\000c\000t\000i\000o\000n\000s}{chapter.33}% 225
\BOOKMARK [1][-]{section.33.3}{\376\377\000E\000x\000a\000m\000p\000l\000e\000:\000\040\000U\000s\000i\000n\000g\000\040\000t\000h\000e\000\040\000L\000a\000g\000r\000a\000n\000g\000i\000a\000n}{chapter.33}% 226
\BOOKMARK [1][-]{section.33.4}{\376\377\000L\000a\000g\000r\000a\000n\000g\000i\000a\000n\000\040\000i\000n\000\040\0003\000\040\000D\000i\000m\000e\000n\000s\000i\000o\000n\000s}{chapter.33}% 227
\BOOKMARK [1][-]{section.33.5}{\376\377\000E\000x\000a\000m\000p\000l\000e\000\040\0002\000:\000\040\000S\000p\000h\000e\000r\000e\000\040\000R\000o\000l\000l\000i\000n\000g\000\040\000o\000n\000\040\000a\000\040\000S\000l\000i\000d\000i\000n\000g\000\040\000W\000e\000d\000g\000e}{chapter.33}% 228
\BOOKMARK [2][-]{subsection.33.5.1}{\376\377\000A\000p\000p\000l\000y\000i\000n\000g\000\040\000E\000u\000l\000e\000r\040\023\000L\000a\000g\000r\000a\000n\000g\000e}{section.33.5}% 229
\BOOKMARK [1][-]{section.33.6}{\376\377\000M\000o\000t\000i\000v\000a\000t\000i\000o\000n\000\040\000f\000o\000r\000\040\000t\000h\000e\000\040\000A\000c\000t\000i\000o\000n\000\040\000\050\000Q\000u\000a\000n\000t\000u\000m\000\040\000M\000e\000c\000h\000a\000n\000i\000c\000s\000\051}{chapter.33}% 230
\BOOKMARK [0][-]{chapter.34}{\376\377\000M\000o\000r\000e\000\040\000E\000u\000l\000e\000r\040\023\000L\000a\000g\000r\000a\000n\000g\000e\000\040\000E\000x\000a\000m\000p\000l\000e\000s}{}% 231
\BOOKMARK [1][-]{section.34.1}{\376\377\000R\000e\000c\000a\000p}{chapter.34}% 232
\BOOKMARK [1][-]{section.34.2}{\376\377\000E\000x\000a\000m\000p\000l\000e\000:\000\040\000S\000t\000r\000a\000i\000g\000h\000t\000\040\000L\000i\000n\000e\000\040\000i\000n\000\040\000E\000u\000c\000l\000i\000d\000e\000a\000n\000\040\000S\000p\000a\000c\000e}{chapter.34}% 233
\BOOKMARK [1][-]{section.34.3}{\376\377\000E\000x\000a\000m\000p\000l\000e\000:\000\040\000M\000a\000s\000s\000e\000s\000\040\000o\000n\000\040\000a\000\040\000S\000t\000r\000i\000n\000g}{chapter.34}% 234
\BOOKMARK [2][-]{subsection.34.3.1}{\376\377\000A\000p\000p\000l\000y\000i\000n\000g\000\040\000E\000u\000l\000e\000r\040\023\000L\000a\000g\000r\000a\000n\000g\000e}{section.34.3}% 235
\BOOKMARK [0][-]{chapter.35}{\376\377\000S\000y\000m\000m\000e\000t\000r\000y\000\040\000a\000n\000d\000\040\000N\000o\000e\000t\000h\000e\000r\000'\000s\000\040\000T\000h\000e\000o\000r\000e\000m}{}% 236
\BOOKMARK [1][-]{section.35.1}{\376\377\000T\000i\000m\000e\000\040\000D\000e\000r\000i\000v\000a\000t\000i\000v\000e\000\040\000o\000f\000\040\000t\000h\000e\000\040\000L\000a\000g\000r\000a\000n\000g\000i\000a\000n}{chapter.35}% 237
\BOOKMARK [1][-]{section.35.2}{\376\377\000C\000o\000n\000s\000e\000r\000v\000a\000t\000i\000o\000n\000\040\000o\000f\000\040\000M\000o\000m\000e\000n\000t\000u\000m\000\040\000\050\000S\000p\000a\000c\000e\000-\000T\000r\000a\000n\000s\000l\000a\000t\000i\000o\000n\000\040\000I\000n\000v\000a\000r\000i\000a\000n\000c\000e\000\051}{chapter.35}% 238
\BOOKMARK [1][-]{section.35.3}{\376\377\000C\000o\000n\000s\000e\000r\000v\000a\000t\000i\000o\000n\000\040\000o\000f\000\040\000A\000n\000g\000u\000l\000a\000r\000\040\000M\000o\000m\000e\000n\000t\000u\000m\000\040\000\050\000R\000o\000t\000a\000t\000i\000o\000n\000\040\000I\000n\000v\000a\000r\000i\000a\000n\000c\000e\000\051}{chapter.35}% 239
\BOOKMARK [1][-]{section.35.4}{\376\377\000R\000e\000d\000u\000c\000e\000d\000\040\000A\000c\000t\000i\000o\000n}{chapter.35}% 240
\BOOKMARK [0][-]{chapter.36}{\376\377\000N\000o\000n\000-\000I\000n\000e\000r\000t\000i\000a\000l\000\040\000R\000e\000f\000e\000r\000e\000n\000c\000e\000\040\000F\000r\000a\000m\000e\000s}{}% 241
\BOOKMARK [1][-]{section.36.1}{\376\377\000E\000a\000s\000i\000e\000s\000t\000\040\000C\000a\000s\000e\000:\000\040\000L\000i\000n\000e\000a\000r\000l\000y\000\040\000A\000c\000c\000e\000l\000e\000r\000a\000t\000i\000n\000g\000\040\000F\000r\000a\000m\000e}{chapter.36}% 242
\BOOKMARK [1][-]{section.36.2}{\376\377\000H\000a\000r\000d\000e\000s\000t\000\040\000C\000a\000s\000e\000:\000\040\000R\000o\000t\000a\000t\000i\000n\000g\000\040\000F\000r\000a\000m\000e}{chapter.36}% 243
\BOOKMARK [2][-]{subsection.36.2.1}{\376\377\0008\000.\0000\0001\000\040\000A\000p\000p\000r\000o\000a\000c\000h}{section.36.2}% 244
\BOOKMARK [2][-]{subsection.36.2.2}{\376\377\000L\000a\000g\000r\000a\000n\000g\000i\000a\000n\000\040\000A\000p\000p\000r\000o\000a\000c\000h}{section.36.2}% 245
\BOOKMARK [1][-]{section.36.3}{\376\377\000E\000x\000a\000m\000p\000l\000e\000:\000\040\000L\000a\000g\000r\000a\000n\000g\000e\000\040\000P\000o\000i\000n\000t\000s}{chapter.36}% 246
\BOOKMARK [0][-]{chapter.37}{\376\377\000D\000o\000u\000b\000l\000e\000\040\000P\000e\000n\000d\000u\000l\000u\000m}{}% 247
\BOOKMARK [1][-]{section.37.1}{\376\377\000E\000x\000a\000m\000p\000l\000e\000:\000\040\000D\000o\000u\000b\000l\000e\000\040\000P\000e\000n\000d\000u\000l\000u\000m}{chapter.37}% 248
\BOOKMARK [0][-]{chapter.38}{\376\377\000N\000o\000r\000m\000a\000l\000\040\000M\000o\000d\000e\000s\000,\000\040\000G\000r\000a\000v\000i\000t\000y\000,\000\040\000a\000n\000d\000\040\000t\000h\000e\000\040\000V\000i\000r\000i\000a\000l\000\040\000T\000h\000e\000o\000r\000e\000m}{}% 249
\BOOKMARK [1][-]{section.38.1}{\376\377\000N\000o\000r\000m\000a\000l\000\040\000C\000o\000o\000r\000d\000i\000n\000a\000t\000e\000s}{chapter.38}% 250
\BOOKMARK [2][-]{subsection.38.1.1}{\376\377\000E\000x\000a\000m\000p\000l\000e\000:\000\040\000M\000e\000c\000h\000a\000n\000i\000c\000a\000l\000\040\000V\000i\000b\000r\000a\000t\000i\000o\000n\000s\000\040\000i\000n\000\040\000M\000o\000l\000e\000c\000u\000l\000e\000s}{section.38.1}% 251
\BOOKMARK [2][-]{subsection.38.1.2}{\376\377\000E\000x\000a\000m\000p\000l\000e\000:\000\040\000C\000O\0002\000\040\000m\000o\000l\000e\000c\000u\000l\000e\000\040\000\050\000C\000\040\000=\000\040\000O\000\040\000=\000\040\000C\000\051}{section.38.1}% 252
\BOOKMARK [2][-]{subsection.38.1.3}{\376\377\0002\000D\000\040\000M\000o\000l\000e\000c\000u\000l\000e\000\040\000M\000o\000d\000e\000s}{section.38.1}% 253
\BOOKMARK [0][-]{chapter.39}{\376\377\000G\000r\000a\000v\000i\000t\000y\000\040\000a\000n\000d\000\040\000O\000r\000b\000i\000t\000a\000l\000\040\000M\000e\000c\000h\000a\000n\000i\000c\000s}{}% 254
\BOOKMARK [1][-]{section.39.1}{\376\377\000K\000e\000p\000l\000e\000r\000'\000s\000\040\000L\000a\000w\000s\000\040\000\050\000E\000m\000p\000i\000r\000i\000c\000a\000l\000\051}{chapter.39}% 255
\BOOKMARK [1][-]{section.39.2}{\376\377\000N\000e\000w\000t\000o\000n\000'\000s\000\040\000A\000r\000g\000u\000m\000e\000n\000t}{chapter.39}% 256
\BOOKMARK [1][-]{section.39.3}{\376\377\000T\000w\000o\000-\000B\000o\000d\000y\000\040\000O\000r\000b\000i\000t\000a\000l\000\040\000P\000r\000o\000b\000l\000e\000m}{chapter.39}% 257
\BOOKMARK [2][-]{subsection.39.3.1}{\376\377\000C\000o\000n\000s\000e\000r\000v\000a\000t\000i\000o\000n\000\040\000o\000f\000\040\000A\000n\000g\000u\000l\000a\000r\000\040\000M\000o\000m\000e\000n\000t\000u\000m}{section.39.3}% 258
\BOOKMARK [1][-]{section.39.4}{\376\377\000F\000i\000n\000d\000i\000n\000g\000\040\000K\000e\000p\000l\000e\000r\000'\000s\000\040\000L\000a\000w\000s}{chapter.39}% 259
\BOOKMARK [2][-]{subsection.39.4.1}{\376\377\000K\000e\000p\000l\000e\000r\000'\000s\000\040\000S\000e\000c\000o\000n\000d\000\040\000L\000a\000w}{section.39.4}% 260
\BOOKMARK [2][-]{subsection.39.4.2}{\376\377\000L\000a\000g\000r\000a\000n\000g\000i\000a\000n\000\040\000E\000q\000u\000a\000t\000i\000o\000n\000\040\000f\000o\000r\000\040\000r}{section.39.4}% 261
\BOOKMARK [1][-]{section.39.5}{\376\377\000P\000r\000o\000v\000i\000n\000g\000\040\000K\000e\000p\000l\000e\000r\000'\000s\000\040\0003\000r\000d\000\040\000L\000a\000w}{chapter.39}% 262
\BOOKMARK [1][-]{section.39.6}{\376\377\000S\000p\000r\000i\000n\000g\000s\000\040\000i\000n\000\040\000a\000\040\000P\000l\000a\000n\000e\000\040\000\050\000R\000e\000c\000i\000t\000a\000t\000i\000o\000n\000:\000\040\000C\000O\000M\000\040\000F\000r\000a\000m\000e\000\040\000E\000x\000a\000m\000p\000l\000e\000\051}{chapter.39}% 263
\BOOKMARK [1][-]{section.39.7}{\376\377\000G\000r\000a\000v\000i\000t\000y\000\040\000C\000o\000n\000t\000i\000n\000u\000e\000d\000:\000\040\000O\000r\000b\000i\000t\000\040\000S\000h\000a\000p\000e\000\040\000a\000n\000d\000\040\000G\000e\000n\000e\000r\000a\000l\000\040\000C\000e\000n\000t\000r\000a\000l\000\040\000P\000o\000t\000e\000n\000t\000i\000a\000l\000s}{chapter.39}% 264
\BOOKMARK [2][-]{subsection.39.7.1}{\376\377\000R\000e\000c\000a\000p\000:\000\040\000O\000r\000b\000i\000t\000\040\000E\000q\000u\000a\000t\000i\000o\000n}{section.39.7}% 265
\BOOKMARK [2][-]{subsection.39.7.2}{\376\377\000E\000n\000e\000r\000g\000y\000\040\000a\000n\000d\000\040\000O\000r\000b\000i\000t\000\040\000C\000l\000a\000s\000s\000i\000f\000i\000c\000a\000t\000i\000o\000n}{section.39.7}% 266
\BOOKMARK [2][-]{subsection.39.7.3}{\376\377\000G\000e\000n\000e\000r\000a\000l\000\040\000C\000e\000n\000t\000r\000a\000l\000\040\000P\000o\000t\000e\000n\000t\000i\000a\000l\000s}{section.39.7}% 267
\BOOKMARK [1][-]{section.39.8}{\376\377\000B\000i\000n\000a\000r\000y\000\040\000M\000a\000s\000s\000\040\000F\000u\000n\000c\000t\000i\000o\000n\000\040\000\050\000R\000e\000c\000i\000t\000a\000t\000i\000o\000n\000:\000\040\000B\000l\000a\000c\000k\000\040\000H\000o\000l\000e\000s\000\051}{chapter.39}% 268
\BOOKMARK [2][-]{subsection.39.8.1}{\376\377\000B\000i\000n\000a\000r\000y\000\040\000R\000e\000l\000a\000t\000i\000o\000n\000s}{section.39.8}% 269
\BOOKMARK [0][-]{chapter.40}{\376\377\000T\000h\000e\000\040\000V\000i\000r\000i\000a\000l\000\040\000T\000h\000e\000o\000r\000e\000m}{}% 270
\BOOKMARK [1][-]{subsection.40.0.1}{\376\377\000T\000i\000m\000e\000\040\000A\000v\000e\000r\000a\000g\000e\000\040\000o\000f\000\040\000a\000\040\000F\000u\000n\000c\000t\000i\000o\000n}{chapter.40}% 271
\BOOKMARK [2][-]{subsection.40.0.2}{\376\377\000V\000e\000r\000i\000f\000y\000i\000n\000g\000\040\000f\000o\000r\000\040\000G\000r\000a\000v\000i\000t\000y}{subsection.40.0.1}% 272
\BOOKMARK [1][-]{section.40.1}{\376\377\000A\000p\000p\000l\000y\000i\000n\000g\000\040\000t\000h\000e\000\040\000V\000i\000r\000i\000a\000l\000\040\000T\000h\000e\000o\000r\000e\000m\000\040\000t\000o\000\040\000G\000a\000l\000a\000x\000i\000e\000s}{chapter.40}% 273
\BOOKMARK [2][-]{subsection.40.1.1}{\376\377\000D\000o\000p\000p\000l\000e\000r\000\040\000S\000h\000i\000f\000t\000s}{section.40.1}% 274
\BOOKMARK [2][-]{subsection.40.1.2}{\376\377\000E\000r\000g\000o\000d\000i\000c\000i\000t\000y}{section.40.1}% 275
\BOOKMARK [2][-]{subsection.40.1.3}{\376\377\000G\000a\000l\000a\000x\000y\000\040\000R\000o\000t\000a\000t\000i\000o\000n}{section.40.1}% 276
\BOOKMARK [1][-]{section.40.2}{\376\377\000V\000i\000r\000i\000a\000l\000\040\000T\000h\000e\000o\000r\000e\000m\000:\000\040\000S\000u\000n\000'\000s\000\040\000L\000i\000f\000e\000t\000i\000m\000e\000\040\000\050\000R\000e\000c\000i\000t\000a\000t\000i\000o\000n\000\040\000E\000x\000a\000m\000p\000l\000e\000\051}{chapter.40}% 277
\BOOKMARK [0][-]{chapter.41}{\376\377\000M\000i\000d\000t\000e\000r\000m\000\040\000S\000u\000m\000m\000a\000r\000y}{}% 278
\BOOKMARK [1][-]{section.41.1}{\376\377\000E\000x\000a\000m\000\040\000T\000i\000p\000s}{chapter.41}% 279
\BOOKMARK [1][-]{section.41.2}{\376\377\000C\000l\000a\000s\000s\000\040\000S\000u\000m\000m\000a\000r\000y}{chapter.41}% 280
\BOOKMARK [1][-]{section.41.3}{\376\377\000M\000a\000j\000o\000r\000\040\000E\000q\000u\000a\000t\000i\000o\000n\000s\000\040\000a\000n\000d\000\040\000C\000o\000n\000c\000e\000p\000t\000s}{chapter.41}% 281
\BOOKMARK [2][-]{subsection.41.3.1}{\376\377\000A\000c\000t\000i\000o\000n\000\040\000a\000n\000d\000\040\000H\000a\000m\000i\000l\000t\000o\000n\000'\000s\000\040\000P\000r\000i\000n\000c\000i\000p\000l\000e}{section.41.3}% 282
\BOOKMARK [2][-]{subsection.41.3.2}{\376\377\000E\000u\000l\000e\000r\040\023\000L\000a\000g\000r\000a\000n\000g\000e\000\040\000E\000q\000u\000a\000t\000i\000o\000n}{section.41.3}% 283
\BOOKMARK [2][-]{subsection.41.3.3}{\376\377\000E\000n\000e\000r\000g\000y\000\040\000C\000o\000n\000s\000e\000r\000v\000a\000t\000i\000o\000n}{section.41.3}% 284
\BOOKMARK [2][-]{subsection.41.3.4}{\376\377\000F\000i\000n\000d\000i\000n\000g\000\040\000S\000m\000a\000l\000l\000\040\000O\000s\000c\000i\000l\000l\000a\000t\000i\000o\000n\000s\000\040\000a\000b\000o\000u\000t\000\040\000E\000q\000u\000i\000l\000i\000b\000r\000i\000u\000m}{section.41.3}% 285
\BOOKMARK [2][-]{subsection.41.3.5}{\376\377\000N\000o\000n\000-\000i\000n\000e\000r\000t\000i\000a\000l\000\040\000R\000e\000f\000e\000r\000e\000n\000c\000e\000\040\000F\000r\000a\000m\000e\000s}{section.41.3}% 286
\BOOKMARK [2][-]{subsection.41.3.6}{\376\377\000T\000w\000o\000-\000B\000o\000d\000y\000\040\000O\000r\000b\000i\000t\000a\000l\000\040\000P\000r\000o\000b\000l\000e\000m}{section.41.3}% 287
\BOOKMARK [2][-]{subsection.41.3.7}{\376\377\000G\000e\000n\000e\000r\000a\000l\000\040\000C\000e\000n\000t\000r\000a\000l\000\040\000P\000o\000t\000e\000n\000t\000i\000a\000l\000s}{section.41.3}% 288
\BOOKMARK [2][-]{subsection.41.3.8}{\376\377\000V\000i\000r\000i\000a\000l\000\040\000T\000h\000e\000o\000r\000e\000m}{section.41.3}% 289
\BOOKMARK [2][-]{subsection.41.3.9}{\376\377\000E\000r\000g\000o\000d\000i\000c\000\040\000H\000y\000p\000o\000t\000h\000e\000s\000i\000s}{section.41.3}% 290
\BOOKMARK [1][-]{section.41.4}{\376\377\000R\000o\000l\000l\000i\000n\000g\000\040\000W\000h\000e\000e\000l\000\040\000o\000n\000\040\000a\000n\000\040\000I\000n\000c\000l\000i\000n\000e\000\040\000\050\000R\000e\000c\000i\000t\000a\000t\000i\000o\000n\000\040\000P\000r\000o\000b\000l\000e\000m\000\051}{chapter.41}% 291
\BOOKMARK [1][-]{section.41.5}{\376\377\000G\000r\000a\000v\000i\000t\000a\000t\000i\000o\000n\000a\000l\000\040\000F\000o\000c\000u\000s\000i\000n\000g\000\040\000\050\000C\000r\000o\000s\000s\000-\000S\000e\000c\000t\000i\000o\000n\000\040\000C\000a\000l\000c\000u\000l\000a\000t\000i\000o\000n\000\051}{chapter.41}% 292
\BOOKMARK [0][-]{chapter.42}{\376\377\000C\000o\000n\000s\000t\000r\000a\000i\000n\000e\000d\000\040\000M\000o\000t\000i\000o\000n}{}% 293
\BOOKMARK [1][-]{section.42.1}{\376\377\000H\000o\000l\000o\000n\000o\000m\000i\000c\000\040\000C\000o\000n\000s\000t\000r\000a\000i\000n\000t\000s}{chapter.42}% 294
\BOOKMARK [1][-]{section.42.2}{\376\377\000S\000p\000e\000c\000i\000a\000l\000\040\000C\000a\000s\000e\000:\000\040\000S\000e\000m\000i\000-\000H\000o\000l\000o\000n\000o\000m\000i\000c}{chapter.42}% 295
\BOOKMARK [1][-]{section.42.3}{\376\377\000P\000o\000t\000e\000n\000t\000i\000a\000l\000s\000\040\000\046\000\040\000G\000e\000n\000e\000r\000a\000l\000i\000z\000e\000d\000\040\000F\000o\000r\000c\000e\000s\000\040\000\050\000H\000o\000l\000o\000n\000o\000m\000i\000c\000\040\000C\000a\000s\000e\000\051}{chapter.42}% 296
\BOOKMARK [2][-]{subsection.42.3.1}{\376\377\000S\000e\000m\000i\000-\000H\000o\000l\000o\000n\000o\000m\000i\000c\000\040\000C\000a\000s\000e}{section.42.3}% 297
\BOOKMARK [0][-]{chapter.43}{\376\377\000H\000a\000m\000i\000l\000t\000o\000n\000i\000a\000n\000\040\000M\000e\000c\000h\000a\000n\000i\000c\000s}{}% 298
\BOOKMARK [1][-]{section.43.1}{\376\377\000L\000e\000g\000e\000n\000d\000r\000e\000\040\000T\000r\000a\000n\000s\000f\000o\000r\000m\000a\000t\000i\000o\000n}{chapter.43}% 299
\BOOKMARK [1][-]{section.43.2}{\376\377\000C\000a\000n\000o\000n\000i\000c\000a\000l\000\040\000M\000o\000m\000e\000n\000t\000a}{chapter.43}% 300
\BOOKMARK [1][-]{section.43.3}{\376\377\000F\000i\000n\000d\000i\000n\000g\000\040\000E\000q\000u\000a\000t\000i\000o\000n\000s\000\040\000o\000f\000\040\000M\000o\000t\000i\000o\000n}{chapter.43}% 301
\BOOKMARK [0][-]{chapter.44}{\376\377\000C\000a\000n\000o\000n\000i\000c\000a\000l\000\040\000T\000r\000a\000n\000s\000f\000o\000r\000m\000a\000t\000i\000o\000n\000s}{}% 302
\BOOKMARK [1][-]{section.44.1}{\376\377\000P\000r\000o\000c\000e\000d\000u\000r\000e\000\040\000t\000o\000\040\000G\000e\000n\000e\000r\000a\000t\000e\000\040\000C\000a\000n\000o\000n\000i\000c\000a\000l\000\040\000T\000r\000a\000n\000s\000f\000o\000r\000m\000a\000t\000i\000o\000n\000s}{chapter.44}% 303
\BOOKMARK [1][-]{section.44.2}{\376\377\000I\000n\000f\000i\000n\000i\000t\000e\000s\000i\000m\000a\000l\000\040\000C\000a\000n\000o\000n\000i\000c\000a\000l\000\040\000T\000r\000a\000n\000s\000f\000o\000r\000m\000a\000t\000i\000o\000n\000s}{chapter.44}% 304
\BOOKMARK [1][-]{section.44.3}{\376\377\000A\000p\000p\000l\000i\000c\000a\000t\000i\000o\000n\000:\000\040\000Q\000u\000a\000n\000t\000u\000m\000\040\000M\000e\000c\000h\000a\000n\000i\000c\000s}{chapter.44}% 305
\BOOKMARK [1][-]{section.44.4}{\376\377\000R\000o\000u\000t\000h\000i\000a\000n\000\040\000M\000e\000c\000h\000a\000n\000i\000c\000s}{chapter.44}% 306
\BOOKMARK [0][-]{chapter.45}{\376\377\000L\000i\000o\000u\000v\000i\000l\000l\000e\000'\000s\000\040\000T\000h\000e\000o\000r\000e\000m}{}% 307
\BOOKMARK [1][-]{section.45.1}{\376\377\000P\000h\000a\000s\000e\000\040\000S\000p\000a\000c\000e}{chapter.45}% 308
\BOOKMARK [1][-]{section.45.2}{\376\377\000N\000o\000n\000-\000H\000a\000m\000i\000l\000t\000o\000n\000i\000a\000n\000\040\000F\000o\000r\000c\000e\000s}{chapter.45}% 309
\BOOKMARK [1][-]{section.45.3}{\376\377\000D\000a\000m\000p\000e\000d\000\040\000H\000a\000r\000m\000o\000n\000i\000c\000\040\000O\000s\000c\000i\000l\000l\000a\000t\000o\000r\000\040\000E\000x\000a\000m\000p\000l\000e}{chapter.45}% 310
\BOOKMARK [0][-]{chapter.46}{\376\377\000P\000o\000i\000s\000s\000o\000n\000\040\000B\000r\000a\000c\000k\000e\000t\000s}{}% 311
\BOOKMARK [1][-]{section.46.1}{\376\377\000S\000h\000o\000w\000i\000n\000g\000\040\000C\000a\000n\000o\000n\000i\000c\000a\000l\000\040\000T\000r\000a\000n\000s\000f\000o\000r\000m\000a\000t\000i\000o\000n\000s\000\040\000a\000r\000e\000\040\000C\000o\000n\000s\000e\000r\000v\000e\000d}{chapter.46}% 312
\BOOKMARK [1][-]{section.46.2}{\376\377\000A\000n\000o\000t\000h\000e\000r\000\040\000U\000s\000e\000f\000u\000l\000\040\000F\000a\000c\000t}{chapter.46}% 313
\BOOKMARK [1][-]{section.46.3}{\376\377\000A\000n\000o\000t\000h\000e\000r\000\040\000E\000x\000a\000m\000p\000l\000e\000:\000\040\000L\000i\000o\000u\000v\000i\000l\000l\000e\000'\000s\000\040\000T\000h\000e\000o\000r\000e\000m}{chapter.46}% 314
\BOOKMARK [1][-]{section.46.4}{\376\377\000A\000p\000p\000l\000i\000c\000a\000t\000i\000o\000n\000\040\000t\000o\000\040\000Q\000u\000a\000n\000t\000u\000m\000\040\000M\000e\000c\000h\000a\000n\000i\000c\000s}{chapter.46}% 315
\BOOKMARK [0][-]{chapter.47}{\376\377\000P\000o\000i\000s\000s\000o\000n\000\040\000B\000r\000a\000c\000k\000e\000t\000s\000,\000\040\000S\000c\000a\000t\000t\000e\000r\000i\000n\000g\000,\000\040\000R\000i\000g\000i\000d\000\040\000B\000o\000d\000y\000\040\000M\000o\000t\000i\000o\000n\000,\000\040\000a\000n\000d\000\040\000A\000c\000t\000i\000o\000n\000-\000A\000n\000g\000l\000e\000\040\000V\000a\000r\000i\000a\000b\000l\000e\000s}{}% 316
\BOOKMARK [1][-]{section.47.1}{\376\377\000S\000H\000O\000\040\000E\000x\000a\000m\000p\000l\000e\000\040\000\050\000R\000e\000c\000i\000t\000a\000t\000i\000o\000n\000\040\0001\0001\000:\000\040\000P\000o\000i\000s\000s\000o\000n\000\040\000B\000r\000a\000c\000k\000e\000t\000s\000\040\000R\000e\000c\000a\000p\000\051}{chapter.47}% 317
\BOOKMARK [2][-]{subsection.47.1.1}{\376\377\000S\000H\000O\000\040\000E\000x\000a\000m\000p\000l\000e\000\040\000\050\0001\000D\000\051}{section.47.1}% 318
\BOOKMARK [2][-]{subsection.47.1.2}{\376\377\000P\000o\000i\000s\000s\000o\000n\000\040\000B\000r\000a\000c\000k\000e\000t\000s\000\040\000a\000r\000e\000\040\000I\000n\000v\000a\000r\000i\000a\000n\000t\000\040\000U\000n\000d\000e\000r\000\040\000C\000a\000n\000o\000n\000i\000c\000a\000l\000\040\000T\000r\000a\000n\000s\000f\000o\000r\000m\000a\000t\000i\000o\000n\000s}{section.47.1}% 319
\BOOKMARK [0][-]{chapter.48}{\376\377\000S\000c\000a\000t\000t\000e\000r\000i\000n\000g\000\040\000A\000m\000p\000l\000i\000t\000u\000d\000e\000s}{}% 320
\BOOKMARK [1][-]{section.48.1}{\376\377\000S\000e\000t\000u\000p}{chapter.48}% 321
\BOOKMARK [1][-]{section.48.2}{\376\377\000D\000i\000f\000f\000e\000r\000e\000n\000t\000i\000a\000l\000\040\000C\000r\000o\000s\000s\000\040\000S\000e\000c\000t\000i\000o\000n}{chapter.48}% 322
\BOOKMARK [1][-]{section.48.3}{\376\377\000N\000u\000c\000l\000e\000a\000r\000\040\000R\000e\000a\000c\000t\000i\000o\000n\000s}{chapter.48}% 323
\BOOKMARK [0][-]{chapter.49}{\376\377\000R\000u\000t\000h\000e\000r\000f\000o\000r\000d\000\040\000S\000c\000a\000t\000t\000e\000r\000i\000n\000g}{}% 324
\BOOKMARK [1][-]{section.49.1}{\376\377\000S\000c\000a\000t\000t\000e\000r\000i\000n\000g}{chapter.49}% 325
\BOOKMARK [1][-]{section.49.2}{\376\377\000E\000n\000e\000r\000g\000y\000\040\000D\000i\000s\000s\000i\000p\000a\000t\000i\000o\000n\000\040\000o\000f\000\040\000a\000\040\000C\000h\000a\000r\000g\000e\000d\000\040\000P\000a\000r\000t\000i\000c\000l\000e}{chapter.49}% 326
\BOOKMARK [1][-]{section.49.3}{\376\377\000C\000e\000n\000t\000r\000a\000l\000\040\000F\000o\000r\000c\000e\000\040\000P\000o\000t\000e\000n\000t\000i\000a\000l\000\040\000S\000c\000a\000t\000t\000e\000r\000i\000n\000g\000\040\000\050\000R\000e\000c\000i\000t\000a\000t\000i\000o\000n\000\040\0001\0005\000\051}{chapter.49}% 327
\BOOKMARK [2][-]{subsection.49.3.1}{\376\377\000S\000e\000t\000u\000p}{section.49.3}% 328
\BOOKMARK [1][-]{section.49.4}{\376\377\000C\000e\000n\000t\000r\000a\000l\000\040\000F\000o\000r\000c\000e\000\040\000P\000o\000t\000e\000n\000t\000i\000a\000l}{chapter.49}% 329
\BOOKMARK [2][-]{subsection.49.4.1}{\376\377\000S\000t\000a\000b\000i\000l\000i\000t\000y\000\040\000o\000f\000\040\000C\000i\000r\000c\000u\000l\000a\000r\000\040\000O\000r\000b\000i\000t\000s}{section.49.4}% 330
\BOOKMARK [0][-]{chapter.50}{\376\377\000P\000r\000i\000n\000c\000i\000p\000l\000e\000\040\000A\000x\000e\000s\000\040\000o\000f\000\040\000R\000o\000t\000a\000t\000i\000o\000n\000\040\000a\000n\000d\000\040\000R\000i\000g\000i\000d\000\040\000B\000o\000d\000y\000\040\000M\000o\000t\000i\000o\000n}{}% 331
\BOOKMARK [1][-]{section.50.1}{\376\377\000G\000e\000n\000e\000r\000a\000l\000\040\000B\000o\000d\000y\000:\000\040\000I\000n\000e\000r\000t\000i\000a\000\040\000T\000e\000n\000s\000o\000r}{chapter.50}% 332
\BOOKMARK [1][-]{section.50.2}{\376\377\000T\000o\000r\000q\000u\000e\000\040\000a\000n\000d\000\040\000E\000u\000l\000e\000r\000'\000s\000\040\000E\000q\000u\000a\000t\000i\000o\000n\000s}{chapter.50}% 333
\BOOKMARK [2][-]{subsection.50.2.1}{\376\377\000N\000o\000\040\000T\000o\000r\000q\000u\000e\000\040\000S\000i\000t\000u\000a\000t\000i\000o\000n}{section.50.2}% 334
\BOOKMARK [1][-]{section.50.3}{\376\377\000R\000i\000g\000i\000d\000\040\000B\000o\000d\000y\000\040\000M\000o\000t\000i\000o\000n\000\040\000\050\000R\000e\000c\000i\000t\000a\000t\000i\000o\000n\000\040\0001\0006\000\051}{chapter.50}% 335
\BOOKMARK [2][-]{subsection.50.3.1}{\376\377\000A\000n\000g\000u\000l\000a\000r\000\040\000V\000e\000l\000o\000c\000i\000t\000y\000\040\000w\000i\000t\000h\000\040\000E\000u\000l\000e\000r\000\040\000A\000n\000g\000l\000e\000s}{section.50.3}% 336
\BOOKMARK [2][-]{subsection.50.3.2}{\376\377\000E\000x\000a\000m\000p\000l\000e\000:\000\040\000P\000o\000i\000n\000t\000\040\000M\000a\000s\000s\000\040\000o\000n\000\040\000a\000\040\000D\000i\000s\000c}{section.50.3}% 337
\BOOKMARK [0][-]{chapter.51}{\376\377\000A\000c\000t\000i\000o\000n\000-\000A\000n\000g\000l\000e\000\040\000V\000a\000r\000i\000a\000b\000l\000e\000s}{}% 338
\BOOKMARK [1][-]{section.51.1}{\376\377\000C\000a\000n\000o\000n\000i\000c\000a\000l\000\040\000T\000r\000a\000n\000s\000f\000o\000r\000m\000a\000t\000i\000o\000n\000:\000\040\000q\000,\000p\000,\000h\000\040\000Q\000,\000P\000,\000H}{chapter.51}% 339
\BOOKMARK [1][-]{section.51.2}{\376\377\000A\000c\000t\000i\000o\000n\000-\000A\000n\000g\000l\000e\000\040\000P\000r\000i\000n\000c\000i\000p\000l\000e}{chapter.51}% 340
\BOOKMARK [2][-]{subsection.51.2.1}{\376\377\000E\000x\000a\000m\000p\000l\000e\000:\000\040\000S\000H\000O}{section.51.2}% 341
\BOOKMARK [2][-]{subsection.51.2.2}{\376\377\000C\000y\000c\000l\000o\000i\000d\000\040\000P\000r\000o\000b\000l\000e\000m}{section.51.2}% 342
\BOOKMARK [0][-]{chapter.52}{\376\377\000F\000i\000n\000a\000l\000\040\000S\000u\000m\000m\000a\000r\000y}{}% 343
\BOOKMARK [1][-]{section.52.1}{\376\377\000C\000o\000n\000s\000t\000r\000a\000i\000n\000e\000d\000\040\000M\000o\000t\000i\000o\000n}{chapter.52}% 344
\BOOKMARK [1][-]{section.52.2}{\376\377\000F\000i\000n\000a\000l\000\040\000E\000x\000a\000m\000\040\000R\000e\000v\000i\000e\000w\000\040\000\050\000R\000e\000c\000i\000t\000a\000t\000i\000o\000n\000\040\0001\0007\000\051}{chapter.52}% 345
\BOOKMARK [2][-]{subsection.52.2.1}{\376\377\000I\000f\000\040\000C\000o\000n\000s\000t\000r\000a\000i\000n\000t\000s\000:}{section.52.2}% 346
\BOOKMARK [2][-]{subsection.52.2.2}{\376\377\000H\000a\000m\000i\000l\000t\000o\000n\000i\000a\000n}{section.52.2}% 347
\BOOKMARK [2][-]{subsection.52.2.3}{\376\377\000N\000o\000n\000-\000H\000a\000m\000i\000l\000t\000o\000n\000i\000a\000n\000\040\000F\000o\000r\000c\000e\000s}{section.52.2}% 348
\BOOKMARK [2][-]{subsection.52.2.4}{\376\377\000P\000o\000i\000s\000s\000o\000n\000\040\000B\000r\000a\000c\000k\000e\000t\000s}{section.52.2}% 349
\BOOKMARK [1][-]{section.52.3}{\376\377\000G\000e\000n\000e\000r\000a\000t\000i\000n\000g\000\040\000C\000a\000n\000o\000n\000i\000c\000a\000l\000\040\000T\000r\000a\000n\000s\000f\000o\000r\000m\000a\000t\000i\000o\000n\000s}{chapter.52}% 350
\BOOKMARK [1][-]{section.52.4}{\376\377\000I\000n\000f\000i\000n\000i\000t\000e\000s\000i\000m\000a\000l\000\040\000C\000a\000n\000o\000n\000i\000c\000a\000l\000\040\000T\000r\000a\000n\000s\000f\000o\000r\000m\000a\000t\000i\000o\000n\000s}{chapter.52}% 351
\BOOKMARK [1][-]{section.52.5}{\376\377\000L\000i\000o\000u\000v\000i\000l\000l\000e\000'\000s\000\040\000T\000h\000e\000o\000r\000e\000m}{chapter.52}% 352
\BOOKMARK [1][-]{section.52.6}{\376\377\000S\000c\000a\000t\000t\000e\000r\000i\000n\000g\000\040\000\050\000S\000u\000m\000m\000a\000r\000y\000\051}{chapter.52}% 353
\BOOKMARK [2][-]{subsection.52.6.1}{\376\377\000D\000i\000f\000f\000e\000r\000e\000n\000t\000i\000a\000l\000\040\000C\000r\000o\000s\000s\000\040\000S\000e\000c\000t\000i\000o\000n}{section.52.6}% 354
\BOOKMARK [2][-]{subsection.52.6.2}{\376\377\000C\000a\000l\000c\000u\000l\000a\000t\000i\000n\000g\000\040\000M\000e\000a\000n\000\040\000F\000r\000e\000e\000\040\000P\000a\000t\000h}{section.52.6}% 355
\BOOKMARK [2][-]{subsection.52.6.3}{\376\377\000H\000a\000n\000d\000y\000\040\000F\000o\000r\000m\000u\000l\000a\000:\000\040\000C\000e\000n\000t\000r\000a\000l\000\040\000P\000o\000t\000e\000n\000t\000i\000a\000l}{section.52.6}% 356
\BOOKMARK [1][-]{section.52.7}{\376\377\000R\000i\000g\000i\000d\000-\000B\000o\000d\000y\000\040\000M\000o\000t\000i\000o\000n\000\040\000\050\000S\000u\000m\000m\000a\000r\000y\000\051}{chapter.52}% 357
\BOOKMARK [1][-]{section.52.8}{\376\377\000E\000x\000a\000m\000p\000l\000e\000s}{chapter.52}% 358
\BOOKMARK [2][-]{subsection.52.8.1}{\376\377\000C\000a\000n\000o\000n\000i\000c\000a\000l\000\040\000T\000r\000a\000n\000s\000f\000o\000r\000m\000a\000t\000i\000o\000n\000\040\000E\000x\000a\000m\000p\000l\000e}{section.52.8}% 359
\BOOKMARK [2][-]{subsection.52.8.2}{\376\377\000C\000o\000n\000s\000t\000r\000a\000i\000n\000t\000s\000\040\000E\000x\000a\000m\000p\000l\000e\000:\000\040\000H\000o\000o\000p\000\040\000R\000o\000l\000l\000i\000n\000g\000\040\000o\000n\000\040\000a\000\040\000C\000y\000l\000i\000n\000d\000e\000r}{section.52.8}% 360
