\BOOKMARK [0][-]{chapter.1}{\376\377\000E\000l\000e\000c\000t\000r\000o\000m\000a\000g\000n\000e\000t\000i\000s\000m}{}% 1
\BOOKMARK [1][-]{section.1.1}{\376\377\000E\000l\000e\000c\000t\000r\000o\000s\000t\000a\000t\000i\000c\000s}{chapter.1}% 2
\BOOKMARK [2][-]{subsection.1.1.1}{\376\377\000C\000o\000n\000s\000e\000r\000v\000a\000t\000i\000o\000n\000\040\000o\000f\000\040\000C\000h\000a\000r\000g\000e}{section.1.1}% 3
\BOOKMARK [2][-]{subsection.1.1.2}{\376\377\000Q\000u\000a\000n\000t\000i\000z\000a\000t\000i\000o\000n\000\040\000o\000f\000\040\000C\000h\000a\000r\000g\000e}{section.1.1}% 4
\BOOKMARK [1][-]{section.1.2}{\376\377\000C\000o\000u\000l\000o\000m\000b\000'\000s\000\040\000L\000a\000w}{chapter.1}% 5
\BOOKMARK [2][-]{subsection.1.2.1}{\376\377\000U\000n\000i\000t\000s\000\040\000a\000n\000d\000\040\000t\000h\000e\000\040\000C\000o\000n\000s\000t\000a\000n\000t\000\040\000k}{section.1.2}% 6
\BOOKMARK [2][-]{subsection.1.2.2}{\376\377\000S\000i\000g\000n\000i\000f\000i\000c\000a\000n\000c\000e\000\040\000o\000f\000\040\000C\000o\000u\000l\000o\000m\000b\000'\000s\000\040\000L\000a\000w\000:\000\040\000A\000d\000d\000i\000t\000i\000v\000i\000t\000y}{section.1.2}% 7
\BOOKMARK [1][-]{section.1.3}{\376\377\000E\000n\000e\000r\000g\000y\000\040\000i\000n\000\040\000a\000\040\000S\000y\000s\000t\000e\000m\000\040\000o\000f\000\040\000C\000h\000a\000r\000g\000e\000s}{chapter.1}% 8
\BOOKMARK [2][-]{subsection.1.3.1}{\376\377\000E\000l\000e\000c\000t\000r\000i\000c\000a\000l\000\040\000E\000n\000e\000r\000g\000y\000\040\000i\000n\000\040\000a\000\040\000C\000r\000y\000s\000t\000a\000l\000\040\000L\000a\000t\000t\000i\000c\000e}{section.1.3}% 9
\BOOKMARK [1][-]{section.1.4}{\376\377\000E\000l\000e\000c\000t\000r\000i\000c\000\040\000F\000i\000e\000l\000d\000s}{chapter.1}% 10
\BOOKMARK [2][-]{subsection.1.4.1}{\376\377\000V\000i\000s\000u\000a\000l\000i\000z\000i\000n\000g\000\040\000E\000l\000e\000c\000t\000r\000i\000c\000\040\000F\000i\000e\000l\000d\000s}{section.1.4}% 11
\BOOKMARK [2][-]{subsection.1.4.2}{\376\377\000E\000l\000e\000c\000t\000r\000i\000c\000\040\000F\000o\000r\000c\000e\000\040\000o\000n\000\040\000a\000\040\000T\000e\000s\000t\000\040\000C\000h\000a\000r\000g\000e}{section.1.4}% 12
\BOOKMARK [1][-]{section.1.5}{\376\377\000C\000o\000n\000t\000i\000n\000u\000o\000u\000s\000\040\000C\000h\000a\000r\000g\000e\000\040\000D\000i\000s\000t\000r\000i\000b\000u\000t\000i\000o\000n\000s}{chapter.1}% 13
\BOOKMARK [2][-]{subsection.1.5.1}{\376\377\000E\000x\000a\000m\000p\000l\000e\000:\000\040\000F\000i\000e\000l\000d\000\040\000D\000u\000e\000\040\000t\000o\000\040\000a\000\040\000H\000e\000m\000i\000s\000p\000h\000e\000r\000e\000\040\000\050\000F\000i\000n\000i\000t\000e\000\051}{section.1.5}% 14
\BOOKMARK [2][-]{subsection.1.5.2}{\376\377\000E\000x\000a\000m\000p\000l\000e\000:\000\040\000F\000i\000e\000l\000d\000\040\000o\000n\000\040\000a\000\040\000R\000i\000n\000g}{section.1.5}% 15
\BOOKMARK [2][-]{subsection.1.5.3}{\376\377\000E\000x\000a\000m\000p\000l\000e\000:\000\040\000U\000n\000i\000f\000o\000r\000m\000\040\000D\000i\000s\000k}{section.1.5}% 16
\BOOKMARK [1][-]{section.1.6}{\376\377\000F\000l\000u\000x\000\040\000a\000n\000d\000\040\000G\000a\000u\000s\000s\000'\000s\000\040\000L\000a\000w}{chapter.1}% 17
\BOOKMARK [2][-]{subsection.1.6.1}{\376\377\000F\000l\000u\000x}{section.1.6}% 18
\BOOKMARK [2][-]{subsection.1.6.2}{\376\377\000D\000e\000r\000i\000v\000a\000t\000i\000o\000n\000\040\000o\000f\000\040\000G\000a\000u\000s\000s\000'\000s\000\040\000L\000a\000w\000\040\000f\000r\000o\000m\000\040\000C\000o\000u\000l\000o\000m\000b\000'\000s\000\040\000L\000a\000w}{section.1.6}% 19
\BOOKMARK [2][-]{subsection.1.6.3}{\376\377\000A\000p\000p\000l\000y\000i\000n\000g\000\040\000G\000a\000u\000s\000s\000'\000s\000\040\000L\000a\000w\000:\000\040\000O\000n\000l\000y\000\040\0003\000\040\000U\000s\000e\000f\000u\000l\000\040\000C\000a\000s\000e\000s}{section.1.6}% 20
\BOOKMARK [2][-]{subsection.1.6.4}{\376\377\000E\000x\000a\000m\000p\000l\000e\000:\000\040\000G\000a\000u\000s\000s\000'\000s\000\040\000L\000a\000w\000\040\000o\000n\000\040\000a\000\040\000S\000p\000h\000e\000r\000i\000c\000a\000l\000\040\000S\000u\000r\000f\000a\000c\000e}{section.1.6}% 21
\BOOKMARK [2][-]{subsection.1.6.5}{\376\377\000E\000x\000a\000m\000p\000l\000e\000:\000\040\000G\000a\000u\000s\000s\000'\000s\000\040\000L\000a\000w\000\040\000o\000n\000\040\000a\000\040\000S\000p\000h\000e\000r\000i\000c\000a\000l\000\040\000C\000h\000a\000r\000g\000e\000\040\000D\000i\000s\000t\000r\000i\000b\000u\000t\000i\000o\000n}{section.1.6}% 22
\BOOKMARK [2][-]{subsection.1.6.6}{\376\377\000E\000l\000e\000c\000t\000r\000i\000c\000\040\000F\000i\000e\000l\000d\000\040\000o\000n\000\040\000a\000\040\000L\000i\000n\000e\000\040\000C\000h\000a\000r\000g\000e}{section.1.6}% 23
\BOOKMARK [2][-]{subsection.1.6.7}{\376\377\000E\000l\000e\000c\000t\000r\000i\000c\000\040\000F\000i\000e\000l\000d\000\040\000o\000f\000\040\000a\000n\000\040\000I\000n\000f\000i\000n\000i\000t\000e\000\040\000F\000l\000a\000t\000\040\000S\000h\000e\000e\000t\000\040\000o\000f\000\040\000C\000h\000a\000r\000g\000e}{section.1.6}% 24
\BOOKMARK [1][-]{section.1.7}{\376\377\000F\000o\000r\000c\000e\000\040\000o\000n\000\040\000a\000\040\000L\000a\000y\000e\000r\000\040\000o\000f\000\040\000C\000h\000a\000r\000g\000e}{chapter.1}% 25
\BOOKMARK [1][-]{section.1.8}{\376\377\000E\000n\000e\000r\000g\000y\000\040\000D\000e\000n\000s\000i\000t\000y\000\040\000o\000f\000\040\000t\000h\000e\000\040\000E\000l\000e\000c\000t\000r\000i\000c\000\040\000F\000i\000e\000l\000d}{chapter.1}% 26
\BOOKMARK [2][-]{subsection.1.8.1}{\376\377\000E\000x\000a\000m\000p\000l\000e\000:\000\040\000P\000o\000t\000e\000n\000t\000i\000a\000l\000\040\000E\000n\000e\000r\000g\000y\000\040\000o\000f\000\040\000a\000\040\000U\000n\000i\000f\000o\000r\000m\000\040\000S\000p\000h\000e\000r\000e}{section.1.8}% 27
\BOOKMARK [1][-]{section.1.9}{\376\377\000G\000a\000u\000s\000s\000'\000s\000\040\000L\000a\000w\000:\000\040\000I\000l\000l\000u\000s\000t\000r\000a\000t\000i\000v\000e\000\040\000E\000x\000a\000m\000p\000l\000e\000s}{chapter.1}% 28
\BOOKMARK [1][-]{section.1.10}{\376\377\000C\000h\000a\000p\000t\000e\000r\000\040\000S\000u\000m\000m\000a\000r\000y}{chapter.1}% 29
\BOOKMARK [2][-]{subsection.1.10.1}{\376\377\000F\000o\000r\000c\000e\000s\000\040\000B\000e\000t\000w\000e\000e\000n\000\040\000T\000w\000o\000\040\000C\000h\000a\000r\000g\000e\000s}{section.1.10}% 30
\BOOKMARK [2][-]{subsection.1.10.2}{\376\377\000P\000o\000t\000e\000n\000t\000i\000a\000l\000\040\000E\000n\000e\000r\000g\000y\000\040\000o\000f\000\040\000a\000\040\000S\000y\000s\000t\000e\000m\000\040\000o\000f\000\040\000C\000h\000a\000r\000g\000e\000s}{section.1.10}% 31
\BOOKMARK [2][-]{subsection.1.10.3}{\376\377\000E\000l\000e\000c\000t\000r\000i\000c\000\040\000F\000i\000e\000l\000d\000\040\000D\000u\000e\000\040\000t\000o\000\040\000a\000\040\000C\000h\000a\000r\000g\000e\000\040\000D\000i\000s\000t\000r\000i\000b\000u\000t\000i\000o\000n}{section.1.10}% 32
\BOOKMARK [2][-]{subsection.1.10.4}{\376\377\000F\000l\000u\000x\000\040\000o\000f\000\040\000a\000n\000\040\000E\000l\000e\000c\000t\000r\000i\000c\000\040\000F\000i\000e\000l\000d\000\040\000t\000h\000r\000o\000u\000g\000h\000\040\000S\000u\000r\000f\000a\000c\000e\000\040\000S}{section.1.10}% 33
\BOOKMARK [2][-]{subsection.1.10.5}{\376\377\000H\000a\000n\000d\000y\000\040\000T\000r\000i\000g\000\040\000S\000u\000b\000s\000t\000i\000t\000u\000t\000i\000o\000n\000s}{section.1.10}% 34
\BOOKMARK [1][-]{section.1.11}{\376\377\000S\000e\000l\000e\000c\000t\000e\000d\000\040\000P\000r\000o\000b\000l\000e\000m\000s}{chapter.1}% 35
\BOOKMARK [2][-]{subsection.1.11.1}{\376\377\000P\000r\000o\000b\000l\000e\000m\000\040\0001\000.\0001\0003\000\040\040\024\000\040\000H\000o\000l\000e\000\040\000i\000n\000\040\000a\000\040\000P\000l\000a\000n\000e}{section.1.11}% 36
\BOOKMARK [0][-]{chapter.2}{\376\377\000T\000h\000e\000\040\000E\000l\000e\000c\000t\000r\000i\000c\000\040\000P\000o\000t\000e\000n\000t\000i\000a\000l}{}% 37
\BOOKMARK [1][-]{section.2.1}{\376\377\000L\000i\000n\000e\000\040\000I\000n\000t\000e\000g\000r\000a\000l\000\040\000o\000f\000\040\000t\000h\000e\000\040\000E\000l\000e\000c\000t\000r\000i\000c\000\040\000F\000i\000e\000l\000d}{chapter.2}% 38
\BOOKMARK [1][-]{section.2.2}{\376\377\000P\000o\000t\000e\000n\000t\000i\000a\000l\000\040\000D\000i\000f\000f\000e\000r\000e\000n\000c\000e\000\040\000a\000n\000d\000\040\000t\000h\000e\000\040\000P\000o\000t\000e\000n\000t\000i\000a\000l\000\040\000F\000u\000n\000c\000t\000i\000o\000n}{chapter.2}% 39
\BOOKMARK [1][-]{section.2.3}{\376\377\000G\000r\000a\000d\000i\000e\000n\000t\000\040\000o\000f\000\040\000a\000\040\000S\000c\000a\000l\000a\000r\000\040\000F\000u\000n\000c\000t\000i\000o\000n}{chapter.2}% 40
\BOOKMARK [2][-]{subsection.2.3.1}{\376\377\000D\000e\000r\000i\000v\000a\000t\000i\000o\000n\000\040\000o\000f\000\040\000t\000h\000e\000\040\000F\000i\000e\000l\000d\000\040\000f\000r\000o\000m\000\040\000t\000h\000e\000\040\000P\000o\000t\000e\000n\000t\000i\000a\000l}{section.2.3}% 41
\BOOKMARK [2][-]{subsection.2.3.2}{\376\377\000E\000q\000u\000i\000p\000o\000t\000e\000n\000t\000i\000a\000l\000\040\000L\000i\000n\000e\000s}{section.2.3}% 42
\BOOKMARK [2][-]{subsection.2.3.3}{\376\377\000P\000o\000t\000e\000n\000t\000i\000a\000l\000\040\000o\000f\000\040\000a\000\040\000C\000h\000a\000r\000g\000e\000\040\000D\000i\000s\000t\000r\000i\000b\000u\000t\000i\000o\000n}{section.2.3}% 43
\BOOKMARK [1][-]{section.2.4}{\376\377\000U\000n\000i\000f\000o\000r\000m\000l\000y\000\040\000C\000h\000a\000r\000g\000e\000d\000\040\000D\000i\000s\000k}{chapter.2}% 44
\BOOKMARK [1][-]{section.2.5}{\376\377\000D\000i\000p\000o\000l\000e\000s}{chapter.2}% 45
\BOOKMARK [2][-]{subsection.2.5.1}{\376\377\000C\000a\000l\000c\000u\000l\000a\000t\000i\000o\000n\000\040\000o\000f\000\040\000\040\000a\000n\000d\000\040\000E}{section.2.5}% 46
\BOOKMARK [2][-]{subsection.2.5.2}{\376\377\000F\000i\000n\000d\000i\000n\000g\000\040\000E\000\040\000i\000n\000\040\000a\000\040\000D\000i\000p\000o\000l\000e\000\040\040\024\000\040\000D\000e\000r\000i\000v\000a\000t\000i\000o\000n\000\040\000o\000f\000\040\000S\000p\000h\000e\000r\000i\000c\000a\000l\000\040\000G\000r\000a\000d\000i\000e\000n\000t}{section.2.5}% 47
\BOOKMARK [2][-]{subsection.2.5.3}{\376\377\000F\000i\000e\000l\000d\000\040\000L\000i\000n\000e\000s\000\040\000f\000o\000r\000\040\000E}{section.2.5}% 48
\BOOKMARK [2][-]{subsection.2.5.4}{\376\377\000D\000e\000r\000i\000v\000i\000n\000g\000\040\000E\000q\000u\000a\000t\000i\000o\000n\000s\000\040\000f\000o\000r\000\040\000F\000i\000e\000l\000d\000\040\000L\000i\000n\000e\000s\000\040\000a\000n\000d\000\040\000E\000q\000u\000i\000p\000o\000t\000e\000n\000t\000i\000a\000l\000\040\000L\000i\000n\000e\000s}{section.2.5}% 49
\BOOKMARK [1][-]{section.2.6}{\376\377\000D\000i\000v\000e\000r\000g\000e\000n\000c\000e\000\040\000o\000f\000\040\000a\000\040\000V\000e\000c\000t\000o\000r\000\040\000F\000u\000n\000c\000t\000i\000o\000n}{chapter.2}% 50
\BOOKMARK [1][-]{section.2.7}{\376\377\000G\000a\000u\000s\000s\000'\000s\000\040\000T\000h\000e\000o\000r\000e\000m\000\040\000a\000n\000d\000\040\000t\000h\000e\000\040\000D\000i\000f\000f\000e\000r\000e\000n\000t\000i\000a\000l\000\040\000F\000o\000r\000m\000\040\000o\000f\000\040\000G\000a\000u\000s\000s\000'\000s\000\040\000L\000a\000w}{chapter.2}% 51
\BOOKMARK [1][-]{section.2.8}{\376\377\000D\000e\000r\000i\000v\000a\000t\000i\000o\000n\000\040\000o\000f\000\040\000D\000i\000v\000e\000r\000g\000e\000n\000c\000e\000\040\000i\000n\000\040\000C\000a\000r\000t\000e\000s\000i\000a\000n\000\040\000C\000o\000o\000r\000d\000i\000n\000a\000t\000e\000s}{chapter.2}% 52
\BOOKMARK [1][-]{section.2.9}{\376\377\000T\000h\000e\000\040\000L\000a\000p\000l\000a\000c\000i\000a\000n}{chapter.2}% 53
\BOOKMARK [1][-]{section.2.10}{\376\377\000L\000a\000p\000l\000a\000c\000e\000'\000s\000\040\000E\000q\000u\000a\000t\000i\000o\000n}{chapter.2}% 54
\BOOKMARK [1][-]{section.2.11}{\376\377\000V\000e\000c\000t\000o\000r\000\040\000C\000u\000r\000l\000:\000\040\000S\000t\000o\000k\000e\000s\000'\000s\000\040\000T\000h\000e\000o\000r\000e\000m}{chapter.2}% 55
\BOOKMARK [2][-]{subsection.2.11.1}{\376\377\000S\000t\000o\000k\000e\000s\000'\000s\000\040\000T\000h\000e\000o\000r\000e\000m}{section.2.11}% 56
\BOOKMARK [2][-]{subsection.2.11.2}{\376\377\000C\000u\000r\000l\000\040\000i\000n\000\040\000C\000a\000r\000t\000e\000s\000i\000a\000n\000\040\000C\000o\000o\000r\000d\000i\000n\000a\000t\000e\000s}{section.2.11}% 57
\BOOKMARK [2][-]{subsection.2.11.3}{\376\377\000P\000h\000y\000s\000i\000c\000a\000l\000\040\000M\000e\000a\000n\000i\000n\000g\000\040\000o\000f\000\040\000C\000u\000r\000l}{section.2.11}% 58
\BOOKMARK [2][-]{subsection.2.11.4}{\376\377\000C\000u\000r\000l\000\040\000i\000n\000\040\000S\000p\000h\000e\000r\000i\000c\000a\000l\000\040\000C\000o\000o\000r\000d\000i\000n\000a\000t\000e\000s}{section.2.11}% 59
\BOOKMARK [1][-]{section.2.12}{\376\377\000D\000i\000v\000e\000r\000g\000e\000n\000c\000e\000\040\000o\000f\000\040\000t\000h\000e\000\040\000F\000i\000e\000l\000d\000\040\000o\000f\000\040\000a\000\040\000P\000o\000i\000n\000t\000\040\000C\000h\000a\000r\000g\000e}{chapter.2}% 60
\BOOKMARK [2][-]{subsection.2.12.1}{\376\377\000E\000l\000e\000c\000t\000r\000i\000c\000\040\000P\000o\000t\000e\000n\000t\000i\000a\000l\000\040\000a\000s\000\040\000a\000\040\000S\000u\000m\000m\000a\000r\000y\000\040\000o\000f\000\040\000t\000h\000e\000\040\000V\000e\000c\000t\000o\000r\000\040\000F\000i\000e\000l\000d}{section.2.12}% 61
\BOOKMARK [1][-]{section.2.13}{\376\377\000I\000n\000t\000e\000r\000e\000s\000t\000i\000n\000g\000\040\000R\000e\000s\000u\000l\000t\000:\000\040\000M\000e\000a\000n\000\040\000V\000a\000l\000u\000e\000\040\000T\000h\000e\000o\000r\000e\000m\000\040\000f\000o\000r\000\040\000t\000h\000e\000\040\000P\000o\000t\000e\000n\000t\000i\000a\000l}{chapter.2}% 62
\BOOKMARK [0][-]{chapter.3}{\376\377\000C\000o\000n\000d\000u\000c\000t\000o\000r\000s\000\040\000a\000n\000d\000\040\000C\000a\000p\000a\000c\000i\000t\000a\000n\000c\000e}{}% 63
\BOOKMARK [1][-]{section.3.1}{\376\377\000C\000o\000n\000d\000u\000c\000t\000o\000r\000s\000\040\000i\000n\000\040\000a\000n\000\040\000E\000l\000e\000c\000t\000r\000o\000s\000t\000a\000t\000i\000c\000\040\000F\000i\000e\000l\000d}{chapter.3}% 64
\BOOKMARK [2][-]{subsection.3.1.1}{\376\377\000S\000u\000m\000m\000a\000r\000y\000\040\000o\000f\000\040\000C\000o\000n\000d\000u\000c\000t\000o\000r\000\040\000F\000a\000c\000t\000s}{section.3.1}% 65
\BOOKMARK [1][-]{section.3.2}{\376\377\000G\000e\000n\000e\000r\000a\000l\000\040\000E\000l\000e\000c\000t\000r\000o\000s\000t\000a\000t\000i\000c\000\040\000P\000r\000o\000b\000l\000e\000m\000\040\000\046\000\040\000U\000n\000i\000q\000u\000e\000n\000e\000s\000s\000\040\000T\000h\000e\000o\000r\000e\000m}{chapter.3}% 66
\BOOKMARK [2][-]{subsection.3.2.1}{\376\377\000W\000h\000y\000\040\000T\000h\000e\000r\000e\000\040\000A\000r\000e\000\040\000N\000o\000\040\000F\000i\000e\000l\000d\000\040\000L\000i\000n\000e\000s\000\040\000I\000n\000s\000i\000d\000e\000\040\000a\000\040\000C\000o\000n\000d\000u\000c\000t\000o\000r}{section.3.2}% 67
\BOOKMARK [1][-]{section.3.3}{\376\377\000I\000m\000a\000g\000e\000\040\000C\000h\000a\000r\000g\000e\000\040\000T\000e\000c\000h\000n\000i\000q\000u\000e\000\040\000\050\000M\000e\000t\000h\000o\000d\000\051}{chapter.3}% 68
\BOOKMARK [2][-]{subsection.3.3.1}{\376\377\000G\000e\000n\000e\000r\000a\000l\000\040\000S\000t\000r\000a\000t\000e\000g\000y\000\040\000f\000o\000r\000\040\000t\000h\000e\000\040\000I\000m\000a\000g\000e\000\040\000C\000h\000a\000r\000g\000e\000\040\000M\000e\000t\000h\000o\000d}{section.3.3}% 69
\BOOKMARK [1][-]{section.3.4}{\376\377\000C\000a\000p\000a\000c\000i\000t\000a\000n\000c\000e}{chapter.3}% 70
\BOOKMARK [2][-]{subsection.3.4.1}{\376\377\000C\000a\000p\000a\000c\000i\000t\000a\000n\000c\000e\000\040\000f\000o\000r\000\040\000M\000u\000l\000t\000i\000p\000l\000e\000\040\000C\000o\000n\000d\000u\000c\000t\000o\000r\000s}{section.3.4}% 71
\BOOKMARK [1][-]{section.3.5}{\376\377\000P\000o\000t\000e\000n\000t\000i\000a\000l\000s\000\040\000a\000n\000d\000\040\000C\000h\000a\000r\000g\000e\000s\000\040\000o\000n\000\040\000S\000e\000v\000e\000r\000a\000l\000\040\000C\000o\000n\000d\000u\000c\000t\000o\000r\000s}{chapter.3}% 72
\BOOKMARK [1][-]{section.3.6}{\376\377\000E\000n\000e\000r\000g\000y\000\040\000S\000t\000o\000r\000e\000d\000\040\000i\000n\000\040\000a\000\040\000C\000a\000p\000a\000c\000i\000t\000o\000r}{chapter.3}% 73
\BOOKMARK [1][-]{section.3.7}{\376\377\000F\000o\000r\000c\000e\000\040\000R\000e\000q\000u\000i\000r\000e\000d\000\040\000t\000o\000\040\000K\000e\000e\000p\000\040\000C\000a\000p\000a\000c\000i\000t\000o\000r\000\040\000P\000l\000a\000t\000e\000s\000\040\000A\000p\000a\000r\000t}{chapter.3}% 74
\BOOKMARK [1][-]{section.3.8}{\376\377\000C\000o\000n\000d\000u\000c\000t\000o\000r\000s\000\040\000a\000n\000d\000\040\000C\000u\000r\000r\000e\000n\000t\000\040\000D\000e\000n\000s\000i\000t\000y\000\040\000\050\000I\000n\000t\000r\000o\000d\000u\000c\000t\000i\000o\000n\000\051}{chapter.3}% 75
\BOOKMARK [2][-]{subsection.3.8.1}{\376\377\000S\000y\000s\000t\000e\000m\000\040\000o\000f\000\040\000S\000i\000m\000p\000l\000e\000\040\000C\000o\000n\000d\000u\000c\000t\000o\000r\000s\000\040\000\050\000C\000o\000n\000c\000e\000n\000t\000r\000i\000c\000\040\000S\000p\000h\000e\000r\000i\000c\000a\000l\000\040\000S\000h\000e\000l\000l\000s\000\051}{section.3.8}% 76
\BOOKMARK [2][-]{subsection.3.8.2}{\376\377\000S\000p\000h\000e\000r\000i\000c\000a\000l\000\040\000C\000a\000p\000a\000c\000i\000t\000o\000r}{section.3.8}% 77
\BOOKMARK [1][-]{section.3.9}{\376\377\000I\000m\000a\000g\000e\000\040\000C\000h\000a\000r\000g\000e\000:\000\040\000A\000d\000d\000i\000t\000i\000o\000n\000a\000l\000\040\000D\000e\000t\000a\000i\000l\000s}{chapter.3}% 78
\BOOKMARK [2][-]{subsection.3.9.1}{\376\377\000O\000t\000h\000e\000r\000\040\000I\000m\000a\000g\000e\000\040\000C\000h\000a\000r\000g\000e\000s}{section.3.9}% 79
\BOOKMARK [1][-]{section.3.10}{\376\377\000C\000o\000n\000d\000u\000c\000t\000o\000r\000s}{chapter.3}% 80
\BOOKMARK [1][-]{section.3.11}{\376\377\000C\000a\000p\000a\000c\000i\000t\000a\000n\000c\000e\000:\000\040\000F\000u\000r\000t\000h\000e\000r\000\040\000E\000x\000a\000m\000p\000l\000e\000s}{chapter.3}% 81
\BOOKMARK [2][-]{subsection.3.11.1}{\376\377\000E\000n\000e\000r\000g\000y\000\040\000S\000t\000o\000r\000e\000d\000\040\000p\000e\000r\000\040\000U\000n\000i\000t\000\040\000L\000e\000n\000g\000t\000h\000\040\000\050\000C\000o\000a\000x\000i\000a\000l\000\040\000C\000a\000p\000a\000c\000i\000t\000o\000r\000\051}{section.3.11}% 82
\BOOKMARK [2][-]{subsection.3.11.2}{\376\377\000C\000a\000p\000a\000c\000i\000t\000o\000r\000\040\000P\000a\000r\000a\000d\000o\000x}{section.3.11}% 83
\BOOKMARK [0][-]{chapter.4}{\376\377\000C\000u\000r\000r\000e\000n\000t}{}% 84
\BOOKMARK [1][-]{section.4.1}{\376\377\000E\000l\000e\000c\000t\000r\000i\000c\000\040\000C\000u\000r\000r\000e\000n\000t}{chapter.4}% 85
\BOOKMARK [1][-]{section.4.2}{\376\377\000S\000t\000e\000a\000d\000y\000\040\000C\000u\000r\000r\000e\000n\000t\000s\000\040\000a\000n\000d\000\040\000C\000h\000a\000r\000g\000e\000\040\000C\000o\000n\000s\000e\000r\000v\000a\000t\000i\000o\000n}{chapter.4}% 86
\BOOKMARK [1][-]{section.4.3}{\376\377\000O\000h\000m\000'\000s\000\040\000L\000a\000w}{chapter.4}% 87
\BOOKMARK [0][-]{chapter.5}{\376\377\000B\000a\000t\000t\000e\000r\000i\000e\000s\000\040\000a\000n\000d\000\040\000C\000i\000r\000c\000u\000i\000t\000s}{}% 88
\BOOKMARK [1][-]{section.5.1}{\376\377\000B\000a\000t\000t\000e\000r\000i\000e\000s}{chapter.5}% 89
\BOOKMARK [2][-]{subsection.5.1.1}{\376\377\000E\000M\000F\000:\000\040\000E\000l\000e\000c\000t\000r\000o\000m\000o\000t\000i\000v\000e\000\040\000F\000o\000r\000c\000e}{section.5.1}% 90
\BOOKMARK [1][-]{section.5.2}{\376\377\000C\000i\000r\000c\000u\000i\000t\000s}{chapter.5}% 91
\BOOKMARK [2][-]{subsection.5.2.1}{\376\377\000K\000i\000r\000c\000h\000h\000o\000f\000f\000'\000s\000\040\000R\000u\000l\000e\000s}{section.5.2}% 92
\BOOKMARK [2][-]{subsection.5.2.2}{\376\377\000R\000e\000s\000i\000s\000t\000o\000r\000s\000\040\000i\000n\000\040\000S\000e\000r\000i\000e\000s}{section.5.2}% 93
\BOOKMARK [2][-]{subsection.5.2.3}{\376\377\000R\000e\000s\000i\000s\000t\000o\000r\000s\000\040\000i\000n\000\040\000P\000a\000r\000a\000l\000l\000e\000l}{section.5.2}% 94
\BOOKMARK [2][-]{subsection.5.2.4}{\376\377\000E\000n\000e\000r\000g\000y\000\040\000D\000i\000s\000s\000i\000p\000a\000t\000i\000o\000n}{section.5.2}% 95
\BOOKMARK [1][-]{section.5.3}{\376\377\000L\000i\000n\000e\000a\000r\000i\000t\000y\000\040\000o\000f\000\040\000D\000C\000\040\000N\000e\000t\000w\000o\000r\000k\000s}{chapter.5}% 96
\BOOKMARK [1][-]{section.5.4}{\376\377\000E\000n\000e\000r\000g\000y\000\040\000D\000i\000s\000s\000i\000p\000a\000t\000i\000o\000n\000\040\000i\000n\000\040\000C\000u\000r\000r\000e\000n\000t\000\040\000F\000l\000o\000w}{chapter.5}% 97
\BOOKMARK [1][-]{section.5.5}{\376\377\000E\000l\000e\000c\000t\000r\000o\000m\000o\000t\000i\000v\000e\000\040\000F\000o\000r\000c\000e\000\040\000a\000n\000d\000\040\000V\000o\000l\000t\000a\000i\000c\000\040\000C\000e\000l\000l\000s}{chapter.5}% 98
\BOOKMARK [2][-]{subsection.5.5.1}{\376\377\000E\000x\000a\000m\000p\000l\000e\000:\000\040\000V\000o\000l\000t\000a\000i\000c\000\040\000C\000e\000l\000l\000s}{section.5.5}% 99
\BOOKMARK [1][-]{section.5.6}{\376\377\000N\000e\000t\000w\000o\000r\000k\000s\000\040\000w\000i\000t\000h\000\040\000V\000o\000l\000t\000a\000g\000e\000\040\000S\000o\000u\000r\000c\000e\000s}{chapter.5}% 100
\BOOKMARK [2][-]{subsection.5.6.1}{\376\377\000A\000p\000p\000l\000y\000i\000n\000g\000\040\000K\000i\000r\000c\000h\000h\000o\000f\000f\000'\000s\000\040\000R\000u\000l\000e\000s}{section.5.6}% 101
\BOOKMARK [1][-]{section.5.7}{\376\377\000T\000h\000e\000v\000e\000n\000i\000n\000'\000s\000\040\000T\000h\000e\000o\000r\000e\000m}{chapter.5}% 102
\BOOKMARK [2][-]{subsection.5.7.1}{\376\377\000I\000f\000\040\000W\000e\000\040\000D\000o\000\040\000K\000n\000o\000w\000\040\000t\000h\000e\000\040\000B\000o\000x}{section.5.7}% 103
\BOOKMARK [1][-]{section.5.8}{\376\377\000V\000a\000r\000i\000a\000b\000l\000e\000\040\000C\000u\000r\000r\000e\000n\000t\000s\000\040\000i\000n\000\040\000C\000a\000p\000a\000c\000i\000t\000o\000r\000s\000\040\000a\000n\000d\000\040\000R\000e\000s\000i\000s\000t\000o\000r\000s}{chapter.5}% 104
\BOOKMARK [1][-]{section.5.9}{\376\377\000C\000h\000a\000r\000a\000c\000t\000e\000r\000i\000s\000t\000i\000c\000\040\000T\000i\000m\000e\000\040\000C\000o\000n\000s\000t\000a\000n\000t\000\040\000i\000n\000\040\000G\000e\000n\000e\000r\000a\000l}{chapter.5}% 105
\BOOKMARK [1][-]{section.5.10}{\376\377\000V\000o\000l\000t\000a\000g\000e\000\040\000D\000i\000v\000i\000d\000e\000r}{chapter.5}% 106
\BOOKMARK [1][-]{section.5.11}{\376\377\000V\000a\000r\000i\000a\000b\000l\000e\000\040\000C\000u\000r\000r\000e\000n\000t\000s\000\040\000w\000i\000t\000h\000\040\000C\000a\000p\000a\000c\000i\000t\000o\000r\000s\000\040\000\050\000C\000h\000a\000r\000g\000i\000n\000g\000\051}{chapter.5}% 107
\BOOKMARK [2][-]{subsection.5.11.1}{\376\377\000C\000h\000a\000r\000g\000i\000n\000g\000\040\000w\000i\000t\000h\000\040\000B\000a\000t\000t\000e\000r\000y\000\040\000\050\000H\000i\000g\000h\000-\000P\000a\000s\000s\000\040\000F\000i\000l\000t\000e\000r\000\051}{section.5.11}% 108
\BOOKMARK [1][-]{section.5.12}{\376\377\000R\000e\000l\000a\000x\000a\000t\000i\000o\000n\000\040\000O\000s\000c\000i\000l\000l\000a\000t\000o\000r}{chapter.5}% 109
\BOOKMARK [1][-]{section.5.13}{\376\377\000W\000e\000i\000r\000d\000\040\000E\000x\000a\000m\000p\000l\000e\000:\000\040\000T\000h\000e\000v\000e\000n\000i\000n\000\040\000E\000q\000u\000i\000v\000a\000l\000e\000n\000c\000e}{chapter.5}% 110
\BOOKMARK [2][-]{subsection.5.13.1}{\376\377\000S\000t\000e\000p\000s\000\040\000t\000o\000\040\000F\000i\000n\000d\000\040\000T\000h\000e\000v\000e\000n\000i\000n\000\040\000E\000q\000u\000i\000v\000a\000l\000e\000n\000t}{section.5.13}% 111
\BOOKMARK [1][-]{section.5.14}{\376\377\000C\000o\000m\000b\000i\000n\000i\000n\000g\000\040\000C\000a\000p\000a\000c\000i\000t\000o\000r\000s}{chapter.5}% 112
\BOOKMARK [2][-]{subsection.5.14.1}{\376\377\000I\000n\000\040\000S\000e\000r\000i\000e\000s}{section.5.14}% 113
\BOOKMARK [2][-]{subsection.5.14.2}{\376\377\000I\000n\000\040\000P\000a\000r\000a\000l\000l\000e\000l}{section.5.14}% 114
\BOOKMARK [2][-]{subsection.5.14.3}{\376\377\000K\000i\000r\000c\000h\000h\000o\000f\000f\000'\000s\000\040\000R\000u\000l\000e\000s\000\040\000f\000o\000r\000\040\000L\000o\000o\000p\000s}{section.5.14}% 115
\BOOKMARK [2][-]{subsection.5.14.4}{\376\377\000S\000i\000g\000n\000\040\000R\000u\000l\000e\000s\000\040\000f\000o\000r\000\040\000C\000a\000p\000a\000c\000i\000t\000o\000r\000s\000\040\000a\000n\000d\000\040\000R\000e\000s\000i\000s\000t\000o\000r\000s}{section.5.14}% 116
\BOOKMARK [2][-]{subsection.5.14.5}{\376\377\000E\000x\000a\000m\000p\000l\000e\000\040\0001\000:\000\040\000T\000h\000r\000e\000e\000-\000L\000o\000o\000p\000\040\000C\000i\000r\000c\000u\000i\000t}{section.5.14}% 117
\BOOKMARK [2][-]{subsection.5.14.6}{\376\377\000C\000a\000p\000a\000c\000i\000t\000o\000r\000s\000\040\000i\000n\000\040\000L\000o\000o\000p\000\040\000A\000n\000a\000l\000y\000s\000i\000s}{section.5.14}% 118
\BOOKMARK [0][-]{chapter.6}{\376\377\000E\000l\000e\000c\000t\000r\000o\000n\000i\000c\000s\000:\000\040\000O\000p\000-\000A\000m\000p\000s\000,\000\040\000T\000r\000a\000n\000s\000i\000s\000t\000o\000r\000s\000,\000\040\000L\000E\000D\000s\000,\000\040\000R\000C\000\040\000F\000i\000l\000t\000e\000r\000s\000,\000\040\000a\000n\000d\000\040\0005\0005\0005\000\040\000T\000i\000m\000e\000r\000s}{}% 119
\BOOKMARK [1][-]{section.6.1}{\376\377\000O\000p\000e\000r\000a\000t\000i\000o\000n\000a\000l\000\040\000A\000m\000p\000l\000i\000f\000i\000e\000r\000s}{chapter.6}% 120
\BOOKMARK [2][-]{subsection.6.1.1}{\376\377\000I\000n\000v\000e\000r\000t\000i\000n\000g\000\040\000A\000m\000p\000l\000i\000f\000i\000e\000r}{section.6.1}% 121
\BOOKMARK [2][-]{subsection.6.1.2}{\376\377\000N\000o\000n\000-\000I\000n\000v\000e\000r\000t\000i\000n\000g\000\040\000A\000m\000p\000l\000i\000f\000i\000e\000r}{section.6.1}% 122
\BOOKMARK [2][-]{subsection.6.1.3}{\376\377\000V\000o\000l\000t\000a\000g\000e\000\040\000F\000o\000l\000l\000o\000w\000e\000r\000\040\000\050\000B\000u\000f\000f\000e\000r\000\051}{section.6.1}% 123
\BOOKMARK [2][-]{subsection.6.1.4}{\376\377\000S\000u\000m\000m\000i\000n\000g\000\040\000A\000m\000p\000l\000i\000f\000i\000e\000r}{section.6.1}% 124
\BOOKMARK [2][-]{subsection.6.1.5}{\376\377\000D\000i\000f\000f\000e\000r\000e\000n\000c\000e\000\040\000A\000m\000p\000l\000i\000f\000i\000e\000r}{section.6.1}% 125
\BOOKMARK [2][-]{subsection.6.1.6}{\376\377\000I\000n\000t\000e\000g\000r\000a\000t\000o\000r}{section.6.1}% 126
\BOOKMARK [2][-]{subsection.6.1.7}{\376\377\000D\000i\000f\000f\000e\000r\000e\000n\000t\000i\000a\000t\000o\000r}{section.6.1}% 127
\BOOKMARK [2][-]{subsection.6.1.8}{\376\377\000C\000o\000m\000p\000a\000r\000a\000t\000o\000r\000\040\000a\000n\000d\000\040\000S\000c\000h\000m\000i\000t\000t\000\040\000T\000r\000i\000g\000g\000e\000r}{section.6.1}% 128
\BOOKMARK [1][-]{section.6.2}{\376\377\000D\000i\000o\000d\000e\000s\000\040\000a\000n\000d\000\040\000L\000E\000D\000s}{chapter.6}% 129
\BOOKMARK [1][-]{section.6.3}{\376\377\000B\000i\000p\000o\000l\000a\000r\000\040\000J\000u\000n\000c\000t\000i\000o\000n\000\040\000T\000r\000a\000n\000s\000i\000s\000t\000o\000r\000s\000\040\000\050\000B\000J\000T\000s\000\051}{chapter.6}% 130
\BOOKMARK [2][-]{subsection.6.3.1}{\376\377\000T\000r\000a\000n\000s\000i\000s\000t\000o\000r\000\040\000a\000s\000\040\000a\000\040\000S\000w\000i\000t\000c\000h}{section.6.3}% 131
\BOOKMARK [2][-]{subsection.6.3.2}{\376\377\000C\000o\000m\000m\000o\000n\000-\000E\000m\000i\000t\000t\000e\000r\000\040\000A\000m\000p\000l\000i\000f\000i\000e\000r}{section.6.3}% 132
\BOOKMARK [1][-]{section.6.4}{\376\377\000R\000C\000\040\000F\000i\000l\000t\000e\000r\000s}{chapter.6}% 133
\BOOKMARK [1][-]{section.6.5}{\376\377\000T\000h\000e\000\040\0005\0005\0005\000\040\000T\000i\000m\000e\000r}{chapter.6}% 134
\BOOKMARK [2][-]{subsection.6.5.1}{\376\377\000M\000o\000n\000o\000s\000t\000a\000b\000l\000e\000\040\000M\000o\000d\000e\000\040\000\050\000O\000n\000e\000-\000S\000h\000o\000t\000\051}{section.6.5}% 135
\BOOKMARK [2][-]{subsection.6.5.2}{\376\377\000A\000s\000t\000a\000b\000l\000e\000\040\000M\000o\000d\000e\000\040\000\050\000F\000r\000e\000e\000-\000R\000u\000n\000n\000i\000n\000g\000\040\000O\000s\000c\000i\000l\000l\000a\000t\000o\000r\000\051}{section.6.5}% 136
\BOOKMARK [0][-]{chapter.7}{\376\377\000S\000p\000e\000c\000i\000a\000l\000\040\000R\000e\000l\000a\000t\000i\000v\000i\000t\000y}{}% 137
\BOOKMARK [1][-]{section.7.1}{\376\377\000E\000i\000n\000s\000t\000e\000i\000n\000'\000s\000\040\000P\000o\000s\000t\000u\000l\000a\000t\000e\000s}{chapter.7}% 138
\BOOKMARK [0][-]{chapter.8}{\376\377\000R\000e\000l\000a\000t\000i\000v\000i\000t\000y\000\040\000a\000n\000d\000\040\000E\000l\000e\000c\000t\000r\000o\000m\000a\000g\000n\000e\000t\000i\000s\000m}{}% 139
\BOOKMARK [1][-]{section.8.1}{\376\377\000M\000a\000g\000n\000e\000t\000i\000c\000\040\000F\000o\000r\000c\000e\000s}{chapter.8}% 140
\BOOKMARK [1][-]{section.8.2}{\376\377\000M\000e\000a\000s\000u\000r\000e\000m\000e\000n\000t\000\040\000o\000f\000\040\000C\000h\000a\000r\000g\000e\000\040\000i\000n\000\040\000M\000o\000t\000i\000o\000n}{chapter.8}% 141
\BOOKMARK [1][-]{section.8.3}{\376\377\000E\000l\000e\000c\000t\000r\000i\000c\000\040\000F\000i\000e\000l\000d\000\040\000i\000n\000\040\000D\000i\000f\000f\000e\000r\000e\000n\000t\000\040\000F\000r\000a\000m\000e\000s}{chapter.8}% 142
\BOOKMARK [1][-]{section.8.4}{\376\377\000F\000i\000e\000l\000d\000\040\000o\000f\000\040\000a\000\040\000M\000o\000v\000i\000n\000g\000\040\000P\000o\000i\000n\000t\000\040\000C\000h\000a\000r\000g\000e}{chapter.8}% 143
\BOOKMARK [1][-]{section.8.5}{\376\377\000F\000o\000r\000c\000e\000\040\000o\000n\000\040\000a\000\040\000M\000o\000v\000i\000n\000g\000\040\000C\000h\000a\000r\000g\000e}{chapter.8}% 144
\BOOKMARK [1][-]{section.8.6}{\376\377\000I\000n\000t\000e\000r\000a\000c\000t\000i\000o\000n\000\040\000B\000e\000t\000w\000e\000e\000n\000\040\000M\000o\000v\000i\000n\000g\000\040\000C\000h\000a\000r\000g\000e\000s}{chapter.8}% 145
\BOOKMARK [1][-]{section.8.7}{\376\377\000L\000o\000r\000e\000n\000t\000z\000\040\000T\000r\000a\000n\000s\000f\000o\000r\000m\000a\000t\000i\000o\000n\000s}{chapter.8}% 146
\BOOKMARK [1][-]{section.8.8}{\376\377\000V\000e\000l\000o\000c\000i\000t\000y\000\040\000A\000d\000d\000i\000t\000i\000o\000n}{chapter.8}% 147
\BOOKMARK [1][-]{section.8.9}{\376\377\000R\000e\000l\000a\000t\000i\000v\000i\000s\000t\000i\000c\000\040\000E\000n\000e\000r\000g\000y\000\040\000a\000n\000d\000\040\000M\000o\000m\000e\000n\000t\000u\000m}{chapter.8}% 148
\BOOKMARK [0][-]{chapter.9}{\376\377\000T\000h\000e\000\040\000M\000a\000g\000n\000e\000t\000i\000c\000\040\000F\000i\000e\000l\000d}{}% 149
\BOOKMARK [1][-]{section.9.1}{\376\377\000D\000e\000f\000i\000n\000i\000t\000i\000o\000n\000\040\000o\000f\000\040\000t\000h\000e\000\040\000M\000a\000g\000n\000e\000t\000i\000c\000\040\000F\000i\000e\000l\000d}{chapter.9}% 150
\BOOKMARK [1][-]{section.9.2}{\376\377\000P\000r\000o\000p\000e\000r\000t\000i\000e\000s\000\040\000o\000f\000\040\000t\000h\000e\000\040\000M\000a\000g\000n\000e\000t\000i\000c\000\040\000F\000i\000e\000l\000d}{chapter.9}% 151
\BOOKMARK [1][-]{section.9.3}{\376\377\000F\000i\000e\000l\000d\000\040\000o\000f\000\040\000A\000n\000y\000\040\000C\000u\000r\000r\000e\000n\000t\000-\000C\000a\000r\000r\000y\000i\000n\000g\000\040\000W\000i\000r\000e}{chapter.9}% 152
\BOOKMARK [1][-]{section.9.4}{\376\377\000F\000i\000e\000l\000d\000s\000\040\000o\000f\000\040\000R\000i\000n\000g\000s\000\040\000a\000n\000d\000\040\000C\000o\000i\000l\000s}{chapter.9}% 153
\BOOKMARK [1][-]{section.9.5}{\376\377\000M\000a\000g\000n\000e\000t\000i\000c\000\040\000F\000i\000e\000l\000d\000\040\000o\000f\000\040\000a\000\040\000S\000i\000n\000g\000l\000e\000\040\000I\000n\000f\000i\000n\000i\000t\000e\000\040\000S\000h\000e\000e\000t\000\040\000\050\000D\000e\000r\000i\000v\000a\000t\000i\000o\000n\000\051}{chapter.9}% 154
\BOOKMARK [1][-]{section.9.6}{\376\377\000M\000a\000g\000n\000e\000t\000i\000c\000\040\000F\000i\000e\000l\000d\000\040\000o\000f\000\040\000T\000w\000o\000\040\000P\000a\000r\000a\000l\000l\000e\000l\000\040\000P\000l\000a\000n\000e\000s}{chapter.9}% 155
\BOOKMARK [2][-]{subsection.9.6.1}{\376\377\000A\000m\000p\000\350\000r\000e\000'\000s\000\040\000L\000a\000w\000\040\000f\000o\000r\000\040\000a\000n\000\040\000I\000n\000f\000i\000n\000i\000t\000e\000\040\000S\000h\000e\000e\000t}{section.9.6}% 156
\BOOKMARK [2][-]{subsection.9.6.2}{\376\377\000S\000o\000l\000e\000n\000o\000i\000d}{section.9.6}% 157
\BOOKMARK [1][-]{section.9.7}{\376\377\000H\000a\000l\000l\000\040\000E\000f\000f\000e\000c\000t}{chapter.9}% 158
\BOOKMARK [1][-]{section.9.8}{\376\377\000M\000a\000x\000w\000e\000l\000l\000'\000s\000\040\000E\000q\000u\000a\000t\000i\000o\000n\000s\000\040\000S\000o\000\040\000F\000a\000r}{chapter.9}% 159
\BOOKMARK [1][-]{section.9.9}{\376\377\000M\000a\000g\000n\000e\000t\000i\000c\000\040\000V\000e\000c\000t\000o\000r\000\040\000P\000o\000t\000e\000n\000t\000i\000a\000l}{chapter.9}% 160
\BOOKMARK [2][-]{subsection.9.9.1}{\376\377\000I\000s\000\040\000A\000\040\000U\000n\000i\000q\000u\000e\000?\000\040\000\050\000G\000a\000u\000g\000e\000\040\000F\000r\000e\000e\000d\000o\000m\000\051}{section.9.9}% 161
\BOOKMARK [2][-]{subsection.9.9.2}{\376\377\000U\000n\000i\000f\000o\000r\000m\000\040\000M\000a\000g\000n\000e\000t\000i\000c\000\040\000F\000i\000e\000l\000d\000\040\000a\000n\000d\000\040\000t\000h\000e\000\040\000V\000e\000c\000t\000o\000r\000\040\000P\000o\000t\000e\000n\000t\000i\000a\000l\000\040\000P\000o\000i\000s\000s\000o\000n\000\040\000E\000q\000u\000a\000t\000i\000o\000n}{section.9.9}% 162
\BOOKMARK [1][-]{section.9.10}{\376\377\000S\000o\000l\000u\000t\000i\000o\000n\000\040\000f\000o\000r\000\040\000A\000:\000\040\000A\000n\000a\000l\000o\000g\000y\000\040\000w\000i\000t\000h\000\040\000E\000l\000e\000c\000t\000r\000o\000s\000t\000a\000t\000i\000c\000s}{chapter.9}% 163
\BOOKMARK [2][-]{subsection.9.10.1}{\376\377\000E\000x\000a\000m\000p\000l\000e\000:\000\040\000L\000o\000n\000g\000\040\000W\000i\000r\000e}{section.9.10}% 164
\BOOKMARK [1][-]{section.9.11}{\376\377\000B\000i\000o\000t\040\023\000S\000a\000v\000a\000r\000t\000\040\000L\000a\000w\000\040\000f\000r\000o\000m\000\040\000t\000h\000e\000\040\000V\000e\000c\000t\000o\000r\000\040\000P\000o\000t\000e\000n\000t\000i\000a\000l}{chapter.9}% 165
\BOOKMARK [2][-]{subsection.9.11.1}{\376\377\000F\000i\000e\000l\000d\000\040\000o\000n\000\040\000A\000x\000i\000s\000\040\000o\000f\000\040\000a\000\040\000C\000i\000r\000c\000u\000l\000a\000r\000\040\000L\000o\000o\000p}{section.9.11}% 166
\BOOKMARK [2][-]{subsection.9.11.2}{\376\377\000F\000i\000e\000l\000d\000\040\000o\000n\000\040\000A\000x\000i\000s\000\040\000o\000f\000\040\000a\000\040\000F\000i\000n\000i\000t\000e\000\040\000S\000o\000l\000e\000n\000o\000i\000d}{section.9.11}% 167
\BOOKMARK [1][-]{section.9.12}{\376\377\000L\000o\000r\000e\000n\000t\000z\000\040\000F\000o\000r\000c\000e}{chapter.9}% 168
\BOOKMARK [2][-]{subsection.9.12.1}{\376\377\000E\000x\000a\000m\000p\000l\000e\000:\000\040\000W\000i\000e\000n\000'\000s\000\040\000F\000i\000l\000t\000e\000r\000\040\000\050\000V\000e\000l\000o\000c\000i\000t\000y\000\040\000S\000e\000l\000e\000c\000t\000o\000r\000\051}{section.9.12}% 169
\BOOKMARK [1][-]{section.9.13}{\376\377\000F\000o\000r\000c\000e\000\040\000o\000n\000\040\000a\000\040\000C\000u\000r\000r\000e\000n\000t\000-\000C\000a\000r\000r\000y\000i\000n\000g\000\040\000W\000i\000r\000e}{chapter.9}% 170
\BOOKMARK [2][-]{subsection.9.13.1}{\376\377\000E\000x\000a\000m\000p\000l\000e\000:\000\040\000C\000u\000r\000r\000e\000n\000t\000\040\000L\000o\000o\000p\000\040\000L\000e\000v\000i\000t\000a\000t\000e\000d\000\040\000b\000y\000\040\000M\000a\000g\000n\000e\000t\000i\000c\000\040\000F\000o\000r\000c\000e}{section.9.13}% 171
\BOOKMARK [1][-]{section.9.14}{\376\377\000E\000x\000a\000m\000p\000l\000e\000:\000\040\000F\000i\000e\000l\000d\000\040\000o\000f\000\040\000a\000\040\000P\000l\000a\000n\000e\000\040\000C\000u\000r\000r\000e\000n\000t\000\040\000S\000h\000e\000e\000t}{chapter.9}% 172
\BOOKMARK [2][-]{subsection.9.14.1}{\376\377\000A\000m\000p\000\350\000r\000e\000'\000s\000\040\000L\000a\000w\000\040\000V\000e\000r\000i\000f\000i\000c\000a\000t\000i\000o\000n}{section.9.14}% 173
\BOOKMARK [1][-]{section.9.15}{\376\377\000H\000o\000w\000\040\000t\000h\000e\000\040\000F\000i\000e\000l\000d\000s\000\040\000T\000r\000a\000n\000s\000f\000o\000r\000m}{chapter.9}% 174
\BOOKMARK [2][-]{subsection.9.15.1}{\376\377\000F\000i\000e\000l\000d\000\040\000T\000r\000a\000n\000s\000f\000o\000r\000m\000a\000t\000i\000o\000n\000\040\000U\000n\000d\000e\000r\000\040\000a\000\040\000L\000o\000r\000e\000n\000t\000z\000\040\000B\000o\000o\000s\000t}{section.9.15}% 175
\BOOKMARK [2][-]{subsection.9.15.2}{\376\377\000S\000u\000m\000m\000a\000r\000y\000\040\000o\000f\000\040\000F\000i\000e\000l\000d\000\040\000T\000r\000a\000n\000s\000f\000o\000r\000m\000a\000t\000i\000o\000n\000s}{section.9.15}% 176
\BOOKMARK [0][-]{chapter.10}{\376\377\000E\000l\000e\000c\000t\000r\000o\000m\000a\000g\000n\000e\000t\000i\000c\000\040\000I\000n\000d\000u\000c\000t\000i\000o\000n}{}% 177
\BOOKMARK [1][-]{section.10.1}{\376\377\000C\000o\000n\000d\000u\000c\000t\000i\000n\000g\000\040\000R\000o\000d\000\040\000i\000n\000\040\000a\000\040\000M\000a\000g\000n\000e\000t\000i\000c\000\040\000F\000i\000e\000l\000d}{chapter.10}% 178
\BOOKMARK [2][-]{subsection.10.1.1}{\376\377\000E\000l\000e\000c\000t\000r\000o\000m\000o\000t\000i\000v\000e\000\040\000F\000o\000r\000c\000e\000\040\000\050\000E\000M\000F\000\051}{section.10.1}% 179
