This is pdfTeX, Version 3.141592653-2.6-1.40.29 (TeX Live 2026/Arch Linux) (preloaded format=pdflatex 2026.3.15)  23 MAR 2026 16:33
entering extended mode
 restricted \write18 enabled.
 %&-line parsing enabled.
**main.tex
(./main.tex
LaTeX2e <2025-11-01>
L3 programming layer <2026-01-19>
(/usr/share/texmf-dist/tex/latex/base/book.cls
Document Class: book 2025/01/22 v1.4n Standard LaTeX document class
(/usr/share/texmf-dist/tex/latex/base/bk10.clo
File: bk10.clo 2025/01/22 v1.4n Standard LaTeX file (size option)
)
\c@part=\count275
\c@chapter=\count276
\c@section=\count277
\c@subsection=\count278
\c@subsubsection=\count279
\c@paragraph=\count280
\c@subparagraph=\count281
\c@figure=\count282
\c@table=\count283
\abovecaptionskip=\skip49
\belowcaptionskip=\skip50
\bibindent=\dimen148
)
(/usr/share/texmf-dist/tex/latex/amsmath/amsmath.sty
Package: amsmath 2025/07/09 v2.17z AMS math features
\@mathmargin=\skip51

For additional information on amsmath, use the `?' option.
(/usr/share/texmf-dist/tex/latex/amsmath/amstext.sty
Package: amstext 2024/11/17 v2.01 AMS text

(/usr/share/texmf-dist/tex/latex/amsmath/amsgen.sty
File: amsgen.sty 1999/11/30 v2.0 generic functions
\@emptytoks=\toks17
\ex@=\dimen149
))
(/usr/share/texmf-dist/tex/latex/amsmath/amsbsy.sty
Package: amsbsy 1999/11/29 v1.2d Bold Symbols
\pmbraise@=\dimen150
)
(/usr/share/texmf-dist/tex/latex/amsmath/amsopn.sty
Package: amsopn 2022/04/08 v2.04 operator names
)
\inf@bad=\count284
LaTeX Info: Redefining \frac on input line 233.
\uproot@=\count285
\leftroot@=\count286
LaTeX Info: Redefining \overline on input line 398.
LaTeX Info: Redefining \colon on input line 409.
\classnum@=\count287
\DOTSCASE@=\count288
LaTeX Info: Redefining \ldots on input line 495.
LaTeX Info: Redefining \dots on input line 498.
LaTeX Info: Redefining \cdots on input line 619.
\Mathstrutbox@=\box53
\strutbox@=\box54
LaTeX Info: Redefining \big on input line 721.
LaTeX Info: Redefining \Big on input line 722.
LaTeX Info: Redefining \bigg on input line 723.
LaTeX Info: Redefining \Bigg on input line 724.
\big@size=\dimen151
LaTeX Font Info:    Redeclaring font encoding OML on input line 742.
LaTeX Font Info:    Redeclaring font encoding OMS on input line 743.
\macc@depth=\count289
LaTeX Info: Redefining \bmod on input line 904.
LaTeX Info: Redefining \pmod on input line 909.
LaTeX Info: Redefining \smash on input line 939.
LaTeX Info: Redefining \relbar on input line 969.
LaTeX Info: Redefining \Relbar on input line 970.
\c@MaxMatrixCols=\count290
\dotsspace@=\muskip17
\c@parentequation=\count291
\dspbrk@lvl=\count292
\tag@help=\toks18
\row@=\count293
\column@=\count294
\maxfields@=\count295
\andhelp@=\toks19
\eqnshift@=\dimen152
\alignsep@=\dimen153
\tagshift@=\dimen154
\tagwidth@=\dimen155
\totwidth@=\dimen156
\lineht@=\dimen157
\@envbody=\toks20
\multlinegap=\skip52
\multlinetaggap=\skip53
\mathdisplay@stack=\toks21
LaTeX Info: Redefining \[ on input line 2950.
LaTeX Info: Redefining \] on input line 2951.
)
(/usr/share/texmf-dist/tex/latex/amscls/amsthm.sty
Package: amsthm 2020/05/29 v2.20.6
\thm@style=\toks22
\thm@bodyfont=\toks23
\thm@headfont=\toks24
\thm@notefont=\toks25
\thm@headpunct=\toks26
\thm@preskip=\skip54
\thm@postskip=\skip55
\thm@headsep=\skip56
\dth@everypar=\toks27
)
(/usr/share/texmf-dist/tex/latex/amsfonts/amssymb.sty
Package: amssymb 2013/01/14 v3.01 AMS font symbols

(/usr/share/texmf-dist/tex/latex/amsfonts/amsfonts.sty
Package: amsfonts 2013/01/14 v3.01 Basic AMSFonts support
\symAMSa=\mathgroup4
\symAMSb=\mathgroup5
LaTeX Font Info:    Redeclaring math symbol \hbar on input line 98.
LaTeX Font Info:    Overwriting math alphabet `\mathfrak' in version `bold'
(Font)                  U/euf/m/n --> U/euf/b/n on input line 106.
))
(/usr/share/texmf-dist/tex/latex/mathtools/mathtools.sty
Package: mathtools 2024/10/04 v1.31 mathematical typesetting tools

(/usr/share/texmf-dist/tex/latex/graphics/keyval.sty
Package: keyval 2022/05/29 v1.15 key=value parser (DPC)
\KV@toks@=\toks28
)
(/usr/share/texmf-dist/tex/latex/tools/calc.sty
Package: calc 2025/03/01 v4.3b Infix arithmetic (KKT,FJ)
\calc@Acount=\count296
\calc@Bcount=\count297
\calc@Adimen=\dimen158
\calc@Bdimen=\dimen159
\calc@Askip=\skip57
\calc@Bskip=\skip58
LaTeX Info: Redefining \setlength on input line 86.
LaTeX Info: Redefining \addtolength on input line 87.
\calc@Ccount=\count298
\calc@Cskip=\skip59
)
(/usr/share/texmf-dist/tex/latex/mathtools/mhsetup.sty
Package: mhsetup 2021/03/18 v1.4 programming setup (MH)
)
\g_MT_multlinerow_int=\count299
\l_MT_multwidth_dim=\dimen160
\origjot=\skip60
\l_MT_shortvdotswithinadjustabove_dim=\dimen161
\l_MT_shortvdotswithinadjustbelow_dim=\dimen162
\l_MT_above_intertext_sep=\dimen163
\l_MT_below_intertext_sep=\dimen164
\l_MT_above_shortintertext_sep=\dimen165
\l_MT_below_shortintertext_sep=\dimen166
\xmathstrut@box=\box55
\xmathstrut@dim=\dimen167
)
(/usr/share/texmf-dist/tex/latex/booktabs/booktabs.sty
Package: booktabs 2020/01/12 v1.61803398 Publication quality tables
\heavyrulewidth=\dimen168
\lightrulewidth=\dimen169
\cmidrulewidth=\dimen170
\belowrulesep=\dimen171
\belowbottomsep=\dimen172
\aboverulesep=\dimen173
\abovetopsep=\dimen174
\cmidrulesep=\dimen175
\cmidrulekern=\dimen176
\defaultaddspace=\dimen177
\@cmidla=\count300
\@cmidlb=\count301
\@aboverulesep=\dimen178
\@belowrulesep=\dimen179
\@thisruleclass=\count302
\@lastruleclass=\count303
\@thisrulewidth=\dimen180
)
(/usr/share/texmf-dist/tex/latex/thmtools/thmtools.sty
Package: thmtools 2023/05/04 v0.76
\thmt@toks=\toks29
\c@thmt@dummyctr=\count304

(/usr/share/texmf-dist/tex/latex/thmtools/thm-patch.sty
Package: thm-patch 2023/05/04 v0.76

(/usr/share/texmf-dist/tex/latex/thmtools/parseargs.sty
Package: parseargs 2023/05/04 v0.76
\@parsespec=\toks30
))
(/usr/share/texmf-dist/tex/latex/thmtools/thm-kv.sty
Package: thm-kv 2023/05/04 v0.76
Package thm-kv Info: Theorem names will be uppercased on input line 42.

(/usr/share/texmf-dist/tex/latex/kvsetkeys/kvsetkeys.sty
Package: kvsetkeys 2022-10-05 v1.19 Key value parser (HO)
)
Package thm-kv Info: kvsetkeys patch (v1.16 or later) on input line 158.
)
(/usr/share/texmf-dist/tex/latex/thmtools/thm-autoref.sty
Package: thm-autoref 2023/05/04 v0.76

(/usr/share/texmf-dist/tex/latex/thmtools/aliasctr.sty
Package: aliasctr 2023/05/04 v0.76
))
(/usr/share/texmf-dist/tex/latex/thmtools/thm-listof.sty
Package: thm-listof 2023/05/04 v0.76
)
(/usr/share/texmf-dist/tex/latex/thmtools/thm-restate.sty
Package: thm-restate 2023/05/04 v0.76
)
(/usr/share/texmf-dist/tex/latex/thmtools/thm-amsthm.sty
Package: thm-amsthm 2023/05/04 v0.76
\thmt@style@headstyle=\toks31
))
(/usr/share/texmf-dist/tex/latex/graphics/graphicx.sty
Package: graphicx 2024/12/31 v1.2e Enhanced LaTeX Graphics (DPC,SPQR)

(/usr/share/texmf-dist/tex/latex/graphics/graphics.sty
Package: graphics 2024/08/06 v1.4g Standard LaTeX Graphics (DPC,SPQR)

(/usr/share/texmf-dist/tex/latex/graphics/trig.sty
Package: trig 2023/12/02 v1.11 sin cos tan (DPC)
)
(/usr/share/texmf-dist/tex/latex/graphics-cfg/graphics.cfg
File: graphics.cfg 2016/06/04 v1.11 sample graphics configuration
)
Package graphics Info: Driver file: pdftex.def on input line 106.

(/usr/share/texmf-dist/tex/latex/graphics-def/pdftex.def
File: pdftex.def 2025/09/29 v1.2d Graphics/color driver for pdftex
))
\Gin@req@height=\dimen181
\Gin@req@width=\dimen182
)
(/usr/share/texmf-dist/tex/latex/setspace/setspace.sty
Package: setspace 2022/12/04 v6.7b set line spacing
)
(/usr/share/texmf-dist/tex/latex/geometry/geometry.sty
Package: geometry 2020/01/02 v5.9 Page Geometry

(/usr/share/texmf-dist/tex/generic/iftex/ifvtex.sty
Package: ifvtex 2019/10/25 v1.7 ifvtex legacy package. Use iftex instead.

(/usr/share/texmf-dist/tex/generic/iftex/iftex.sty
Package: iftex 2024/12/12 v1.0g TeX engine tests
))
\Gm@cnth=\count305
\Gm@cntv=\count306
\c@Gm@tempcnt=\count307
\Gm@bindingoffset=\dimen183
\Gm@wd@mp=\dimen184
\Gm@odd@mp=\dimen185
\Gm@even@mp=\dimen186
\Gm@layoutwidth=\dimen187
\Gm@layoutheight=\dimen188
\Gm@layouthoffset=\dimen189
\Gm@layoutvoffset=\dimen190
\Gm@dimlist=\toks32
)
(/usr/share/texmf-dist/tex/latex/float/float.sty
Package: float 2001/11/08 v1.3d Float enhancements (AL)
\c@float@type=\count308
\float@exts=\toks33
\float@box=\box56
\@float@everytoks=\toks34
\@floatcapt=\box57
)
(/usr/share/texmf-dist/tex/latex/hyperref/hyperref.sty
Package: hyperref 2026-01-29 v7.01p Hypertext links for LaTeX

(/usr/share/texmf-dist/tex/generic/kvdefinekeys/kvdefinekeys.sty
Package: kvdefinekeys 2019-12-19 v1.6 Define keys (HO)
)
(/usr/share/texmf-dist/tex/generic/pdfescape/pdfescape.sty
Package: pdfescape 2019/12/09 v1.15 Implements pdfTeX's escape features (HO)

(/usr/share/texmf-dist/tex/generic/ltxcmds/ltxcmds.sty
Package: ltxcmds 2023-12-04 v1.26 LaTeX kernel commands for general use (HO)
)
(/usr/share/texmf-dist/tex/generic/pdftexcmds/pdftexcmds.sty
Package: pdftexcmds 2020-06-27 v0.33 Utility functions of pdfTeX for LuaTeX (HO
)

(/usr/share/texmf-dist/tex/generic/infwarerr/infwarerr.sty
Package: infwarerr 2019/12/03 v1.5 Providing info/warning/error messages (HO)
)
Package pdftexcmds Info: \pdf@primitive is available.
Package pdftexcmds Info: \pdf@ifprimitive is available.
Package pdftexcmds Info: \pdfdraftmode found.
))
(/usr/share/texmf-dist/tex/latex/hycolor/hycolor.sty
Package: hycolor 2020-01-27 v1.10 Color options for hyperref/bookmark (HO)
)
(/usr/share/texmf-dist/tex/latex/hyperref/nameref.sty
Package: nameref 2026-01-29 v2.58 Cross-referencing by name of section

(/usr/share/texmf-dist/tex/latex/refcount/refcount.sty
Package: refcount 2019/12/15 v3.6 Data extraction from label references (HO)
)
(/usr/share/texmf-dist/tex/generic/gettitlestring/gettitlestring.sty
Package: gettitlestring 2019/12/15 v1.6 Cleanup title references (HO)

(/usr/share/texmf-dist/tex/latex/kvoptions/kvoptions.sty
Package: kvoptions 2022-06-15 v3.15 Key value format for package options (HO)
))
\c@section@level=\count309
)
(/usr/share/texmf-dist/tex/latex/etoolbox/etoolbox.sty
Package: etoolbox 2025/10/02 v2.5m e-TeX tools for LaTeX (JAW)
\etb@tempcnta=\count310
)
(/usr/share/texmf-dist/tex/generic/stringenc/stringenc.sty
Package: stringenc 2019/11/29 v1.12 Convert strings between diff. encodings (HO
)
)
\@linkdim=\dimen191
\Hy@linkcounter=\count311
\Hy@pagecounter=\count312

(/usr/share/texmf-dist/tex/latex/hyperref/pd1enc.def
File: pd1enc.def 2026-01-29 v7.01p Hyperref: PDFDocEncoding definition (HO)
Now handling font encoding PD1 ...
... no UTF-8 mapping file for font encoding PD1
)
(/usr/share/texmf-dist/tex/generic/intcalc/intcalc.sty
Package: intcalc 2019/12/15 v1.3 Expandable calculations with integers (HO)
)
\Hy@SavedSpaceFactor=\count313

(/usr/share/texmf-dist/tex/latex/hyperref/puenc.def
File: puenc.def 2026-01-29 v7.01p Hyperref: PDF Unicode definition (HO)
Now handling font encoding PU ...
... no UTF-8 mapping file for font encoding PU
)
Package hyperref Info: Hyper figures OFF on input line 4201.
Package hyperref Info: Link nesting OFF on input line 4206.
Package hyperref Info: Hyper index ON on input line 4209.
Package hyperref Info: Plain pages OFF on input line 4216.
Package hyperref Info: Backreferencing OFF on input line 4221.
Package hyperref Info: Implicit mode ON; LaTeX internals redefined.
Package hyperref Info: Bookmarks ON on input line 4468.
\c@Hy@tempcnt=\count314

(/usr/share/texmf-dist/tex/latex/url/url.sty
\Urlmuskip=\muskip18
Package: url 2013/09/16  ver 3.4  Verb mode for urls, etc.
)
LaTeX Info: Redefining \url on input line 4807.
\XeTeXLinkMargin=\dimen192

(/usr/share/texmf-dist/tex/generic/bitset/bitset.sty
Package: bitset 2019/12/09 v1.3 Handle bit-vector datatype (HO)

(/usr/share/texmf-dist/tex/generic/bigintcalc/bigintcalc.sty
Package: bigintcalc 2019/12/15 v1.5 Expandable calculations on big integers (HO
)
))
\Fld@menulength=\count315
\Field@Width=\dimen193
\Fld@charsize=\dimen194
Package hyperref Info: Hyper figures OFF on input line 6084.
Package hyperref Info: Link nesting OFF on input line 6089.
Package hyperref Info: Hyper index ON on input line 6092.
Package hyperref Info: backreferencing OFF on input line 6099.
Package hyperref Info: Link coloring OFF on input line 6104.
Package hyperref Info: Link coloring with OCG OFF on input line 6109.
Package hyperref Info: PDF/A mode OFF on input line 6114.
\Hy@abspage=\count316
\c@Item=\count317
\c@Hfootnote=\count318
)
Package hyperref Info: Driver (autodetected): hpdftex.

(/usr/share/texmf-dist/tex/latex/hyperref/hpdftex.def
File: hpdftex.def 2026-01-29 v7.01p Hyperref driver for pdfTeX
\Fld@listcount=\count319
\c@bookmark@seq@number=\count320

(/usr/share/texmf-dist/tex/latex/rerunfilecheck/rerunfilecheck.sty
Package: rerunfilecheck 2025-06-21 v1.11 Rerun checks for auxiliary files (HO)

(/usr/share/texmf-dist/tex/generic/uniquecounter/uniquecounter.sty
Package: uniquecounter 2019/12/15 v1.4 Provide unlimited unique counter (HO)
)
Package uniquecounter Info: New unique counter `rerunfilecheck' on input line 2
84.
)
\Hy@SectionHShift=\skip61
)
(/usr/share/texmf-dist/tex/latex/base/inputenc.sty
Package: inputenc 2024/02/08 v1.3d Input encoding file
\inpenc@prehook=\toks35
\inpenc@posthook=\toks36
)
(/usr/share/texmf-dist/tex/generic/babel/babel.sty
Package: babel 2026/02/14 v26.3 The multilingual framework for LuaLaTeX, pdfLaT
eX and XeLaTeX
\babel@savecnt=\count321
LaTeX Encoding Info:    Redeclaring text command \ij (encoding OT1) on input li
ne 2078.
LaTeX Encoding Info:    Redeclaring text command \IJ (encoding OT1) on input li
ne 2080.
LaTeX Encoding Info:    Redeclaring text command \ij (encoding T1) on input lin
e 2082.
LaTeX Encoding Info:    Redeclaring text command \IJ (encoding T1) on input lin
e 2083.
LaTeX Encoding Info:    Ignoring declaration for text command \ij (encoding ?) 
on input line 2084.
LaTeX Encoding Info:    Ignoring declaration for text command \IJ (encoding ?) 
on input line 2086.
LaTeX Encoding Info:    Ignoring declaration for text command \SS (encoding ?) 
on input line 2111.
\U@D=\dimen195
\l@unhyphenated=\language3

(/usr/share/texmf-dist/tex/generic/babel/txtbabel.def)
\bbl@readstream=\read2
\bbl@dirlevel=\count322

(/usr/share/texmf-dist/tex/generic/babel/locale/en/babel-english.tex)
Package babel Info: Importing font and identification data for english
(babel)             from babel-en.ini. Reported on input line 4330.

(/usr/share/texmf-dist/tex/generic/babel-english/english.ldf
Language: english 2017/06/06 v3.3r English support from the babel system
Package babel Info: Hyphen rules for 'british' set to \l@english
(babel)             (\language0). Reported on input line 82.
Package babel Info: Hyphen rules for 'UKenglish' set to \l@english
(babel)             (\language0). Reported on input line 83.
Package babel Info: Hyphen rules for 'canadian' set to \l@english
(babel)             (\language0). Reported on input line 102.
Package babel Info: Hyphen rules for 'australian' set to \l@english
(babel)             (\language0). Reported on input line 105.
Package babel Info: Hyphen rules for 'newzealand' set to \l@english
(babel)             (\language0). Reported on input line 108.
))
(/usr/share/texmf-dist/tex/latex/framed/framed.sty
Package: framed 2011/10/22 v 0.96: framed or shaded text with page breaks
\OuterFrameSep=\skip62
\fb@frw=\dimen196
\fb@frh=\dimen197
\FrameRule=\dimen198
\FrameSep=\dimen199
)
(/usr/share/texmf-dist/tex/latex/xcolor/xcolor.sty
Package: xcolor 2024/09/29 v3.02 LaTeX color extensions (UK)

(/usr/share/texmf-dist/tex/latex/graphics-cfg/color.cfg
File: color.cfg 2016/01/02 v1.6 sample color configuration
)
Package xcolor Info: Driver file: pdftex.def on input line 274.

(/usr/share/texmf-dist/tex/latex/graphics/mathcolor.ltx)
Package xcolor Info: Model `cmy' substituted by `cmy0' on input line 1349.
Package xcolor Info: Model `hsb' substituted by `rgb' on input line 1353.
Package xcolor Info: Model `RGB' extended on input line 1365.
Package xcolor Info: Model `HTML' substituted by `rgb' on input line 1367.
Package xcolor Info: Model `Hsb' substituted by `hsb' on input line 1368.
Package xcolor Info: Model `tHsb' substituted by `hsb' on input line 1369.
Package xcolor Info: Model `HSB' substituted by `hsb' on input line 1370.
Package xcolor Info: Model `Gray' substituted by `gray' on input line 1371.
Package xcolor Info: Model `wave' substituted by `hsb' on input line 1372.
)
(/usr/share/texmf-dist/tex/latex/graphics/dvipsnam.def
File: dvipsnam.def 2016/06/17 v3.0m Driver-dependent file (DPC,SPQR)
)
(/usr/share/texmf-dist/tex/latex/tcolorbox/tcolorbox.sty
Package: tcolorbox 2025/11/28 version 6.9.0 text color boxes

(/usr/share/texmf-dist/tex/latex/pgf/frontendlayer/tikz.sty
(/usr/share/texmf-dist/tex/latex/pgf/basiclayer/pgf.sty
(/usr/share/texmf-dist/tex/latex/pgf/utilities/pgfrcs.sty
(/usr/share/texmf-dist/tex/generic/pgf/utilities/pgfutil-common.tex
\pgfutil@everybye=\toks37
\pgfutil@tempdima=\dimen256
\pgfutil@tempdimb=\dimen257
)
(/usr/share/texmf-dist/tex/generic/pgf/utilities/pgfutil-latex.def
\pgfutil@abb=\box58
)
(/usr/share/texmf-dist/tex/generic/pgf/utilities/pgfrcs.code.tex
(/usr/share/texmf-dist/tex/generic/pgf/pgf.revision.tex)
Package: pgfrcs 2025-08-29 v3.1.11a (3.1.11a)
))
Package: pgf 2025-08-29 v3.1.11a (3.1.11a)

(/usr/share/texmf-dist/tex/latex/pgf/basiclayer/pgfcore.sty
(/usr/share/texmf-dist/tex/latex/pgf/systemlayer/pgfsys.sty
(/usr/share/texmf-dist/tex/generic/pgf/systemlayer/pgfsys.code.tex
Package: pgfsys 2025-08-29 v3.1.11a (3.1.11a)

(/usr/share/texmf-dist/tex/generic/pgf/utilities/pgfkeys.code.tex
\pgfkeys@pathtoks=\toks38
\pgfkeys@temptoks=\toks39

(/usr/share/texmf-dist/tex/generic/pgf/utilities/pgfkeyslibraryfiltered.code.te
x
\pgfkeys@tmptoks=\toks40
))
\pgf@x=\dimen258
\pgf@y=\dimen259
\pgf@xa=\dimen260
\pgf@ya=\dimen261
\pgf@xb=\dimen262
\pgf@yb=\dimen263
\pgf@xc=\dimen264
\pgf@yc=\dimen265
\pgf@xd=\dimen266
\pgf@yd=\dimen267
\w@pgf@writea=\write3
\r@pgf@reada=\read3
\c@pgf@counta=\count323
\c@pgf@countb=\count324
\c@pgf@countc=\count325
\c@pgf@countd=\count326
\t@pgf@toka=\toks41
\t@pgf@tokb=\toks42
\t@pgf@tokc=\toks43
\pgf@sys@id@count=\count327
 (/usr/share/texmf-dist/tex/generic/pgf/systemlayer/pgf.cfg
File: pgf.cfg 2025-08-29 v3.1.11a (3.1.11a)
)
Driver file for pgf: pgfsys-pdftex.def

(/usr/share/texmf-dist/tex/generic/pgf/systemlayer/pgfsys-pdftex.def
File: pgfsys-pdftex.def 2025-08-29 v3.1.11a (3.1.11a)

(/usr/share/texmf-dist/tex/generic/pgf/systemlayer/pgfsys-common-pdf.def
File: pgfsys-common-pdf.def 2025-08-29 v3.1.11a (3.1.11a)
)))
(/usr/share/texmf-dist/tex/generic/pgf/systemlayer/pgfsyssoftpath.code.tex
File: pgfsyssoftpath.code.tex 2025-08-29 v3.1.11a (3.1.11a)
\pgfsyssoftpath@smallbuffer@items=\count328
\pgfsyssoftpath@bigbuffer@items=\count329
)
(/usr/share/texmf-dist/tex/generic/pgf/systemlayer/pgfsysprotocol.code.tex
File: pgfsysprotocol.code.tex 2025-08-29 v3.1.11a (3.1.11a)
))
(/usr/share/texmf-dist/tex/generic/pgf/basiclayer/pgfcore.code.tex
Package: pgfcore 2025-08-29 v3.1.11a (3.1.11a)

(/usr/share/texmf-dist/tex/generic/pgf/math/pgfmath.code.tex
(/usr/share/texmf-dist/tex/generic/pgf/math/pgfmathutil.code.tex)
(/usr/share/texmf-dist/tex/generic/pgf/math/pgfmathparser.code.tex
\pgfmath@dimen=\dimen268
\pgfmath@count=\count330
\pgfmath@box=\box59
\pgfmath@toks=\toks44
\pgfmath@stack@operand=\toks45
\pgfmath@stack@operation=\toks46
)
(/usr/share/texmf-dist/tex/generic/pgf/math/pgfmathfunctions.code.tex)
(/usr/share/texmf-dist/tex/generic/pgf/math/pgfmathfunctions.basic.code.tex)
(/usr/share/texmf-dist/tex/generic/pgf/math/pgfmathfunctions.trigonometric.code
.tex)
(/usr/share/texmf-dist/tex/generic/pgf/math/pgfmathfunctions.random.code.tex)
(/usr/share/texmf-dist/tex/generic/pgf/math/pgfmathfunctions.comparison.code.te
x) (/usr/share/texmf-dist/tex/generic/pgf/math/pgfmathfunctions.base.code.tex)
(/usr/share/texmf-dist/tex/generic/pgf/math/pgfmathfunctions.round.code.tex)
(/usr/share/texmf-dist/tex/generic/pgf/math/pgfmathfunctions.misc.code.tex)
(/usr/share/texmf-dist/tex/generic/pgf/math/pgfmathfunctions.integerarithmetics
.code.tex) (/usr/share/texmf-dist/tex/generic/pgf/math/pgfmathcalc.code.tex)
(/usr/share/texmf-dist/tex/generic/pgf/math/pgfmathfloat.code.tex
\c@pgfmathroundto@lastzeros=\count331
))
(/usr/share/texmf-dist/tex/generic/pgf/math/pgfint.code.tex)
(/usr/share/texmf-dist/tex/generic/pgf/basiclayer/pgfcorepoints.code.tex
File: pgfcorepoints.code.tex 2025-08-29 v3.1.11a (3.1.11a)
\pgf@picminx=\dimen269
\pgf@picmaxx=\dimen270
\pgf@picminy=\dimen271
\pgf@picmaxy=\dimen272
\pgf@pathminx=\dimen273
\pgf@pathmaxx=\dimen274
\pgf@pathminy=\dimen275
\pgf@pathmaxy=\dimen276
\pgf@xx=\dimen277
\pgf@xy=\dimen278
\pgf@yx=\dimen279
\pgf@yy=\dimen280
\pgf@zx=\dimen281
\pgf@zy=\dimen282
)
(/usr/share/texmf-dist/tex/generic/pgf/basiclayer/pgfcorepathconstruct.code.tex
File: pgfcorepathconstruct.code.tex 2025-08-29 v3.1.11a (3.1.11a)
\pgf@path@lastx=\dimen283
\pgf@path@lasty=\dimen284
) (/usr/share/texmf-dist/tex/generic/pgf/basiclayer/pgfcorepathusage.code.tex
File: pgfcorepathusage.code.tex 2025-08-29 v3.1.11a (3.1.11a)
\pgf@shorten@end@additional=\dimen285
\pgf@shorten@start@additional=\dimen286
)
(/usr/share/texmf-dist/tex/generic/pgf/basiclayer/pgfcorescopes.code.tex
File: pgfcorescopes.code.tex 2025-08-29 v3.1.11a (3.1.11a)
\pgfpic=\box60
\pgf@hbox=\box61
\pgf@layerbox@main=\box62
\pgf@picture@serial@count=\count332
)
(/usr/share/texmf-dist/tex/generic/pgf/basiclayer/pgfcoregraphicstate.code.tex
File: pgfcoregraphicstate.code.tex 2025-08-29 v3.1.11a (3.1.11a)
\pgflinewidth=\dimen287
)
(/usr/share/texmf-dist/tex/generic/pgf/basiclayer/pgfcoretransformations.code.t
ex
File: pgfcoretransformations.code.tex 2025-08-29 v3.1.11a (3.1.11a)
\pgf@pt@x=\dimen288
\pgf@pt@y=\dimen289
\pgf@pt@temp=\dimen290
) (/usr/share/texmf-dist/tex/generic/pgf/basiclayer/pgfcorequick.code.tex
File: pgfcorequick.code.tex 2025-08-29 v3.1.11a (3.1.11a)
)
(/usr/share/texmf-dist/tex/generic/pgf/basiclayer/pgfcoreobjects.code.tex
File: pgfcoreobjects.code.tex 2025-08-29 v3.1.11a (3.1.11a)
)
(/usr/share/texmf-dist/tex/generic/pgf/basiclayer/pgfcorepathprocessing.code.te
x
File: pgfcorepathprocessing.code.tex 2025-08-29 v3.1.11a (3.1.11a)
) (/usr/share/texmf-dist/tex/generic/pgf/basiclayer/pgfcorearrows.code.tex
File: pgfcorearrows.code.tex 2025-08-29 v3.1.11a (3.1.11a)
\pgfarrowsep=\dimen291
)
(/usr/share/texmf-dist/tex/generic/pgf/basiclayer/pgfcoreshade.code.tex
File: pgfcoreshade.code.tex 2025-08-29 v3.1.11a (3.1.11a)
\pgf@max=\dimen292
\pgf@sys@shading@range@num=\count333
\pgf@shadingcount=\count334
)
(/usr/share/texmf-dist/tex/generic/pgf/basiclayer/pgfcoreimage.code.tex
File: pgfcoreimage.code.tex 2025-08-29 v3.1.11a (3.1.11a)
)
(/usr/share/texmf-dist/tex/generic/pgf/basiclayer/pgfcoreexternal.code.tex
File: pgfcoreexternal.code.tex 2025-08-29 v3.1.11a (3.1.11a)
\pgfexternal@startupbox=\box63
)
(/usr/share/texmf-dist/tex/generic/pgf/basiclayer/pgfcorelayers.code.tex
File: pgfcorelayers.code.tex 2025-08-29 v3.1.11a (3.1.11a)
)
(/usr/share/texmf-dist/tex/generic/pgf/basiclayer/pgfcoretransparency.code.tex
File: pgfcoretransparency.code.tex 2025-08-29 v3.1.11a (3.1.11a)
) (/usr/share/texmf-dist/tex/generic/pgf/basiclayer/pgfcorepatterns.code.tex
File: pgfcorepatterns.code.tex 2025-08-29 v3.1.11a (3.1.11a)
)
(/usr/share/texmf-dist/tex/generic/pgf/basiclayer/pgfcorerdf.code.tex
File: pgfcorerdf.code.tex 2025-08-29 v3.1.11a (3.1.11a)
)))
(/usr/share/texmf-dist/tex/generic/pgf/modules/pgfmoduleshapes.code.tex
File: pgfmoduleshapes.code.tex 2025-08-29 v3.1.11a (3.1.11a)
\pgfnodeparttextbox=\box64
)
(/usr/share/texmf-dist/tex/generic/pgf/modules/pgfmoduleplot.code.tex
File: pgfmoduleplot.code.tex 2025-08-29 v3.1.11a (3.1.11a)
)
(/usr/share/texmf-dist/tex/latex/pgf/compatibility/pgfcomp-version-0-65.sty
Package: pgfcomp-version-0-65 2025-08-29 v3.1.11a (3.1.11a)
\pgf@nodesepstart=\dimen293
\pgf@nodesepend=\dimen294
)
(/usr/share/texmf-dist/tex/latex/pgf/compatibility/pgfcomp-version-1-18.sty
Package: pgfcomp-version-1-18 2025-08-29 v3.1.11a (3.1.11a)
))
(/usr/share/texmf-dist/tex/latex/pgf/utilities/pgffor.sty
(/usr/share/texmf-dist/tex/latex/pgf/utilities/pgfkeys.sty
(/usr/share/texmf-dist/tex/generic/pgf/utilities/pgfkeys.code.tex))
(/usr/share/texmf-dist/tex/latex/pgf/math/pgfmath.sty
(/usr/share/texmf-dist/tex/generic/pgf/math/pgfmath.code.tex))
(/usr/share/texmf-dist/tex/generic/pgf/utilities/pgffor.code.tex
Package: pgffor 2025-08-29 v3.1.11a (3.1.11a)
\pgffor@iter=\dimen295
\pgffor@skip=\dimen296
\pgffor@stack=\toks47
\pgffor@toks=\toks48
))
(/usr/share/texmf-dist/tex/generic/pgf/frontendlayer/tikz/tikz.code.tex
Package: tikz 2025-08-29 v3.1.11a (3.1.11a)

(/usr/share/texmf-dist/tex/generic/pgf/libraries/pgflibraryplothandlers.code.te
x
File: pgflibraryplothandlers.code.tex 2025-08-29 v3.1.11a (3.1.11a)
\pgf@plot@mark@count=\count335
\pgfplotmarksize=\dimen297
)
\tikz@lastx=\dimen298
\tikz@lasty=\dimen299
\tikz@lastxsaved=\dimen300
\tikz@lastysaved=\dimen301
\tikz@lastmovetox=\dimen302
\tikz@lastmovetoy=\dimen303
\tikzleveldistance=\dimen304
\tikzsiblingdistance=\dimen305
\tikz@figbox=\box65
\tikz@figbox@bg=\box66
\tikz@tempbox=\box67
\tikz@tempbox@bg=\box68
\tikztreelevel=\count336
\tikznumberofchildren=\count337
\tikznumberofcurrentchild=\count338
\tikz@fig@count=\count339
 (/usr/share/texmf-dist/tex/generic/pgf/modules/pgfmodulematrix.code.tex
File: pgfmodulematrix.code.tex 2025-08-29 v3.1.11a (3.1.11a)
\pgfmatrixcurrentrow=\count340
\pgfmatrixcurrentcolumn=\count341
\pgf@matrix@numberofcolumns=\count342
)
\tikz@expandcount=\count343

(/usr/share/texmf-dist/tex/generic/pgf/frontendlayer/tikz/libraries/tikzlibrary
topaths.code.tex
File: tikzlibrarytopaths.code.tex 2025-08-29 v3.1.11a (3.1.11a)
))) (/usr/share/texmf-dist/tex/latex/tools/verbatim.sty
Package: verbatim 2024-01-22 v1.5x LaTeX2e package for verbatim enhancements
\every@verbatim=\toks49
\verbatim@line=\toks50
\verbatim@in@stream=\read4
)
(/usr/share/texmf-dist/tex/latex/environ/environ.sty
Package: environ 2014/05/04 v0.3 A new way to define environments

(/usr/share/texmf-dist/tex/latex/trimspaces/trimspaces.sty
Package: trimspaces 2009/09/17 v1.1 Trim spaces around a token list
))
\tcb@titlebox=\box69
\tcb@upperbox=\box70
\tcb@lowerbox=\box71
\tcb@phantombox=\box72
\c@tcbbreakpart=\count344
\c@tcblayer=\count345
\c@tcolorbox@number=\count346
\l__tcobox_tmpa_box=\box73
\l__tcobox_tmpa_dim=\dimen306
\tcb@temp=\box74
\tcb@temp=\box75
\tcb@temp=\box76
\tcb@temp=\box77
)
(/usr/share/texmf-dist/tex/latex/tools/bm.sty
Package: bm 2025/10/21 v1.2g Bold Symbol Support (DPC/FMi)
\symboldoperators=\mathgroup6
\symboldletters=\mathgroup7
\symboldsymbols=\mathgroup8
Package bm Info: No bold for \OMX/cmex/m/n, using \pmb.
Package bm Info: No bold for \U/msa/m/n, using \pmb.
Package bm Info: No bold for \U/msb/m/n, using \pmb.
LaTeX Font Info:    Redeclaring math alphabet \mathbf on input line 149.
)
(/usr/share/texmf-dist/tex/latex/physics/physics.sty
Package: physics 

(/usr/share/texmf-dist/tex/latex/l3packages/xparse/xparse.sty
(/usr/share/texmf-dist/tex/latex/l3kernel/expl3.sty
Package: expl3 2026-01-19 L3 programming layer (loader) 

(/usr/share/texmf-dist/tex/latex/l3backend/l3backend-pdftex.def
File: l3backend-pdftex.def 2025-10-09 L3 backend support: PDF output (pdfTeX)
\l__color_backend_stack_int=\count347
))
Package: xparse 2025-10-09 L3 Experimental document command parser
))
(/usr/share/texmf-dist/tex/latex/cancel/cancel.sty
Package: cancel 2013/04/12 v2.2 Cancel math terms
)
(/usr/share/texmf-dist/tex/latex/circuitikz/circuitikz.sty
Package: circuitikz 2026/02/04{} The CircuiTikz circuit drawing package version
 1.8.5

(/usr/share/texmf-dist/tex/generic/pgf/frontendlayer/tikz/libraries/tikzlibrary
calc.code.tex
File: tikzlibrarycalc.code.tex 2025-08-29 v3.1.11a (3.1.11a)
)
(/usr/share/texmf-dist/tex/generic/pgf/libraries/pgflibraryarrows.meta.code.tex
File: pgflibraryarrows.meta.code.tex 2025-08-29 v3.1.11a (3.1.11a)
\pgfarrowinset=\dimen307
\pgfarrowlength=\dimen308
\pgfarrowwidth=\dimen309
\pgfarrowlinewidth=\dimen310
)
(/usr/share/texmf-dist/tex/generic/pgf/frontendlayer/tikz/libraries/tikzlibrary
bending.code.tex
File: tikzlibrarybending.code.tex 2025-08-29 v3.1.11a (3.1.11a)

(/usr/share/texmf-dist/tex/generic/pgf/modules/pgfmodulebending.code.tex
File: pgfmodulebending.code.tex 2025-08-29 v3.1.11a (3.1.11a)

(/usr/share/texmf-dist/tex/generic/pgf/modules/pgfmodulenonlineartransformation
s.code.tex
File: pgfmodulenonlineartransformations.code.tex 2025-08-29 v3.1.11a (3.1.11a)
\pgftransformnonlinearflatness=\dimen311
)
(/usr/share/texmf-dist/tex/generic/pgf/libraries/pgflibrarycurvilinear.code.tex
File: pgflibrarycurvilinear.code.tex 2025-08-29 v3.1.11a (3.1.11a)
\pgf@curvilinear@time@a=\dimen312
\pgf@curvilinear@length@a=\dimen313
\pgf@curvilinear@length@b=\dimen314
\pgf@curvilinear@length@c=\dimen315
\pgf@curvilinear@length@d=\dimen316
)
\pgf@arrows@the@rigidity=\dimen317
))
(/usr/share/texmf-dist/tex/generic/pgf/frontendlayer/tikz/libraries/tikzlibrary
fpu.code.tex
(/usr/share/texmf-dist/tex/generic/pgf/libraries/pgflibraryfpu.code.tex))
(/usr/share/texmf-dist/tex/generic/circuitikz/pgfcirc.defines.tex
\pgf@circ@count@a=\count348
\pgf@circ@count@b=\count349
\pgf@circ@count@c=\count350
\pgf@circ@res@up=\dimen318
\pgf@circ@res@down=\dimen319
\pgf@circ@res@zero=\dimen320
\pgf@circ@res@left=\dimen321
\pgf@circ@res@right=\dimen322
\pgf@circ@res@other=\dimen323
\pgf@circ@res@step=\dimen324
\pgf@circ@res@temp=\dimen325
\pgf@circ@Rlen=\dimen326
\pgf@circ@scaled@Rlen=\dimen327
\pgfstartlinewidth=\dimen328
)
(/usr/share/texmf-dist/tex/generic/circuitikz/pgfcircutils.tex
\ctikz@scratchbox=\box78
)
(/usr/share/texmf-dist/tex/generic/circuitikz/pgfcircpath.tex
\ctikz@vif@count=\count351
)
(/usr/share/texmf-dist/tex/generic/circuitikz/pgfcircshapes.tex)
(/usr/share/texmf-dist/tex/generic/circuitikz/pgfcircmonopoles.tex)
(/usr/share/texmf-dist/tex/generic/circuitikz/pgfcircbipoles.tex)
(/usr/share/texmf-dist/tex/generic/circuitikz/pgfcirctripoles.tex
\pgf@circ@res@count=\count352
)
(/usr/share/texmf-dist/tex/generic/circuitikz/pgfcircquadpoles.tex)
(/usr/share/texmf-dist/tex/generic/circuitikz/pgfcircmultipoles.tex)
(/usr/share/texmf-dist/tex/generic/circuitikz/pgfcirclabel.tex)
(/usr/share/texmf-dist/tex/generic/circuitikz/pgfcircvoltage.tex
\pgfcirc@labelshift=\dimen329
)
(/usr/share/texmf-dist/tex/generic/circuitikz/pgfcirccurrent.tex)
(/usr/share/texmf-dist/tex/generic/circuitikz/pgfcircflow.tex))
(/usr/share/texmf-dist/tex/generic/pgf/frontendlayer/tikz/libraries/tikzlibrary
decorations.markings.code.tex
(/usr/share/texmf-dist/tex/generic/pgf/frontendlayer/tikz/libraries/tikzlibrary
decorations.code.tex
(/usr/share/texmf-dist/tex/generic/pgf/modules/pgfmoduledecorations.code.tex
\pgfdecoratedcompleteddistance=\dimen330
\pgfdecoratedremainingdistance=\dimen331
\pgfdecoratedinputsegmentcompleteddistance=\dimen332
\pgfdecoratedinputsegmentremainingdistance=\dimen333
\pgf@decorate@distancetomove=\dimen334
\pgf@decorate@repeatstate=\count353
\pgfdecorationsegmentamplitude=\dimen335
\pgfdecorationsegmentlength=\dimen336
)
\tikz@lib@dec@box=\box79
)
(/usr/share/texmf-dist/tex/generic/pgf/libraries/decorations/pgflibrarydecorati
ons.markings.code.tex))
(/usr/share/texmf-dist/tex/generic/pgf/frontendlayer/tikz/libraries/tikzlibrary
patterns.code.tex
File: tikzlibrarypatterns.code.tex 2025-08-29 v3.1.11a (3.1.11a)

(/usr/share/texmf-dist/tex/generic/pgf/libraries/pgflibrarypatterns.code.tex
File: pgflibrarypatterns.code.tex 2025-08-29 v3.1.11a (3.1.11a)
))
(/usr/share/texmf-dist/tex/generic/pgf/frontendlayer/tikz/libraries/tikzlibrary
angles.code.tex
File: tikzlibraryangles.code.tex 2025-08-29 v3.1.11a (3.1.11a)
)
(/usr/share/texmf-dist/tex/generic/pgf/frontendlayer/tikz/libraries/tikzlibrary
quotes.code.tex
File: tikzlibraryquotes.code.tex 2025-08-29 v3.1.11a (3.1.11a)
)
Package thmtools Info: Key `name' (with value `Theorem')
(thmtools)             is not a known style key.
(thmtools)             Will pass this to every \declaretheorem
(thmtools)             that uses `style=thmsty' on input line 32.
\c@theorem=\count354
Package thmtools Info: Key `name' (with value `Definition')
(thmtools)             is not a known style key.
(thmtools)             Will pass this to every \declaretheorem
(thmtools)             that uses `style=defsty' on input line 36.
Package thmtools Info: Key `name' (with value `Formula')
(thmtools)             is not a known style key.
(thmtools)             Will pass this to every \declaretheorem
(thmtools)             that uses `style=formsty' on input line 40.
Package thmtools Info: Key `name' (with value `Important Fact')
(thmtools)             is not a known style key.
(thmtools)             Will pass this to every \declaretheorem
(thmtools)             that uses `style=factsty' on input line 45.
Package thmtools Info: Key `name' (with value `Example')
(thmtools)             is not a known style key.
(thmtools)             Will pass this to every \declaretheorem
(thmtools)             that uses `style=examsty' on input line 50.
 (./main.aux)
\openout1 = `main.aux'.

LaTeX Font Info:    Checking defaults for OML/cmm/m/it on input line 82.
LaTeX Font Info:    ... okay on input line 82.
LaTeX Font Info:    Checking defaults for OMS/cmsy/m/n on input line 82.
LaTeX Font Info:    ... okay on input line 82.
LaTeX Font Info:    Checking defaults for OT1/cmr/m/n on input line 82.
LaTeX Font Info:    ... okay on input line 82.
LaTeX Font Info:    Checking defaults for T1/cmr/m/n on input line 82.
LaTeX Font Info:    ... okay on input line 82.
LaTeX Font Info:    Checking defaults for TS1/cmr/m/n on input line 82.
LaTeX Font Info:    ... okay on input line 82.
LaTeX Font Info:    Checking defaults for OMX/cmex/m/n on input line 82.
LaTeX Font Info:    ... okay on input line 82.
LaTeX Font Info:    Checking defaults for U/cmr/m/n on input line 82.
LaTeX Font Info:    ... okay on input line 82.
LaTeX Font Info:    Checking defaults for PD1/pdf/m/n on input line 82.
LaTeX Font Info:    ... okay on input line 82.
LaTeX Font Info:    Checking defaults for PU/pdf/m/n on input line 82.
LaTeX Font Info:    ... okay on input line 82.

(/usr/share/texmf-dist/tex/context/base/mkii/supp-pdf.mkii
[Loading MPS to PDF converter (version 2006.09.02).]
\scratchcounter=\count355
\scratchdimen=\dimen337
\scratchbox=\box80
\nofMPsegments=\count356
\nofMParguments=\count357
\everyMPshowfont=\toks51
\MPscratchCnt=\count358
\MPscratchDim=\dimen338
\MPnumerator=\count359
\makeMPintoPDFobject=\count360
\everyMPtoPDFconversion=\toks52
) (/usr/share/texmf-dist/tex/latex/epstopdf-pkg/epstopdf-base.sty
Package: epstopdf-base 2020-01-24 v2.11 Base part for package epstopdf
Package epstopdf-base Info: Redefining graphics rule for `.eps' on input line 4
85.

(/usr/share/texmf-dist/tex/latex/latexconfig/epstopdf-sys.cfg
File: epstopdf-sys.cfg 2010/07/13 v1.3 Configuration of (r)epstopdf for TeX Liv
e
))
*geometry* driver: auto-detecting
*geometry* detected driver: pdftex
*geometry* verbose mode - [ preamble ] result:
* driver: pdftex
* paper: <default>
* layout: <same size as paper>
* layoutoffset:(h,v)=(0.0pt,0.0pt)
* modes: twoside 
* h-part:(L,W,R)=(57.81598pt, 469.75499pt, 86.72403pt)
* v-part:(T,H,B)=(72.26999pt, 650.43pt, 72.27pt)
* \paperwidth=614.295pt
* \paperheight=794.96999pt
* \textwidth=469.75499pt
* \textheight=650.43pt
* \oddsidemargin=-14.45401pt
* \evensidemargin=14.45404pt
* \topmargin=-37.0pt
* \headheight=12.0pt
* \headsep=25.0pt
* \topskip=10.0pt
* \footskip=30.0pt
* \marginparwidth=125.0pt
* \marginparsep=7.0pt
* \columnsep=10.0pt
* \skip\footins=9.0pt plus 4.0pt minus 2.0pt
* \hoffset=0.0pt
* \voffset=0.0pt
* \mag=1000
* \@twocolumnfalse
* \@twosidetrue
* \@mparswitchtrue
* \@reversemarginfalse
* (1in=72.27pt=25.4mm, 1cm=28.453pt)

Package hyperref Info: Link coloring OFF on input line 82.
(./main.out) (./main.out)
\@outlinefile=\write4
\openout4 = `main.out'.

LaTeX Font Info:    Trying to load font information for U+msa on input line 100
.
 (/usr/share/texmf-dist/tex/latex/amsfonts/umsa.fd
File: umsa.fd 2013/01/14 v3.01 AMS symbols A
)
LaTeX Font Info:    Trying to load font information for U+msb on input line 100
.

(/usr/share/texmf-dist/tex/latex/amsfonts/umsb.fd
File: umsb.fd 2013/01/14 v3.01 AMS symbols B
) [1


{/var/lib/texmf/fonts/map/pdftex/updmap/pdftex.map}] [2

] (./main.toc [3] [4] [5] [6])
\tf@toc=\write5
\openout5 = `main.toc'.

 [7] [8]
(./ch_em1.tex
Chapter 1.
Package hyperref Info: bookmark level for unknown definition defaults to 0 on i
nput line 7.
Package hyperref Info: bookmark level for unknown theorem defaults to 0 on inpu
t line 17.
Package hyperref Info: bookmark level for unknown formula defaults to 0 on inpu
t line 38.
[9

{/usr/share/texmf-dist/fonts/enc/dvips/cm-super/cm-super-ts1.enc}]

Package hyperref Warning: Token not allowed in a PDF string (Unicode):
(hyperref)                removing `math shift' on input line 46.


Package hyperref Warning: Token not allowed in a PDF string (Unicode):
(hyperref)                removing `math shift' on input line 46.


pdfTeX warning (ext4): destination with the same identifier (name{theorem.2}) h
as been already used, duplicate ignored
<to be read again> 
                   \relax 
l.80 C
      ombining two sets of sources into one system by placing the second sys...
Package hyperref Info: bookmark level for unknown example defaults to 0 on inpu
t line 87.
[10]
pdfTeX warning (ext4): destination with the same identifier (name{formula.1}) h
as been already used, duplicate ignored
<to be read again> 
                   \relax 
l.107 \[
         [11]
pdfTeX warning (ext4): destination with the same identifier (name{definition.1}
) has been already used, duplicate ignored
<to be read again> 
                   \relax 
l.158 S
       uppose we fix charges $q_1,\ldots,q_N$ in place and want to measure t...
[12]
pdfTeX warning (ext4): destination with the same identifier (name{definition.1}
) has been already used, duplicate ignored
<to be read again> 
                   \relax 
l.199 $
       \rho = f(x,y,z)$ has units of charge/volume or charge/area.
pdfTeX warning (ext4): destination with the same identifier (name{formula.2}) h
as been already used, duplicate ignored
<to be read again> 
                   \relax 
l.206 \[
        
pdfTeX warning (ext4): destination with the same identifier (name{example.3}) h
as been already used, duplicate ignored
<to be read again> 
                   \relax 
l.217 C
       onsider a uniformly charged hemisphere with surface charge density $\...

Underfull \vbox (badness 10000) has occurred while \output is active []

 [13]
pdfTeX warning (ext4): destination with the same identifier (name{definition.1}
) has been already used, duplicate ignored
<to be read again> 
                   \relax 
l.293 A
       pproximate a smooth, closed 3D shape by a bunch of flat rectangles wi...

Underfull \vbox (badness 10000) has occurred while \output is active []

 [14]
[15]
Package hyperref Info: bookmark level for unknown fact defaults to 0 on input l
ine 357.

pdfTeX warning (ext4): destination with the same identifier (name{example.3}) h
as been already used, duplicate ignored
<to be read again> 
                   \relax 
l.388 F
       ind the charge on a point inside a hollow sphere with $\rho = Q/(\fra...

pdfTeX warning (ext4): destination with the same identifier (name{example.4}) h
as been already used, duplicate ignored
<to be read again> 
                   \relax 
l.404 F
       or a sphere of uniform charge density $\rho$, total charge $Q$: [16]
pdfTeX warning (ext4): destination with the same identifier (name{example.5}) h
as been already used, duplicate ignored
<to be read again> 
                   \relax 
l.451 $
       \lambda$ = linear charge density (coulombs/meter).
Underfull \vbox (badness 10000) has occurred while \output is active []

 [17]
Underfull \vbox (badness 10000) has occurred while \output is active []

 [18]
Underfull \vbox (badness 1394) has occurred while \output is active []

 [19]
pdfTeX warning (ext4): destination with the same identifier (name{formula.1}) h
as been already used, duplicate ignored
<to be read again> 
                   \relax 
l.565 \[
        
pdfTeX warning (ext4): destination with the same identifier (name{formula.1}) h
as been already used, duplicate ignored
<to be read again> 
                   \relax 
l.592 \[
        
Underfull \vbox (badness 10000) has occurred while \output is active []

 [20]

Package hyperref Warning: Token not allowed in a PDF string (Unicode):
(hyperref)                removing `math shift' on input line 650.


Package hyperref Warning: Token not allowed in a PDF string (Unicode):
(hyperref)                removing `math shift' on input line 650.

[21]) (./ch_em2.tex [22]
pdfTeX warning (ext4): destination with the same identifier (name{example.1}) h
as been already used, duplicate ignored
<to be read again> 
                   \relax 
l.53 A
      pply Gauss's Law to find $\vect{E}$ outside three symmetric charge dis...

pdfTeX warning (ext4): destination with the same identifier (name{example.2}) h
as been already used, duplicate ignored
<to be read again> 
                   \relax 
l.78 F
      ind the electrostatic self-energy of a spherical shell of radius $R$ c...
) (./ch_em3.tex [23] [24

]
Chapter 2.

pdfTeX warning (ext4): destination with the same identifier (name{fact.1}) has 
been already used, duplicate ignored
<to be read again> 
                   \relax 
l.45     $
          \displaystyle\oint \vect{E} \cdot d\vect{s} = 0$ around any closed...
[25]
pdfTeX warning (ext4): destination with the same identifier (name{formula.1}) h
as been already used, duplicate ignored
<to be read again> 
                   \relax 
l.65 \[
       
pdfTeX warning (ext4): destination with the same identifier (name{formula.2}) h
as been already used, duplicate ignored
<to be read again> 
                   \relax 
l.76 \[
       
pdfTeX warning (ext4): destination with the same identifier (name{example.3}) h
as been already used, duplicate ignored
<to be read again> 
                   \relax 
l.92 G
      oal: find the potential for all values of $r$, both inside and outside...

Underfull \vbox (badness 10000) has occurred while \output is active []

 [26]
pdfTeX warning (ext4): destination with the same identifier (name{formula.1}) h
as been already used, duplicate ignored
<to be read again> 
                   \relax 
l.132 \[
         [27]
pdfTeX warning (ext4): destination with the same identifier (name{formula.2}) h
as been already used, duplicate ignored
<to be read again> 
                   \relax 
l.159 \[
         [28]
pdfTeX warning (ext4): destination with the same identifier (name{formula.3}) h
as been already used, duplicate ignored
<to be read again> 
                   \relax 
l.230 \[
        
pdfTeX warning (ext4): destination with the same identifier (name{example.4}) h
as been already used, duplicate ignored
<to be read again> 
                   \relax 
l.249 T
       he field is $E(r) = \dfrac{\lambda}{2\pi\varepsilon_0 r}$. [29]
pdfTeX warning (ext4): destination with the same identifier (name{formula.1}) h
as been already used, duplicate ignored
<to be read again> 
                   \relax 
l.293 \[
        

Package hyperref Warning: Token not allowed in a PDF string (Unicode):
(hyperref)                removing `math shift' on input line 326.


Package hyperref Warning: Token not allowed in a PDF string (Unicode):
(hyperref)                removing `\phi' on input line 326.


Package hyperref Warning: Token not allowed in a PDF string (Unicode):
(hyperref)                removing `math shift' on input line 326.

[30]
pdfTeX warning (ext4): destination with the same identifier (name{formula.1}) h
as been already used, duplicate ignored
<to be read again> 
                   \relax 
l.350 \[
         [31]
pdfTeX warning (ext4): destination with the same identifier (name{formula.2}) h
as been already used, duplicate ignored
<to be read again> 
                   \relax 
l.404 \[
         [32]
pdfTeX warning (ext4): destination with the same identifier (name{formula.1}) h
as been already used, duplicate ignored
<to be read again> 
                   \relax 
l.479 \[
        
pdfTeX warning (ext4): destination with the same identifier (name{formula.2}) h
as been already used, duplicate ignored
<to be read again> 
                   \relax 
l.494 \[
         [33]
pdfTeX warning (ext4): destination with the same identifier (name{formula.1}) h
as been already used, duplicate ignored
<to be read again> 
                   \relax 
l.550 \[
         [34]
pdfTeX warning (ext4): destination with the same identifier (name{formula.1}) h
as been already used, duplicate ignored
<to be read again> 
                   \relax 
l.607 \[
         [35]
pdfTeX warning (ext4): destination with the same identifier (name{formula.1}) h
as been already used, duplicate ignored
<to be read again> 
                   \relax 
l.670 \[
        
pdfTeX warning (ext4): destination with the same identifier (name{theorem.2}) h
as been already used, duplicate ignored
<to be read again> 
                   \relax 
l.680 I
       f $\phi(x,y,z)$ satisfies Laplace's equation, then the average value ...
[36] [37]
pdfTeX warning (ext4): destination with the same identifier (name{formula.1}) h
as been already used, duplicate ignored
<to be read again> 
                   \relax 
l.747 \[
        
pdfTeX warning (ext4): destination with the same identifier (name{formula.2}) h
as been already used, duplicate ignored
<to be read again> 
                   \relax 
l.766 \[
         [38]
pdfTeX warning (ext4): destination with the same identifier (name{formula.3}) h
as been already used, duplicate ignored
<to be read again> 
                   \relax 
l.808 \[
         [39] [40] [41]) (./ch_em4.tex [42]
Chapter 3.
[43

]
pdfTeX warning (ext4): destination with the same identifier (name{example.1}) h
as been already used, duplicate ignored
<to be read again> 
                   \relax 
l.60 A
       ring of radius $R$ with linear charge density $\lambda$, lying in the...

Underfull \vbox (badness 10000) has occurred while \output is active []

 [44]
[45] [46

]
Chapter 4.
[47]
pdfTeX warning (ext4): destination with the same identifier (name{fact.1}) has 
been already used, duplicate ignored
<to be read again> 
                   \relax 
l.168 I
       f you try to keep a test charge to the surface, it has to be in $q\ve...

pdfTeX warning (ext4): destination with the same identifier (name{formula.2}) h
as been already used, duplicate ignored
<to be read again> 
                   \relax 
l.175     \item $
                 \vect{E} = 0$ inside material of a conductor.
pdfTeX warning (ext4): destination with the same identifier (name{example.3}) h
as been already used, duplicate ignored
<to be read again> 
                   \relax 
l.185 C
       onsider a neutral, spherically-conducting sphere with a Gaussian surf...

Underfull \vbox (badness 1019) has occurred while \output is active []

 [48]
pdfTeX warning (ext4): destination with the same identifier (name{theorem.1}) h
as been already used, duplicate ignored
<to be read again> 
                   \relax 
l.211 A
       ssuming that there is a solution $\phi(x,y,z)$ for a given set of con...

pdfTeX warning (ext4): destination with the same identifier (name{theorem.2}) h
as been already used, duplicate ignored
<to be read again> 
                   \relax 
l.223 I
       n the space inside a hollow conductor of any shape, if that space is ...
[49] [50]
Chapter 5.

pdfTeX warning (ext4): destination with the same identifier (name{formula.1}) h
as been already used, duplicate ignored
<to be read again> 
                   \relax 
l.316 \[
        
pdfTeX warning (ext4): destination with the same identifier (name{example.2}) h
as been already used, duplicate ignored
<to be read again> 
                   \relax 
l.342 T
       wo flat conducting plates at separation $s$, each of area $A$.
Underfull \vbox (badness 5302) has occurred while \output is active []

 [51

]
pdfTeX warning (ext4): destination with the same identifier (name{example.3}) h
as been already used, duplicate ignored
<to be read again> 
                   \relax 
l.393 C
       onsider two concentric conductors. By Gauss's law, $Q_\text{outer}^\t...
[52]) (./ch_em5.tex [53] [54

]
Chapter 6.

pdfTeX warning (ext4): destination with the same identifier (name{formula.1}) h
as been already used, duplicate ignored
<to be read again> 
                   \relax 
l.23 \[
        [55]
pdfTeX warning (ext4): destination with the same identifier (name{formula.1}) h
as been already used, duplicate ignored
<to be read again> 
                   \relax 
l.78 \[
        [56]
pdfTeX warning (ext4): destination with the same identifier (name{theorem.1}) h
as been already used, duplicate ignored
<to be read again> 
                   \relax 
l.127 $
       \nabla^2\Phi = -\dfrac{\rho}{\varepsilon_0}$. Suppose there are two s...

pdfTeX warning (ext4): destination with the same identifier (name{fact.2}) has 
been already used, duplicate ignored
<to be read again> 
                   \relax 
l.140 I
       f we know $\rho(\vec{r})$ inside a boundary and we know the perpendic...
[57]
pdfTeX warning (ext4): destination with the same identifier (name{formula.1}) h
as been already used, duplicate ignored
<to be read again> 
                   \relax 
l.204 \[
         [58] [59]
pdfTeX warning (ext4): destination with the same identifier (name{definition.1}
) has been already used, duplicate ignored
<to be read again> 
                   \relax 
l.357 A
        capacitor consists of two conductors with potentials $\phi_1$ and $\...

pdfTeX warning (ext4): destination with the same identifier (name{example.2}) h
as been already used, duplicate ignored
<to be read again> 
                   \relax 
l.368 I
       nner radius $a$ (charge $+Q$), outer radius $b$ (charge $-Q$), length...

Underfull \vbox (badness 10000) has occurred while \output is active []

 [60])
(./ch_em6.tex [61] [62

]
Chapter 7.

pdfTeX warning (ext4): destination with the same identifier (name{formula.1}) h
as been already used, duplicate ignored
<to be read again> 
                   \relax 
l.52 \[
        [63]
pdfTeX warning (ext4): destination with the same identifier (name{formula.3}) h
as been already used, duplicate ignored
<to be read again> 
                   \relax 
l.79 \[
       
pdfTeX warning (ext4): destination with the same identifier (name{formula.4}) h
as been already used, duplicate ignored
<to be read again> 
                   \relax 
l.88 \[
       
pdfTeX warning (ext4): destination with the same identifier (name{formula.1}) h
as been already used, duplicate ignored
<to be read again> 
                   \relax 
l.101 \[
         [64]
pdfTeX warning (ext4): destination with the same identifier (name{formula.2}) h
as been already used, duplicate ignored
<to be read again> 
                   \relax 
l.117 \[
        
pdfTeX warning (ext4): destination with the same identifier (name{formula.3}) h
as been already used, duplicate ignored
<to be read again> 
                   \relax 
l.138 \[
        
pdfTeX warning (ext4): destination with the same identifier (name{formula.1}) h
as been already used, duplicate ignored
<to be read again> 
                   \relax 
l.152 \[
        
pdfTeX warning (ext4): destination with the same identifier (name{formula.2}) h
as been already used, duplicate ignored
<to be read again> 
                   \relax 
l.172 \[
         [65]
pdfTeX warning (ext4): destination with the same identifier (name{example.3}) h
as been already used, duplicate ignored
<to be read again> 
                   \relax 
l.220 $
       \sigma_1 > \sigma_2$. [66]
pdfTeX warning (ext4): destination with the same identifier (name{formula.1}) h
as been already used, duplicate ignored
<to be read again> 
                   \relax 
l.295 \[
        
pdfTeX warning (ext4): destination with the same identifier (name{formula.2}) h
as been already used, duplicate ignored
<to be read again> 
                   \relax 
l.307 \[
         [67]
pdfTeX warning (ext4): destination with the same identifier (name{formula.3}) h
as been already used, duplicate ignored
<to be read again> 
                   \relax 
l.316 \[
         [68] [69]
pdfTeX warning (ext4): destination with the same identifier (name{example.4}) h
as been already used, duplicate ignored
<to be read again> 
                   \relax 
l.438 ... with material of conductivity $\sigma$.}
                                                  
pdfTeX warning (ext4): destination with the same identifier (name{example.5}) h
as been already used, duplicate ignored
<to be read again> 
                   \relax 
l.482 \[
        
Underfull \vbox (badness 10000) has occurred while \output is active []

 [70])
(./ch_em7.tex [71] [72

]
Chapter 8.

pdfTeX warning (ext4): destination with the same identifier (name{definition.1}
) has been already used, duplicate ignored
<to be read again> 
                   \relax 
l.9 T
     he electromotive force (EMF) is defined as the line integral of the ele...

pdfTeX warning (ext4): destination with the same identifier (name{theorem.1}) h
as been already used, duplicate ignored
<to be read again> 
                   \relax 
l.20 T
      he sum of EMFs and potential drops around any closed loop must add up ...

pdfTeX warning (ext4): destination with the same identifier (name{theorem.2}) h
as been already used, duplicate ignored
<to be read again> 
                   \relax 
l.41 A
      t any current junction: $I = I_1 + I_2$. [73]
pdfTeX warning (ext4): destination with the same identifier (name{fact.1}) has 
been already used, duplicate ignored
<to be read again> 
                   \relax 
l.78 B
      ecause the voltages and currents are governed by linear equations, a s...
[74]
pdfTeX warning (ext4): destination with the same identifier (name{example.1}) h
as been already used, duplicate ignored
<to be read again> 
                   \relax 
l.115 C
       onsider a circuit with EMFs $\mathcal{E}_1$, $\mathcal{E}_2$ and resi...

pdfTeX warning (ext4): destination with the same identifier (name{theorem.1}) h
as been already used, duplicate ignored
<to be read again> 
                   \relax 
l.138 A
       ny two-terminal ``black box'' circuit (no matter how complicated) is ...
[75] [76]
pdfTeX warning (ext4): destination with the same identifier (name{fact.1}) has 
been already used, duplicate ignored
<to be read again> 
                   \relax 
l.228 I
       n the relaxed state, the entire population of negative charge carrier...

pdfTeX warning (ext4): destination with the same identifier (name{formula.1}) h
as been already used, duplicate ignored
<to be read again> 
                   \relax 
l.250 F
       or a voltage divider with resistors $R_1$ (top) and $R_2$ (bottom) an...
[77]
pdfTeX warning (ext4): destination with the same identifier (name{example.1}) h
as been already used, duplicate ignored
<to be read again> 
                   \relax 
l.319 C
       onsider a circuit with battery $V_B$, resistors $R_1$ and $R_2$, and ...

Underfull \vbox (badness 10000) has occurred while \output is active []

 [78]
[79] [80

]
Chapter 9.

pdfTeX warning (ext4): destination with the same identifier (name{fact.1}) has 
been already used, duplicate ignored
<to be read again> 
                   \relax 
l.371 B
       ut shouldn't the components interact with each other? (Shouldn't $\ve...
[81]
pdfTeX warning (ext4): destination with the same identifier (name{example.2}) h
as been already used, duplicate ignored
<to be read again> 
                   \relax 
l.430 I
       nitial conditions: $Q_1 = Q_0$, $Q_2 = 0$.
pdfTeX warning (ext4): destination with the same identifier (name{example.3}) h
as been already used, duplicate ignored
<to be read again> 
                   \relax 
l.449 A
       t $t=0$, all current goes through the capacitor (it acts as a wire):
[82]) (./ch_em8.tex [83] [84

]
Chapter 10.

pdfTeX warning (ext4): destination with the same identifier (name{definition.1}
) has been already used, duplicate ignored
<to be read again> 
                   \relax 
l.8 A
     n \textbf{operational amplifier} is a high-gain differential voltage am...

pdfTeX warning (ext4): destination with the same identifier (name{fact.2}) has 
been already used, duplicate ignored
<to be read again> 
                   \relax 
l.18 F
      or an ideal op-amp:
pdfTeX warning (ext4): destination with the same identifier (name{example.4}) h
as been already used, duplicate ignored
<to be read again> 
                   \relax 
l.41 \textbf{Circuit:}
                       $V_\text{in}$ connected through $R_\text{in}$ to $V_-...
[85]
pdfTeX warning (ext4): destination with the same identifier (name{example.6}) h
as been already used, duplicate ignored
<to be read again> 
                   \relax 
l.82 \textbf{Circuit:}
                       $V_\text{in}$ connected directly to $V_+$; $R_f$ from...

Underfull \vbox (badness 10000) has occurred while \output is active []

 [86]
Underfull \vbox (badness 1189) has occurred while \output is active []

 [87]
Underfull \vbox (badness 10000) has occurred while \output is active []

 [88]
Underfull \vbox (badness 10000) has occurred while \output is active []

 [89]
Underfull \vbox (badness 10000) has occurred while \output is active []

 [90]
pdfTeX warning (ext4): destination with the same identifier (name{definition.1}
) has been already used, duplicate ignored
<to be read again> 
                   \relax 
l.278 A
        two-terminal semiconductor device (anode $+$, cathode $-$) that cond...

Underfull \vbox (badness 10000) has occurred while \output is active []

 [91]
pdfTeX warning (ext4): destination with the same identifier (name{fact.2}) has 
been already used, duplicate ignored
<to be read again> 
                   \relax 
l.291 L
       EDs are \textbf{current-controlled} devices; without current limiting...

pdfTeX warning (ext4): destination with the same identifier (name{formula.3}) h
as been already used, duplicate ignored
<to be read again> 
                   \relax 
l.293 \[
        
pdfTeX warning (ext4): destination with the same identifier (name{example.4}) h
as been already used, duplicate ignored
<to be read again> 
                   \relax 
l.301 A
        red LED has $V_f \approx 2.0\,\text{V}$. We want $I = 20\,\text{mA} ...

Underfull \vbox (badness 10000) has occurred while \output is active []

 [92]
pdfTeX warning (ext4): destination with the same identifier (name{definition.1}
) has been already used, duplicate ignored
<to be read again> 
                   \relax 
l.327 A
        three-terminal semiconductor device with terminals \textbf{Base} (B)...

pdfTeX warning (ext4): destination with the same identifier (name{fact.2}) has 
been already used, duplicate ignored
<to be read again> 
                   \relax 
l.336 T
       hree regions of operation:
pdfTeX warning (ext4): destination with the same identifier (name{example.3}) h
as been already used, duplicate ignored
<to be read again> 
                   \relax 
l.352 \textbf{Goal:}
                     Use a microcontroller pin ($V_\text{ctrl}$, typically 3...

Underfull \vbox (badness 7540) has occurred while \output is active []

 [93]
pdfTeX warning (ext4): destination with the same identifier (name{example.4}) h
as been already used, duplicate ignored
<to be read again> 
                   \relax 
l.393 T
       he transistor is biased in the active region (DC bias sets $I_{C,Q}$)...

pdfTeX warning (ext4): destination with the same identifier (name{formula.5}) h
as been already used, duplicate ignored
<to be read again> 
                   \relax 
l.402 \[
        
Underfull \vbox (badness 10000) has occurred while \output is active []

 [94]
pdfTeX warning (ext4): destination with the same identifier (name{definition.1}
) has been already used, duplicate ignored
<to be read again> 
                   \relax 
l.414 F
       or a resistor $R$ in series with a capacitor $C$:
pdfTeX warning (ext4): destination with the same identifier (name{fact.2}) has 
been already used, duplicate ignored
<to be read again> 
                   \relax 
l.428 F
       or an RC circuit with corner (cutoff) frequency $f_c = \dfrac{1}{2\pi...

Underfull \vbox (badness 10000) has occurred while \output is active []

 [95]
pdfTeX warning (ext4): destination with the same identifier (name{fact.3}) has 
been already used, duplicate ignored
<to be read again> 
                   \relax 
l.472 ...xtbf{Integrator (low-pass, $f \gg f_c$):}
                                                   When the input frequency ...

Underfull \hbox (badness 10000) in paragraph at lines 472--474
[][]\OT1/cmr/bx/n/10 Integrator
 []


pdfTeX warning (ext4): destination with the same identifier (name{definition.1}
) has been already used, duplicate ignored
<to be read again> 
                   \relax 
l.484 T
       he 555 timer IC contains:
Underfull \vbox (badness 10000) has occurred while \output is active []

 [96]
pdfTeX warning (ext4): destination with the same identifier (name{example.2}) h
as been already used, duplicate ignored
<to be read again> 
                   \relax 
l.498 \textbf{Setup:}
                      External resistor $R$ from $V_{CC}$ to pin 6/7 junctio...

pdfTeX warning (ext4): destination with the same identifier (name{formula.3}) h
as been already used, duplicate ignored
<to be read again> 
                   \relax 
l.508 \[
        
pdfTeX warning (ext4): destination with the same identifier (name{example.4}) h
as been already used, duplicate ignored
<to be read again> 
                   \relax 
l.521 \textbf{Setup:}
                      Resistors $R_A$ (from $V_{CC}$ to pin 7) and $R_B$ (fr...

pdfTeX warning (ext4): destination with the same identifier (name{formula.5}) h
as been already used, duplicate ignored
<to be read again> 
                   \relax 
l.530 \[
        ) (./ch_em9.tex
Underfull \vbox (badness 10000) has occurred while \output is active []

 [97]
[98]
Chapter 11.
[99

] [100]
Chapter 12.

pdfTeX warning (ext4): destination with the same identifier (name{formula.1}) h
as been already used, duplicate ignored
<to be read again> 
                   \relax 
l.114 \[
         [101

] [102]
pdfTeX warning (ext4): destination with the same identifier (name{theorem.1}) h
as been already used, duplicate ignored
<to be read again> 
                   \relax 
l.220 M
       ore generally: [103]
pdfTeX warning (ext4): destination with the same identifier (name{formula.1}) h
as been already used, duplicate ignored
<to be read again> 
                   \relax 
l.287   \[
           [104] [105] [106

]
Chapter 13.

pdfTeX warning (ext4): destination with the same identifier (name{formula.1}) h
as been already used, duplicate ignored
<to be read again> 
                   \relax 
l.382 \begin{align*}
                    
Underfull \vbox (badness 2922) has occurred while \output is active []

 [107]
pdfTeX warning (ext4): destination with the same identifier (name{example.2}) h
as been already used, duplicate ignored
<to be read again> 
                   \relax 
l.397 C
       onsider a rod in $F'$ parallel to the $x'$ axis, going from $x'_A$ to...
[108]
pdfTeX warning (ext4): destination with the same identifier (name{formula.1}) h
as been already used, duplicate ignored
<to be read again> 
                   \relax 
l.438 \[
        
pdfTeX warning (ext4): destination with the same identifier (name{formula.1}) h
as been already used, duplicate ignored
<to be read again> 
                   \relax 
l.465 \[
        
Underfull \vbox (badness 10000) has occurred while \output is active []

 [109]
[110]
Chapter 14.

pdfTeX warning (ext4): destination with the same identifier (name{formula.1}) h
as been already used, duplicate ignored
<to be read again> 
                   \relax 
l.510 \[
        
Underfull \vbox (badness 4001) has occurred while \output is active []

 [111

]
[112]
Chapter 15.

pdfTeX warning (ext4): destination with the same identifier (name{definition.1}
) has been already used, duplicate ignored
<to be read again> 
                   \relax 
l.565 \[
        
pdfTeX warning (ext4): destination with the same identifier (name{formula.2}) h
as been already used, duplicate ignored
<to be read again> 
                   \relax 
l.578 \[
         [113

]
pdfTeX warning (ext4): destination with the same identifier (name{formula.3}) h
as been already used, duplicate ignored
<to be read again> 
                   \relax 
l.617   \[
          
pdfTeX warning (ext4): destination with the same identifier (name{formula.1}) h
as been already used, duplicate ignored
<to be read again> 
                   \relax 
l.638 \[
         [114]
pdfTeX warning (ext4): destination with the same identifier (name{theorem.2}) h
as been already used, duplicate ignored
<to be read again> 
                   \relax 
l.668 A
       ssuming $\vect{B}$ vanishes at infinity, (1) and (2) determine $\vect...

pdfTeX warning (ext4): destination with the same identifier (name{formula.1}) h
as been already used, duplicate ignored
<to be read again> 
                   \relax 
l.718 \[
         [115]) (./ch_em10.tex [116]
Chapter 16.

Underfull \vbox (badness 1939) has occurred while \output is active []

 [117

]
[118]
pdfTeX warning (ext4): destination with the same identifier (name{formula.1}) h
as been already used, duplicate ignored
<to be read again> 
                   \relax 
l.160 \begin{align*}
                     [119]
pdfTeX warning (ext4): destination with the same identifier (name{fact.1}) has 
been already used, duplicate ignored
<to be read again> 
                   \relax 
l.201 B
       e careful about integrating electric/magnetic fields from scratch: yo...

pdfTeX warning (ext4): destination with the same identifier (name{formula.2}) h
as been already used, duplicate ignored
<to be read again> 
                   \relax 
l.224 \[
        
pdfTeX warning (ext4): destination with the same identifier (name{formula.1}) h
as been already used, duplicate ignored
<to be read again> 
                   \relax 
l.245 \[
         [120]
pdfTeX warning (ext4): destination with the same identifier (name{formula.1}) h
as been already used, duplicate ignored
<to be read again> 
                   \relax 
l.283 \[
         [121]
pdfTeX warning (ext4): destination with the same identifier (name{formula.2}) h
as been already used, duplicate ignored
<to be read again> 
                   \relax 
l.328 \[
         [122]
Chapter 17.

pdfTeX warning (ext4): destination with the same identifier (name{formula.1}) h
as been already used, duplicate ignored
<to be read again> 
                   \relax 
l.353 \[
        
Underfull \vbox (badness 2644) has occurred while \output is active []

 [123

]
Underfull \vbox (badness 1048) has occurred while \output is active []

 [124]
[125] [126

]
Chapter 18.

pdfTeX warning (ext4): destination with the same identifier (name{formula.1}) h
as been already used, duplicate ignored
<to be read again> 
                   \relax 
l.463 \begin{align*}
                     [127] [128

]
Chapter 19.

pdfTeX warning (ext4): destination with the same identifier (name{definition.1}
) has been already used, duplicate ignored
<to be read again> 
                   \relax 
l.486 \[
        
pdfTeX warning (ext4): destination with the same identifier (name{fact.2}) has 
been already used, duplicate ignored
<to be read again> 
                   \relax 
l.497 \[
        ) [129] (./main.aux)
 ***********
LaTeX2e <2025-11-01>
L3 programming layer <2026-01-19>
 ***********
Package rerunfilecheck Info: File `main.out' has not changed.
(rerunfilecheck)             Checksum: C323CA4F2438F5116A2163A0D2EB838F;44359.
 ) 
Here is how much of TeX's memory you used:
 48724 strings out of 469515
 1149448 string characters out of 5470807
 1781025 words of memory out of 5000000
 76106 multiletter control sequences out of 15000+600000
 647675 words of font info for 112 fonts, out of 8000000 for 9000
 14 hyphenation exceptions out of 8191
 98i,26n,108p,835b,1389s stack positions out of 10000i,1000n,20000p,200000b,200000s
</usr/share/texmf-dist/fonts/type1/public/amsfonts/cm/cmbsy10.pfb></usr/share
/texmf-dist/fonts/type1/public/amsfonts/cmextra/cmbsy7.pfb></usr/share/texmf-di
st/fonts/type1/public/amsfonts/cmextra/cmbsy9.pfb></usr/share/texmf-dist/fonts/
type1/public/amsfonts/cm/cmbx10.pfb></usr/share/texmf-dist/fonts/type1/public/a
msfonts/cm/cmbx12.pfb></usr/share/texmf-dist/fonts/type1/public/amsfonts/cm/cme
x10.pfb></usr/share/texmf-dist/fonts/type1/public/amsfonts/cmextra/cmex9.pfb></
usr/share/texmf-dist/fonts/type1/public/amsfonts/cm/cmmi10.pfb></usr/share/texm
f-dist/fonts/type1/public/amsfonts/cm/cmmi12.pfb></usr/share/texmf-dist/fonts/t
ype1/public/amsfonts/cm/cmmi5.pfb></usr/share/texmf-dist/fonts/type1/public/ams
fonts/cm/cmmi6.pfb></usr/share/texmf-dist/fonts/type1/public/amsfonts/cm/cmmi7.
pfb></usr/share/texmf-dist/fonts/type1/public/amsfonts/cm/cmmi9.pfb></usr/share
/texmf-dist/fonts/type1/public/amsfonts/cm/cmmib10.pfb></usr/share/texmf-dist/f
onts/type1/public/amsfonts/cmextra/cmmib7.pfb></usr/share/texmf-dist/fonts/type
1/public/amsfonts/cmextra/cmmib9.pfb></usr/share/texmf-dist/fonts/type1/public/
amsfonts/cm/cmr10.pfb></usr/share/texmf-dist/fonts/type1/public/amsfonts/cm/cmr
12.pfb></usr/share/texmf-dist/fonts/type1/public/amsfonts/cm/cmr5.pfb></usr/sha
re/texmf-dist/fonts/type1/public/amsfonts/cm/cmr6.pfb></usr/share/texmf-dist/fo
nts/type1/public/amsfonts/cm/cmr7.pfb></usr/share/texmf-dist/fonts/type1/public
/amsfonts/cm/cmr9.pfb></usr/share/texmf-dist/fonts/type1/public/amsfonts/cm/cms
l10.pfb></usr/share/texmf-dist/fonts/type1/public/amsfonts/cm/cmsy10.pfb></usr/
share/texmf-dist/fonts/type1/public/amsfonts/cm/cmsy5.pfb></usr/share/texmf-dis
t/fonts/type1/public/amsfonts/cm/cmsy7.pfb></usr/share/texmf-dist/fonts/type1/p
ublic/amsfonts/cm/cmsy9.pfb></usr/share/texmf-dist/fonts/type1/public/amsfonts/
cm/cmti10.pfb></usr/share/texmf-dist/fonts/type1/public/amsfonts/symbols/msam7.
pfb></usr/share/texmf-dist/fonts/type1/public/cm-super/sfrm1000.pfb>
Output written on main.pdf (129 pages, 740238 bytes).
PDF statistics:
 2233 PDF objects out of 2487 (max. 8388607)
 2021 compressed objects within 21 object streams
 690 named destinations out of 1000 (max. 500000)
 1629 words of extra memory for PDF output out of 10000 (max. 10000000)

