\BOOKMARK [0][-]{chapter.1}{\376\377\000E\000l\000e\000c\000t\000r\000o\000m\000a\000g\000n\000e\000t\000i\000s\000m}{}% 1
\BOOKMARK [1][-]{section.1.1}{\376\377\000E\000l\000e\000c\000t\000r\000o\000s\000t\000a\000t\000i\000c\000s}{chapter.1}% 2
\BOOKMARK [2][-]{subsection.1.1.1}{\376\377\000C\000o\000n\000s\000e\000r\000v\000a\000t\000i\000o\000n\000\040\000o\000f\000\040\000C\000h\000a\000r\000g\000e}{section.1.1}% 3
\BOOKMARK [2][-]{subsection.1.1.2}{\376\377\000Q\000u\000a\000n\000t\000i\000z\000a\000t\000i\000o\000n\000\040\000o\000f\000\040\000C\000h\000a\000r\000g\000e}{section.1.1}% 4
\BOOKMARK [1][-]{section.1.2}{\376\377\000C\000o\000u\000l\000o\000m\000b\000'\000s\000\040\000L\000a\000w}{chapter.1}% 5
\BOOKMARK [2][-]{subsection.1.2.1}{\376\377\000U\000n\000i\000t\000s\000\040\000a\000n\000d\000\040\000t\000h\000e\000\040\000C\000o\000n\000s\000t\000a\000n\000t\000\040\000k}{section.1.2}% 6
\BOOKMARK [2][-]{subsection.1.2.2}{\376\377\000S\000i\000g\000n\000i\000f\000i\000c\000a\000n\000c\000e\000\040\000o\000f\000\040\000C\000o\000u\000l\000o\000m\000b\000'\000s\000\040\000L\000a\000w\000:\000\040\000A\000d\000d\000i\000t\000i\000v\000i\000t\000y}{section.1.2}% 7
\BOOKMARK [1][-]{section.1.3}{\376\377\000E\000n\000e\000r\000g\000y\000\040\000i\000n\000\040\000a\000\040\000S\000y\000s\000t\000e\000m\000\040\000o\000f\000\040\000C\000h\000a\000r\000g\000e\000s}{chapter.1}% 8
\BOOKMARK [2][-]{subsection.1.3.1}{\376\377\000E\000l\000e\000c\000t\000r\000i\000c\000a\000l\000\040\000E\000n\000e\000r\000g\000y\000\040\000i\000n\000\040\000a\000\040\000C\000r\000y\000s\000t\000a\000l\000\040\000L\000a\000t\000t\000i\000c\000e}{section.1.3}% 9
\BOOKMARK [1][-]{section.1.4}{\376\377\000E\000l\000e\000c\000t\000r\000i\000c\000\040\000F\000i\000e\000l\000d\000s}{chapter.1}% 10
\BOOKMARK [2][-]{subsection.1.4.1}{\376\377\000V\000i\000s\000u\000a\000l\000i\000z\000i\000n\000g\000\040\000E\000l\000e\000c\000t\000r\000i\000c\000\040\000F\000i\000e\000l\000d\000s}{section.1.4}% 11
\BOOKMARK [2][-]{subsection.1.4.2}{\376\377\000E\000l\000e\000c\000t\000r\000i\000c\000\040\000F\000o\000r\000c\000e\000\040\000o\000n\000\040\000a\000\040\000T\000e\000s\000t\000\040\000C\000h\000a\000r\000g\000e}{section.1.4}% 12
\BOOKMARK [1][-]{section.1.5}{\376\377\000C\000o\000n\000t\000i\000n\000u\000o\000u\000s\000\040\000C\000h\000a\000r\000g\000e\000\040\000D\000i\000s\000t\000r\000i\000b\000u\000t\000i\000o\000n\000s}{chapter.1}% 13
\BOOKMARK [2][-]{subsection.1.5.1}{\376\377\000E\000x\000a\000m\000p\000l\000e\000:\000\040\000F\000i\000e\000l\000d\000\040\000D\000u\000e\000\040\000t\000o\000\040\000a\000\040\000H\000e\000m\000i\000s\000p\000h\000e\000r\000e\000\040\000\050\000F\000i\000n\000i\000t\000e\000\051}{section.1.5}% 14
\BOOKMARK [2][-]{subsection.1.5.2}{\376\377\000E\000x\000a\000m\000p\000l\000e\000:\000\040\000F\000i\000e\000l\000d\000\040\000o\000n\000\040\000a\000\040\000R\000i\000n\000g}{section.1.5}% 15
\BOOKMARK [2][-]{subsection.1.5.3}{\376\377\000E\000x\000a\000m\000p\000l\000e\000:\000\040\000U\000n\000i\000f\000o\000r\000m\000\040\000D\000i\000s\000k}{section.1.5}% 16
\BOOKMARK [1][-]{section.1.6}{\376\377\000F\000l\000u\000x\000\040\000a\000n\000d\000\040\000G\000a\000u\000s\000s\000'\000s\000\040\000L\000a\000w}{chapter.1}% 17
\BOOKMARK [2][-]{subsection.1.6.1}{\376\377\000F\000l\000u\000x}{section.1.6}% 18
\BOOKMARK [2][-]{subsection.1.6.2}{\376\377\000D\000e\000r\000i\000v\000a\000t\000i\000o\000n\000\040\000o\000f\000\040\000G\000a\000u\000s\000s\000'\000s\000\040\000L\000a\000w\000\040\000f\000r\000o\000m\000\040\000C\000o\000u\000l\000o\000m\000b\000'\000s\000\040\000L\000a\000w}{section.1.6}% 19
\BOOKMARK [2][-]{subsection.1.6.3}{\376\377\000A\000p\000p\000l\000y\000i\000n\000g\000\040\000G\000a\000u\000s\000s\000'\000s\000\040\000L\000a\000w\000:\000\040\000O\000n\000l\000y\000\040\0003\000\040\000U\000s\000e\000f\000u\000l\000\040\000C\000a\000s\000e\000s}{section.1.6}% 20
\BOOKMARK [2][-]{subsection.1.6.4}{\376\377\000E\000x\000a\000m\000p\000l\000e\000:\000\040\000G\000a\000u\000s\000s\000'\000s\000\040\000L\000a\000w\000\040\000o\000n\000\040\000a\000\040\000S\000p\000h\000e\000r\000i\000c\000a\000l\000\040\000S\000u\000r\000f\000a\000c\000e}{section.1.6}% 21
\BOOKMARK [2][-]{subsection.1.6.5}{\376\377\000E\000x\000a\000m\000p\000l\000e\000:\000\040\000G\000a\000u\000s\000s\000'\000s\000\040\000L\000a\000w\000\040\000o\000n\000\040\000a\000\040\000S\000p\000h\000e\000r\000i\000c\000a\000l\000\040\000C\000h\000a\000r\000g\000e\000\040\000D\000i\000s\000t\000r\000i\000b\000u\000t\000i\000o\000n}{section.1.6}% 22
\BOOKMARK [2][-]{subsection.1.6.6}{\376\377\000E\000l\000e\000c\000t\000r\000i\000c\000\040\000F\000i\000e\000l\000d\000\040\000o\000n\000\040\000a\000\040\000L\000i\000n\000e\000\040\000C\000h\000a\000r\000g\000e}{section.1.6}% 23
\BOOKMARK [2][-]{subsection.1.6.7}{\376\377\000E\000l\000e\000c\000t\000r\000i\000c\000\040\000F\000i\000e\000l\000d\000\040\000o\000f\000\040\000a\000n\000\040\000I\000n\000f\000i\000n\000i\000t\000e\000\040\000F\000l\000a\000t\000\040\000S\000h\000e\000e\000t\000\040\000o\000f\000\040\000C\000h\000a\000r\000g\000e}{section.1.6}% 24
\BOOKMARK [1][-]{section.1.7}{\376\377\000F\000o\000r\000c\000e\000\040\000o\000n\000\040\000a\000\040\000L\000a\000y\000e\000r\000\040\000o\000f\000\040\000C\000h\000a\000r\000g\000e}{chapter.1}% 25
\BOOKMARK [1][-]{section.1.8}{\376\377\000E\000n\000e\000r\000g\000y\000\040\000D\000e\000n\000s\000i\000t\000y\000\040\000o\000f\000\040\000t\000h\000e\000\040\000E\000l\000e\000c\000t\000r\000i\000c\000\040\000F\000i\000e\000l\000d}{chapter.1}% 26
\BOOKMARK [2][-]{subsection.1.8.1}{\376\377\000E\000x\000a\000m\000p\000l\000e\000:\000\040\000P\000o\000t\000e\000n\000t\000i\000a\000l\000\040\000E\000n\000e\000r\000g\000y\000\040\000o\000f\000\040\000a\000\040\000U\000n\000i\000f\000o\000r\000m\000\040\000S\000p\000h\000e\000r\000e}{section.1.8}% 27
\BOOKMARK [1][-]{section.1.9}{\376\377\000C\000h\000a\000p\000t\000e\000r\000\040\000S\000u\000m\000m\000a\000r\000y}{chapter.1}% 28
\BOOKMARK [2][-]{subsection.1.9.1}{\376\377\000F\000o\000r\000c\000e\000s\000\040\000B\000e\000t\000w\000e\000e\000n\000\040\000T\000w\000o\000\040\000C\000h\000a\000r\000g\000e\000s}{section.1.9}% 29
\BOOKMARK [2][-]{subsection.1.9.2}{\376\377\000P\000o\000t\000e\000n\000t\000i\000a\000l\000\040\000E\000n\000e\000r\000g\000y\000\040\000o\000f\000\040\000a\000\040\000S\000y\000s\000t\000e\000m\000\040\000o\000f\000\040\000C\000h\000a\000r\000g\000e\000s}{section.1.9}% 30
\BOOKMARK [2][-]{subsection.1.9.3}{\376\377\000E\000l\000e\000c\000t\000r\000i\000c\000\040\000F\000i\000e\000l\000d\000\040\000D\000u\000e\000\040\000t\000o\000\040\000a\000\040\000C\000h\000a\000r\000g\000e\000\040\000D\000i\000s\000t\000r\000i\000b\000u\000t\000i\000o\000n}{section.1.9}% 31
\BOOKMARK [2][-]{subsection.1.9.4}{\376\377\000F\000l\000u\000x\000\040\000o\000f\000\040\000a\000n\000\040\000E\000l\000e\000c\000t\000r\000i\000c\000\040\000F\000i\000e\000l\000d\000\040\000t\000h\000r\000o\000u\000g\000h\000\040\000S\000u\000r\000f\000a\000c\000e\000\040\000S}{section.1.9}% 32
\BOOKMARK [2][-]{subsection.1.9.5}{\376\377\000H\000a\000n\000d\000y\000\040\000T\000r\000i\000g\000\040\000S\000u\000b\000s\000t\000i\000t\000u\000t\000i\000o\000n\000s}{section.1.9}% 33
\BOOKMARK [1][-]{section.1.10}{\376\377\000S\000e\000l\000e\000c\000t\000e\000d\000\040\000P\000r\000o\000b\000l\000e\000m\000s}{chapter.1}% 34
\BOOKMARK [2][-]{subsection.1.10.1}{\376\377\000P\000r\000o\000b\000l\000e\000m\000\040\0001\000.\0001\0003\000\040\040\024\000\040\000H\000o\000l\000e\000\040\000i\000n\000\040\000a\000\040\000P\000l\000a\000n\000e}{section.1.10}% 35
\BOOKMARK [1][-]{section.1.11}{\376\377\000G\000a\000u\000s\000s\000'\000s\000\040\000L\000a\000w\000:\000\040\000I\000l\000l\000u\000s\000t\000r\000a\000t\000i\000v\000e\000\040\000E\000x\000a\000m\000p\000l\000e\000s}{chapter.1}% 36
\BOOKMARK [0][-]{chapter.2}{\376\377\000T\000h\000e\000\040\000E\000l\000e\000c\000t\000r\000i\000c\000\040\000P\000o\000t\000e\000n\000t\000i\000a\000l}{}% 37
\BOOKMARK [1][-]{section.2.1}{\376\377\000L\000i\000n\000e\000\040\000I\000n\000t\000e\000g\000r\000a\000l\000\040\000o\000f\000\040\000t\000h\000e\000\040\000E\000l\000e\000c\000t\000r\000i\000c\000\040\000F\000i\000e\000l\000d}{chapter.2}% 38
\BOOKMARK [1][-]{section.2.2}{\376\377\000P\000o\000t\000e\000n\000t\000i\000a\000l\000\040\000D\000i\000f\000f\000e\000r\000e\000n\000c\000e\000\040\000a\000n\000d\000\040\000t\000h\000e\000\040\000P\000o\000t\000e\000n\000t\000i\000a\000l\000\040\000F\000u\000n\000c\000t\000i\000o\000n}{chapter.2}% 39
\BOOKMARK [1][-]{section.2.3}{\376\377\000G\000r\000a\000d\000i\000e\000n\000t\000\040\000o\000f\000\040\000a\000\040\000S\000c\000a\000l\000a\000r\000\040\000F\000u\000n\000c\000t\000i\000o\000n}{chapter.2}% 40
\BOOKMARK [2][-]{subsection.2.3.1}{\376\377\000D\000e\000r\000i\000v\000a\000t\000i\000o\000n\000\040\000o\000f\000\040\000t\000h\000e\000\040\000F\000i\000e\000l\000d\000\040\000f\000r\000o\000m\000\040\000t\000h\000e\000\040\000P\000o\000t\000e\000n\000t\000i\000a\000l}{section.2.3}% 41
\BOOKMARK [2][-]{subsection.2.3.2}{\376\377\000E\000q\000u\000i\000p\000o\000t\000e\000n\000t\000i\000a\000l\000\040\000L\000i\000n\000e\000s}{section.2.3}% 42
\BOOKMARK [2][-]{subsection.2.3.3}{\376\377\000P\000o\000t\000e\000n\000t\000i\000a\000l\000\040\000o\000f\000\040\000a\000\040\000C\000h\000a\000r\000g\000e\000\040\000D\000i\000s\000t\000r\000i\000b\000u\000t\000i\000o\000n}{section.2.3}% 43
\BOOKMARK [1][-]{section.2.4}{\376\377\000U\000n\000i\000f\000o\000r\000m\000l\000y\000\040\000C\000h\000a\000r\000g\000e\000d\000\040\000D\000i\000s\000k}{chapter.2}% 44
\BOOKMARK [1][-]{section.2.5}{\376\377\000D\000i\000p\000o\000l\000e\000s}{chapter.2}% 45
\BOOKMARK [2][-]{subsection.2.5.1}{\376\377\000C\000a\000l\000c\000u\000l\000a\000t\000i\000o\000n\000\040\000o\000f\000\040\000\040\000a\000n\000d\000\040\000E}{section.2.5}% 46
\BOOKMARK [2][-]{subsection.2.5.2}{\376\377\000F\000i\000n\000d\000i\000n\000g\000\040\000E\000\040\000i\000n\000\040\000a\000\040\000D\000i\000p\000o\000l\000e\000\040\040\024\000\040\000D\000e\000r\000i\000v\000a\000t\000i\000o\000n\000\040\000o\000f\000\040\000S\000p\000h\000e\000r\000i\000c\000a\000l\000\040\000G\000r\000a\000d\000i\000e\000n\000t}{section.2.5}% 47
\BOOKMARK [2][-]{subsection.2.5.3}{\376\377\000F\000i\000e\000l\000d\000\040\000L\000i\000n\000e\000s\000\040\000f\000o\000r\000\040\000E}{section.2.5}% 48
\BOOKMARK [2][-]{subsection.2.5.4}{\376\377\000D\000e\000r\000i\000v\000i\000n\000g\000\040\000E\000q\000u\000a\000t\000i\000o\000n\000s\000\040\000f\000o\000r\000\040\000F\000i\000e\000l\000d\000\040\000L\000i\000n\000e\000s\000\040\000a\000n\000d\000\040\000E\000q\000u\000i\000p\000o\000t\000e\000n\000t\000i\000a\000l\000\040\000L\000i\000n\000e\000s}{section.2.5}% 49
\BOOKMARK [1][-]{section.2.6}{\376\377\000D\000i\000v\000e\000r\000g\000e\000n\000c\000e\000\040\000o\000f\000\040\000a\000\040\000V\000e\000c\000t\000o\000r\000\040\000F\000u\000n\000c\000t\000i\000o\000n}{chapter.2}% 50
\BOOKMARK [1][-]{section.2.7}{\376\377\000G\000a\000u\000s\000s\000'\000s\000\040\000T\000h\000e\000o\000r\000e\000m\000\040\000a\000n\000d\000\040\000t\000h\000e\000\040\000D\000i\000f\000f\000e\000r\000e\000n\000t\000i\000a\000l\000\040\000F\000o\000r\000m\000\040\000o\000f\000\040\000G\000a\000u\000s\000s\000'\000s\000\040\000L\000a\000w}{chapter.2}% 51
\BOOKMARK [1][-]{section.2.8}{\376\377\000D\000e\000r\000i\000v\000a\000t\000i\000o\000n\000\040\000o\000f\000\040\000D\000i\000v\000e\000r\000g\000e\000n\000c\000e\000\040\000i\000n\000\040\000C\000a\000r\000t\000e\000s\000i\000a\000n\000\040\000C\000o\000o\000r\000d\000i\000n\000a\000t\000e\000s}{chapter.2}% 52
\BOOKMARK [1][-]{section.2.9}{\376\377\000T\000h\000e\000\040\000L\000a\000p\000l\000a\000c\000i\000a\000n}{chapter.2}% 53
\BOOKMARK [1][-]{section.2.10}{\376\377\000L\000a\000p\000l\000a\000c\000e\000'\000s\000\040\000E\000q\000u\000a\000t\000i\000o\000n}{chapter.2}% 54
\BOOKMARK [1][-]{section.2.11}{\376\377\000V\000e\000c\000t\000o\000r\000\040\000C\000u\000r\000l\000:\000\040\000S\000t\000o\000k\000e\000s\000'\000s\000\040\000T\000h\000e\000o\000r\000e\000m}{chapter.2}% 55
\BOOKMARK [2][-]{subsection.2.11.1}{\376\377\000S\000t\000o\000k\000e\000s\000'\000s\000\040\000T\000h\000e\000o\000r\000e\000m}{section.2.11}% 56
\BOOKMARK [2][-]{subsection.2.11.2}{\376\377\000C\000u\000r\000l\000\040\000i\000n\000\040\000C\000a\000r\000t\000e\000s\000i\000a\000n\000\040\000C\000o\000o\000r\000d\000i\000n\000a\000t\000e\000s}{section.2.11}% 57
\BOOKMARK [2][-]{subsection.2.11.3}{\376\377\000P\000h\000y\000s\000i\000c\000a\000l\000\040\000M\000e\000a\000n\000i\000n\000g\000\040\000o\000f\000\040\000C\000u\000r\000l}{section.2.11}% 58
\BOOKMARK [2][-]{subsection.2.11.4}{\376\377\000C\000u\000r\000l\000\040\000i\000n\000\040\000S\000p\000h\000e\000r\000i\000c\000a\000l\000\040\000C\000o\000o\000r\000d\000i\000n\000a\000t\000e\000s}{section.2.11}% 59
\BOOKMARK [0][-]{chapter.3}{\376\377\000R\000e\000c\000i\000t\000a\000t\000i\000o\000n\000\040\0004\000:\000\040\000E\000l\000e\000c\000t\000r\000i\000c\000\040\000P\000o\000t\000e\000n\000t\000i\000a\000l}{}% 60
\BOOKMARK [1][-]{section.3.1}{\376\377\000D\000i\000v\000e\000r\000g\000e\000n\000c\000e\000\040\000o\000f\000\040\000t\000h\000e\000\040\000F\000i\000e\000l\000d\000\040\000o\000f\000\040\000a\000\040\000P\000o\000i\000n\000t\000\040\000C\000h\000a\000r\000g\000e}{chapter.3}% 61
\BOOKMARK [2][-]{subsection.3.1.1}{\376\377\000E\000l\000e\000c\000t\000r\000i\000c\000\040\000P\000o\000t\000e\000n\000t\000i\000a\000l\000\040\000a\000s\000\040\000a\000\040\000S\000u\000m\000m\000a\000r\000y\000\040\000o\000f\000\040\000t\000h\000e\000\040\000V\000e\000c\000t\000o\000r\000\040\000F\000i\000e\000l\000d}{section.3.1}% 62
\BOOKMARK [1][-]{section.3.2}{\376\377\000I\000n\000t\000e\000r\000e\000s\000t\000i\000n\000g\000\040\000R\000e\000s\000u\000l\000t\000:\000\040\000M\000e\000a\000n\000\040\000V\000a\000l\000u\000e\000\040\000T\000h\000e\000o\000r\000e\000m\000\040\000f\000o\000r\000\040\000t\000h\000e\000\040\000P\000o\000t\000e\000n\000t\000i\000a\000l}{chapter.3}% 63
\BOOKMARK [0][-]{chapter.4}{\376\377\000C\000o\000n\000d\000u\000c\000t\000o\000r\000s\000\040\000a\000n\000d\000\040\000I\000n\000s\000u\000l\000a\000t\000o\000r\000s\000;\000\040\000C\000a\000p\000a\000c\000i\000t\000a\000n\000c\000e}{}% 64
\BOOKMARK [1][-]{section.4.1}{\376\377\000C\000o\000n\000d\000u\000c\000t\000o\000r\000s\000\040\000i\000n\000\040\000a\000n\000\040\000E\000l\000e\000c\000t\000r\000o\000s\000t\000a\000t\000i\000c\000\040\000F\000i\000e\000l\000d}{chapter.4}% 65
\BOOKMARK [2][-]{subsection.4.1.1}{\376\377\000S\000u\000m\000m\000a\000r\000y\000\040\000o\000f\000\040\000C\000o\000n\000d\000u\000c\000t\000o\000r\000\040\000F\000a\000c\000t\000s}{section.4.1}% 66
\BOOKMARK [1][-]{section.4.2}{\376\377\000G\000e\000n\000e\000r\000a\000l\000\040\000E\000l\000e\000c\000t\000r\000o\000s\000t\000a\000t\000i\000c\000\040\000P\000r\000o\000b\000l\000e\000m\000\040\000\046\000\040\000U\000n\000i\000q\000u\000e\000n\000e\000s\000s\000\040\000T\000h\000e\000o\000r\000e\000m}{chapter.4}% 67
\BOOKMARK [2][-]{subsection.4.2.1}{\376\377\000W\000h\000y\000\040\000T\000h\000e\000r\000e\000\040\000A\000r\000e\000\040\000N\000o\000\040\000F\000i\000e\000l\000d\000\040\000L\000i\000n\000e\000s\000\040\000I\000n\000s\000i\000d\000e\000\040\000a\000\040\000C\000o\000n\000d\000u\000c\000t\000o\000r}{section.4.2}% 68
\BOOKMARK [1][-]{section.4.3}{\376\377\000I\000m\000a\000g\000e\000\040\000C\000h\000a\000r\000g\000e\000\040\000T\000e\000c\000h\000n\000i\000q\000u\000e\000\040\000\050\000M\000e\000t\000h\000o\000d\000\051}{chapter.4}% 69
\BOOKMARK [2][-]{subsection.4.3.1}{\376\377\000G\000e\000n\000e\000r\000a\000l\000\040\000S\000t\000r\000a\000t\000e\000g\000y\000\040\000f\000o\000r\000\040\000t\000h\000e\000\040\000I\000m\000a\000g\000e\000\040\000C\000h\000a\000r\000g\000e\000\040\000M\000e\000t\000h\000o\000d}{section.4.3}% 70
\BOOKMARK [0][-]{chapter.5}{\376\377\000C\000a\000p\000a\000c\000i\000t\000a\000n\000c\000e\000\040\000\046\000\040\000C\000a\000p\000a\000c\000i\000t\000o\000r\000s}{}% 71
\BOOKMARK [1][-]{section.5.1}{\376\377\000C\000a\000p\000a\000c\000i\000t\000a\000n\000c\000e}{chapter.5}% 72
\BOOKMARK [2][-]{subsection.5.1.1}{\376\377\000C\000a\000p\000a\000c\000i\000t\000a\000n\000c\000e\000\040\000f\000o\000r\000\040\000M\000u\000l\000t\000i\000p\000l\000e\000\040\000C\000o\000n\000d\000u\000c\000t\000o\000r\000s}{section.5.1}% 73
\BOOKMARK [1][-]{section.5.2}{\376\377\0003\000.\0006\000:\000\040\000P\000o\000t\000e\000n\000t\000i\000a\000l\000s\000\040\000\046\000\040\000C\000h\000a\000r\000g\000e\000s\000\040\000o\000n\000\040\000S\000e\000v\000e\000r\000a\000l\000\040\000C\000o\000n\000d\000u\000c\000t\000o\000r\000s}{chapter.5}% 74
\BOOKMARK [1][-]{section.5.3}{\376\377\000E\000n\000e\000r\000g\000y\000\040\000S\000t\000o\000r\000e\000d\000\040\000i\000n\000\040\000a\000\040\000C\000a\000p\000a\000c\000i\000t\000o\000r}{chapter.5}% 75
\BOOKMARK [0][-]{chapter.6}{\376\377\000C\000o\000n\000d\000u\000c\000t\000o\000r\000s\000,\000\040\000I\000n\000s\000u\000l\000a\000t\000o\000r\000s\000,\000\040\000a\000n\000d\000\040\000C\000a\000p\000a\000c\000i\000t\000o\000r\000s}{}% 76
\BOOKMARK [1][-]{section.6.1}{\376\377\000E\000n\000e\000r\000g\000y\000\040\000S\000t\000o\000r\000e\000d\000\040\000i\000n\000\040\000a\000\040\000C\000a\000p\000a\000c\000i\000t\000o\000r}{chapter.6}% 77
\BOOKMARK [1][-]{section.6.2}{\376\377\000F\000o\000r\000c\000e\000\040\000R\000e\000q\000u\000i\000r\000e\000d\000\040\000t\000o\000\040\000K\000e\000e\000p\000\040\000C\000a\000p\000a\000c\000i\000t\000o\000r\000\040\000P\000l\000a\000t\000e\000s\000\040\000A\000p\000a\000r\000t}{chapter.6}% 78
\BOOKMARK [1][-]{section.6.3}{\376\377\000C\000o\000n\000d\000u\000c\000t\000o\000r\000s\000\040\000a\000n\000d\000\040\000C\000u\000r\000r\000e\000n\000t\000\040\000D\000e\000n\000s\000i\000t\000y\000\040\000\050\000I\000n\000t\000r\000o\000d\000u\000c\000t\000i\000o\000n\000\051}{chapter.6}% 79
\BOOKMARK [1][-]{section.6.4}{\376\377\000C\000o\000n\000d\000u\000c\000t\000o\000r\000s\000\040\000i\000n\000\040\000E\000q\000u\000i\000l\000i\000b\000r\000i\000u\000m\000\040\040\024\000\040\000U\000n\000i\000q\000u\000e\000n\000e\000s\000s\000\040\000T\000h\000e\000o\000r\000e\000m}{chapter.6}% 80
\BOOKMARK [2][-]{subsection.6.4.1}{\376\377\000S\000y\000s\000t\000e\000m\000\040\000o\000f\000\040\000S\000i\000m\000p\000l\000e\000\040\000C\000o\000n\000d\000u\000c\000t\000o\000r\000s\000\040\000\050\000C\000o\000n\000c\000e\000n\000t\000r\000i\000c\000\040\000S\000p\000h\000e\000r\000i\000c\000a\000l\000\040\000S\000h\000e\000l\000l\000s\000\051}{section.6.4}% 81
\BOOKMARK [1][-]{section.6.5}{\376\377\000G\000u\000e\000s\000s\000i\000n\000g\000\040\000P\000h\000i\000\040\040\024\000\040\000I\000m\000a\000g\000e\000\040\000C\000h\000a\000r\000g\000e\000\040\000M\000e\000t\000h\000o\000d}{chapter.6}% 82
\BOOKMARK [1][-]{section.6.6}{\376\377\000C\000a\000p\000a\000c\000i\000t\000o\000r\000s}{chapter.6}% 83
\BOOKMARK [2][-]{subsection.6.6.1}{\376\377\000S\000p\000h\000e\000r\000i\000c\000a\000l\000\040\000C\000a\000p\000a\000c\000i\000t\000o\000r}{section.6.6}% 84
\BOOKMARK [1][-]{section.6.7}{\376\377\000C\000o\000n\000d\000u\000c\000t\000o\000r\000s\000\040\000\050\000R\000e\000c\000i\000t\000a\000t\000i\000o\000n\000\040\0004\000\051}{chapter.6}% 85
\BOOKMARK [1][-]{section.6.8}{\376\377\000I\000m\000a\000g\000e\000\040\000C\000h\000a\000r\000g\000e\000\040\000\050\000R\000e\000c\000i\000t\000a\000t\000i\000o\000n\000\040\0004\000\040\000c\000o\000n\000t\000i\000n\000u\000e\000d\000\051}{chapter.6}% 86
\BOOKMARK [2][-]{subsection.6.8.1}{\376\377\000O\000t\000h\000e\000r\000\040\000I\000m\000a\000g\000e\000\040\000C\000h\000a\000r\000g\000e\000s\000\040\000\050\000R\000e\000c\000i\000t\000a\000t\000i\000o\000n\000\040\0005\000\051}{section.6.8}% 87
\BOOKMARK [1][-]{section.6.9}{\376\377\000C\000a\000p\000a\000c\000i\000t\000a\000n\000c\000e\000\040\000\050\000R\000e\000c\000i\000t\000a\000t\000i\000o\000n\000\040\0005\000\051}{chapter.6}% 88
\BOOKMARK [2][-]{subsection.6.9.1}{\376\377\000E\000n\000e\000r\000g\000y\000\040\000S\000t\000o\000r\000e\000d\000\040\000p\000e\000r\000\040\000U\000n\000i\000t\000\040\000L\000e\000n\000g\000t\000h\000\040\000\050\000C\000o\000a\000x\000i\000a\000l\000\040\000C\000a\000p\000a\000c\000i\000t\000o\000r\000\051}{section.6.9}% 89
\BOOKMARK [2][-]{subsection.6.9.2}{\376\377\000C\000a\000p\000a\000c\000i\000t\000o\000r\000\040\000P\000a\000r\000a\000d\000o\000x}{section.6.9}% 90
\BOOKMARK [0][-]{chapter.7}{\376\377\000C\000u\000r\000r\000e\000n\000t}{}% 91
\BOOKMARK [1][-]{section.7.1}{\376\377\000E\000l\000e\000c\000t\000r\000i\000c\000\040\000C\000u\000r\000r\000e\000n\000t}{chapter.7}% 92
\BOOKMARK [1][-]{section.7.2}{\376\377\000S\000t\000e\000a\000d\000y\000\040\000C\000u\000r\000r\000e\000n\000t\000s\000\040\000a\000n\000d\000\040\000C\000h\000a\000r\000g\000e\000\040\000C\000o\000n\000s\000e\000r\000v\000a\000t\000i\000o\000n}{chapter.7}% 93
\BOOKMARK [1][-]{section.7.3}{\376\377\000O\000h\000m\000'\000s\000\040\000L\000a\000w}{chapter.7}% 94
\BOOKMARK [1][-]{section.7.4}{\376\377\000T\000h\000e\000\040\000P\000h\000y\000s\000i\000c\000s\000\040\000o\000f\000\040\000E\000l\000e\000c\000t\000r\000i\000c\000a\000l\000\040\000C\000o\000n\000d\000u\000c\000t\000i\000o\000n}{chapter.7}% 95
\BOOKMARK [2][-]{subsection.7.4.1}{\376\377\000C\000u\000r\000r\000e\000n\000t\000s\000\040\000a\000n\000d\000\040\000I\000o\000n\000s}{section.7.4}% 96
\BOOKMARK [2][-]{subsection.7.4.2}{\376\377\000M\000o\000t\000i\000o\000n\000\040\000i\000n\000\040\000Z\000e\000r\000o\000\040\000E\000l\000e\000c\000t\000r\000i\000c\000\040\000F\000i\000e\000l\000d}{section.7.4}% 97
\BOOKMARK [2][-]{subsection.7.4.3}{\376\377\000M\000o\000t\000i\000o\000n\000\040\000i\000n\000\040\000a\000\040\000N\000o\000n\000-\000Z\000e\000r\000o\000\040\000E\000l\000e\000c\000t\000r\000i\000c\000\040\000F\000i\000e\000l\000d}{section.7.4}% 98
\BOOKMARK [2][-]{subsection.7.4.4}{\376\377\000T\000y\000p\000e\000s\000\040\000o\000f\000\040\000M\000a\000t\000e\000r\000i\000a\000l\000s}{section.7.4}% 99
\BOOKMARK [2][-]{subsection.7.4.5}{\376\377\000C\000o\000n\000d\000u\000c\000t\000i\000o\000n\000\040\000i\000n\000\040\000M\000e\000t\000a\000l\000s}{section.7.4}% 100
\BOOKMARK [2][-]{subsection.7.4.6}{\376\377\000S\000e\000m\000i\000c\000o\000n\000d\000u\000c\000t\000o\000r\000s}{section.7.4}% 101
\BOOKMARK [2][-]{subsection.7.4.7}{\376\377\000R\000e\000c\000a\000p\000i\000t\000u\000l\000a\000t\000i\000o\000n\000:\000\040\000C\000u\000r\000r\000e\000n\000t\000,\000\040\000C\000o\000n\000t\000i\000n\000u\000i\000t\000y\000,\000\040\000O\000h\000m\000'\000s\000\040\000L\000a\000w}{section.7.4}% 102
\BOOKMARK [2][-]{subsection.7.4.8}{\376\377\000I\000n\000t\000u\000i\000t\000i\000o\000n\000\040\000f\000o\000r\000\040\000O\000h\000m\000'\000s\000\040\000L\000a\000w}{section.7.4}% 103
\BOOKMARK [2][-]{subsection.7.4.9}{\376\377\000A\000p\000p\000l\000i\000c\000a\000t\000i\000o\000n\000s\000:\000\040\000D\000i\000o\000d\000e\000s\000\040\000a\000n\000d\000\040\000T\000r\000a\000n\000s\000i\000s\000t\000o\000r\000s}{section.7.4}% 104
\BOOKMARK [0][-]{chapter.8}{\376\377\000B\000a\000t\000t\000e\000r\000i\000e\000s\000\040\000a\000n\000d\000\040\000C\000i\000r\000c\000u\000i\000t\000s}{}% 105
\BOOKMARK [1][-]{section.8.1}{\376\377\000B\000a\000t\000t\000e\000r\000i\000e\000s}{chapter.8}% 106
\BOOKMARK [2][-]{subsection.8.1.1}{\376\377\000E\000M\000F\000:\000\040\000E\000l\000e\000c\000t\000r\000o\000m\000o\000t\000i\000v\000e\000\040\000F\000o\000r\000c\000e}{section.8.1}% 107
\BOOKMARK [1][-]{section.8.2}{\376\377\000C\000i\000r\000c\000u\000i\000t\000s}{chapter.8}% 108
\BOOKMARK [2][-]{subsection.8.2.1}{\376\377\000K\000i\000r\000c\000h\000h\000o\000f\000f\000'\000s\000\040\000R\000u\000l\000e\000s}{section.8.2}% 109
\BOOKMARK [2][-]{subsection.8.2.2}{\376\377\000R\000e\000s\000i\000s\000t\000o\000r\000s\000\040\000i\000n\000\040\000S\000e\000r\000i\000e\000s}{section.8.2}% 110
\BOOKMARK [2][-]{subsection.8.2.3}{\376\377\000R\000e\000s\000i\000s\000t\000o\000r\000s\000\040\000i\000n\000\040\000P\000a\000r\000a\000l\000l\000e\000l}{section.8.2}% 111
\BOOKMARK [2][-]{subsection.8.2.4}{\376\377\000E\000n\000e\000r\000g\000y\000\040\000D\000i\000s\000s\000i\000p\000a\000t\000i\000o\000n}{section.8.2}% 112
\BOOKMARK [1][-]{section.8.3}{\376\377\000L\000i\000n\000e\000a\000r\000i\000t\000y\000\040\000o\000f\000\040\000D\000C\000\040\000N\000e\000t\000w\000o\000r\000k\000s}{chapter.8}% 113
\BOOKMARK [1][-]{section.8.4}{\376\377\000E\000n\000e\000r\000g\000y\000\040\000D\000i\000s\000s\000i\000p\000a\000t\000i\000o\000n\000\040\000i\000n\000\040\000C\000u\000r\000r\000e\000n\000t\000\040\000F\000l\000o\000w}{chapter.8}% 114
\BOOKMARK [1][-]{section.8.5}{\376\377\000E\000l\000e\000c\000t\000r\000o\000m\000o\000t\000i\000v\000e\000\040\000F\000o\000r\000c\000e\000\040\000a\000n\000d\000\040\000V\000o\000l\000t\000a\000i\000c\000\040\000C\000e\000l\000l\000s}{chapter.8}% 115
\BOOKMARK [2][-]{subsection.8.5.1}{\376\377\000E\000x\000a\000m\000p\000l\000e\000:\000\040\000V\000o\000l\000t\000a\000i\000c\000\040\000C\000e\000l\000l\000s}{section.8.5}% 116
\BOOKMARK [1][-]{section.8.6}{\376\377\0004\000.\0001\0000\000:\000\040\000N\000e\000t\000w\000o\000r\000k\000s\000\040\000w\000i\000t\000h\000\040\000V\000o\000l\000t\000a\000g\000e\000\040\000S\000o\000u\000r\000c\000e\000s}{chapter.8}% 117
\BOOKMARK [2][-]{subsection.8.6.1}{\376\377\000A\000p\000p\000l\000y\000i\000n\000g\000\040\000K\000i\000r\000c\000h\000h\000o\000f\000f\000'\000s\000\040\000R\000u\000l\000e\000s}{section.8.6}% 118
\BOOKMARK [1][-]{section.8.7}{\376\377\000T\000h\000e\000v\000e\000n\000i\000n\000'\000s\000\040\000T\000h\000e\000o\000r\000e\000m}{chapter.8}% 119
\BOOKMARK [2][-]{subsection.8.7.1}{\376\377\000I\000f\000\040\000W\000e\000\040\000D\000o\000\040\000K\000n\000o\000w\000\040\000t\000h\000e\000\040\000B\000o\000x}{section.8.7}% 120
\BOOKMARK [1][-]{section.8.8}{\376\377\000V\000a\000r\000i\000a\000b\000l\000e\000\040\000C\000u\000r\000r\000e\000n\000t\000s\000\040\000i\000n\000\040\000C\000a\000p\000a\000c\000i\000t\000o\000r\000s\000\040\000a\000n\000d\000\040\000R\000e\000s\000i\000s\000t\000o\000r\000s}{chapter.8}% 121
\BOOKMARK [1][-]{section.8.9}{\376\377\000C\000h\000a\000r\000a\000c\000t\000e\000r\000i\000s\000t\000i\000c\000\040\000T\000i\000m\000e\000\040\000C\000o\000n\000s\000t\000a\000n\000t\000\040\000i\000n\000\040\000G\000e\000n\000e\000r\000a\000l}{chapter.8}% 122
\BOOKMARK [1][-]{section.8.10}{\376\377\000V\000o\000l\000t\000a\000g\000e\000\040\000D\000i\000v\000i\000d\000e\000r}{chapter.8}% 123
\BOOKMARK [1][-]{section.8.11}{\376\377\000V\000a\000r\000i\000a\000b\000l\000e\000\040\000C\000u\000r\000r\000e\000n\000t\000s\000\040\000w\000i\000t\000h\000\040\000C\000a\000p\000a\000c\000i\000t\000o\000r\000s\000\040\000\050\000C\000h\000a\000r\000g\000i\000n\000g\000\051}{chapter.8}% 124
\BOOKMARK [2][-]{subsection.8.11.1}{\376\377\000C\000h\000a\000r\000g\000i\000n\000g\000\040\000w\000i\000t\000h\000\040\000B\000a\000t\000t\000e\000r\000y\000\040\000\050\000H\000i\000g\000h\000-\000P\000a\000s\000s\000\040\000F\000i\000l\000t\000e\000r\000\051}{section.8.11}% 125
\BOOKMARK [1][-]{section.8.12}{\376\377\000R\000e\000l\000a\000x\000a\000t\000i\000o\000n\000\040\000O\000s\000c\000i\000l\000l\000a\000t\000o\000r}{chapter.8}% 126
\BOOKMARK [1][-]{section.8.13}{\376\377\000W\000e\000i\000r\000d\000\040\000E\000x\000a\000m\000p\000l\000e\000:\000\040\000T\000h\000e\000v\000e\000n\000i\000n\000\040\000E\000q\000u\000i\000v\000a\000l\000e\000n\000c\000e}{chapter.8}% 127
\BOOKMARK [2][-]{subsection.8.13.1}{\376\377\000S\000t\000e\000p\000s\000\040\000t\000o\000\040\000F\000i\000n\000d\000\040\000T\000h\000e\000v\000e\000n\000i\000n\000\040\000E\000q\000u\000i\000v\000a\000l\000e\000n\000t}{section.8.13}% 128
\BOOKMARK [0][-]{chapter.9}{\376\377\000C\000i\000r\000c\000u\000i\000t\000s\000\040\000\050\000C\000o\000n\000t\000i\000n\000u\000e\000d\000\051}{}% 129
\BOOKMARK [1][-]{section.9.1}{\376\377\000C\000o\000m\000b\000i\000n\000i\000n\000g\000\040\000C\000a\000p\000a\000c\000i\000t\000o\000r\000s}{chapter.9}% 130
\BOOKMARK [2][-]{subsection.9.1.1}{\376\377\000I\000n\000\040\000S\000e\000r\000i\000e\000s}{section.9.1}% 131
\BOOKMARK [2][-]{subsection.9.1.2}{\376\377\000I\000n\000\040\000P\000a\000r\000a\000l\000l\000e\000l}{section.9.1}% 132
\BOOKMARK [2][-]{subsection.9.1.3}{\376\377\000K\000i\000r\000c\000h\000h\000o\000f\000f\000'\000s\000\040\000R\000u\000l\000e\000s\000\040\000f\000o\000r\000\040\000L\000o\000o\000p\000s}{section.9.1}% 133
\BOOKMARK [2][-]{subsection.9.1.4}{\376\377\000S\000i\000g\000n\000\040\000R\000u\000l\000e\000s\000\040\000f\000o\000r\000\040\000C\000a\000p\000a\000c\000i\000t\000o\000r\000s\000\040\000a\000n\000d\000\040\000R\000e\000s\000i\000s\000t\000o\000r\000s}{section.9.1}% 134
\BOOKMARK [2][-]{subsection.9.1.5}{\376\377\000E\000x\000a\000m\000p\000l\000e\000\040\0001\000:\000\040\000T\000h\000r\000e\000e\000-\000L\000o\000o\000p\000\040\000C\000i\000r\000c\000u\000i\000t}{section.9.1}% 135
\BOOKMARK [2][-]{subsection.9.1.6}{\376\377\000C\000a\000p\000a\000c\000i\000t\000o\000r\000s\000\040\000i\000n\000\040\000L\000o\000o\000p\000\040\000A\000n\000a\000l\000y\000s\000i\000s}{section.9.1}% 136
\BOOKMARK [0][-]{chapter.10}{\376\377\000E\000l\000e\000c\000t\000r\000o\000n\000i\000c\000s\000:\000\040\000O\000p\000-\000A\000m\000p\000s\000,\000\040\000T\000r\000a\000n\000s\000i\000s\000t\000o\000r\000s\000,\000\040\000L\000E\000D\000s\000,\000\040\000R\000C\000\040\000F\000i\000l\000t\000e\000r\000s\000,\000\040\000a\000n\000d\000\040\0005\0005\0005\000\040\000T\000i\000m\000e\000r\000s}{}% 137
\BOOKMARK [1][-]{section.10.1}{\376\377\000O\000p\000e\000r\000a\000t\000i\000o\000n\000a\000l\000\040\000A\000m\000p\000l\000i\000f\000i\000e\000r\000s}{chapter.10}% 138
\BOOKMARK [2][-]{subsection.10.1.1}{\376\377\000I\000n\000v\000e\000r\000t\000i\000n\000g\000\040\000A\000m\000p\000l\000i\000f\000i\000e\000r}{section.10.1}% 139
\BOOKMARK [2][-]{subsection.10.1.2}{\376\377\000N\000o\000n\000-\000I\000n\000v\000e\000r\000t\000i\000n\000g\000\040\000A\000m\000p\000l\000i\000f\000i\000e\000r}{section.10.1}% 140
\BOOKMARK [2][-]{subsection.10.1.3}{\376\377\000V\000o\000l\000t\000a\000g\000e\000\040\000F\000o\000l\000l\000o\000w\000e\000r\000\040\000\050\000B\000u\000f\000f\000e\000r\000\051}{section.10.1}% 141
\BOOKMARK [2][-]{subsection.10.1.4}{\376\377\000S\000u\000m\000m\000i\000n\000g\000\040\000A\000m\000p\000l\000i\000f\000i\000e\000r}{section.10.1}% 142
\BOOKMARK [2][-]{subsection.10.1.5}{\376\377\000D\000i\000f\000f\000e\000r\000e\000n\000c\000e\000\040\000A\000m\000p\000l\000i\000f\000i\000e\000r}{section.10.1}% 143
\BOOKMARK [2][-]{subsection.10.1.6}{\376\377\000I\000n\000t\000e\000g\000r\000a\000t\000o\000r}{section.10.1}% 144
\BOOKMARK [2][-]{subsection.10.1.7}{\376\377\000D\000i\000f\000f\000e\000r\000e\000n\000t\000i\000a\000t\000o\000r}{section.10.1}% 145
\BOOKMARK [2][-]{subsection.10.1.8}{\376\377\000C\000o\000m\000p\000a\000r\000a\000t\000o\000r\000\040\000a\000n\000d\000\040\000S\000c\000h\000m\000i\000t\000t\000\040\000T\000r\000i\000g\000g\000e\000r}{section.10.1}% 146
\BOOKMARK [1][-]{section.10.2}{\376\377\000D\000i\000o\000d\000e\000s\000\040\000a\000n\000d\000\040\000L\000E\000D\000s}{chapter.10}% 147
\BOOKMARK [1][-]{section.10.3}{\376\377\000B\000i\000p\000o\000l\000a\000r\000\040\000J\000u\000n\000c\000t\000i\000o\000n\000\040\000T\000r\000a\000n\000s\000i\000s\000t\000o\000r\000s\000\040\000\050\000B\000J\000T\000s\000\051}{chapter.10}% 148
\BOOKMARK [2][-]{subsection.10.3.1}{\376\377\000T\000r\000a\000n\000s\000i\000s\000t\000o\000r\000\040\000a\000s\000\040\000a\000\040\000S\000w\000i\000t\000c\000h}{section.10.3}% 149
\BOOKMARK [2][-]{subsection.10.3.2}{\376\377\000C\000o\000m\000m\000o\000n\000-\000E\000m\000i\000t\000t\000e\000r\000\040\000A\000m\000p\000l\000i\000f\000i\000e\000r}{section.10.3}% 150
\BOOKMARK [1][-]{section.10.4}{\376\377\000R\000C\000\040\000F\000i\000l\000t\000e\000r\000s}{chapter.10}% 151
\BOOKMARK [1][-]{section.10.5}{\376\377\000T\000h\000e\000\040\0005\0005\0005\000\040\000T\000i\000m\000e\000r}{chapter.10}% 152
\BOOKMARK [2][-]{subsection.10.5.1}{\376\377\000M\000o\000n\000o\000s\000t\000a\000b\000l\000e\000\040\000M\000o\000d\000e\000\040\000\050\000O\000n\000e\000-\000S\000h\000o\000t\000\051}{section.10.5}% 153
\BOOKMARK [2][-]{subsection.10.5.2}{\376\377\000A\000s\000t\000a\000b\000l\000e\000\040\000M\000o\000d\000e\000\040\000\050\000F\000r\000e\000e\000-\000R\000u\000n\000n\000i\000n\000g\000\040\000O\000s\000c\000i\000l\000l\000a\000t\000o\000r\000\051}{section.10.5}% 154
\BOOKMARK [0][-]{chapter.11}{\376\377\000I\000n\000t\000r\000o\000d\000u\000c\000t\000i\000o\000n\000\040\000t\000o\000\040\000R\000e\000l\000a\000t\000i\000v\000i\000t\000y}{}% 155
\BOOKMARK [1][-]{section.11.1}{\376\377\000E\000i\000n\000s\000t\000e\000i\000n\000'\000s\000\040\000P\000o\000s\000t\000u\000l\000a\000t\000e\000s}{chapter.11}% 156
\BOOKMARK [1][-]{section.11.2}{\376\377\000R\000e\000c\000i\000t\000a\000t\000i\000o\000n\000\040\0001\0002\000:\000\040\000S\000p\000e\000c\000i\000a\000l\000\040\000R\000e\000l\000a\000t\000i\000v\000i\000t\000y\000\040\000R\000e\000v\000i\000e\000w}{chapter.11}% 157
\BOOKMARK [0][-]{chapter.12}{\376\377\000R\000e\000l\000a\000t\000i\000v\000i\000t\000y\000\040\000a\000n\000d\000\040\000M\000o\000v\000i\000n\000g\000\040\000C\000h\000a\000r\000g\000e\000s}{}% 158
\BOOKMARK [1][-]{section.12.1}{\376\377\0005\000.\0002\000:\000\040\000M\000a\000g\000n\000e\000t\000i\000c\000\040\000F\000o\000r\000c\000e\000s}{chapter.12}% 159
\BOOKMARK [1][-]{section.12.2}{\376\377\0005\000.\0003\000:\000\040\000M\000e\000a\000s\000u\000r\000e\000m\000e\000n\000t\000\040\000o\000f\000\040\000C\000h\000a\000r\000g\000e\000\040\000i\000n\000\040\000M\000o\000t\000i\000o\000n}{chapter.12}% 160
\BOOKMARK [1][-]{section.12.3}{\376\377\0005\000.\0005\000:\000\040\000E\000l\000e\000c\000t\000r\000i\000c\000\040\000F\000i\000e\000l\000d\000\040\000M\000e\000a\000s\000u\000r\000e\000d\000\040\000i\000n\000\040\000D\000i\000f\000f\000e\000r\000e\000n\000t\000\040\000F\000r\000a\000m\000e\000s\000\040\000o\000f\000\040\000R\000e\000f\000e\000r\000e\000n\000c\000e}{chapter.12}% 161
\BOOKMARK [1][-]{section.12.4}{\376\377\0005\000.\0006\000:\000\040\000F\000i\000e\000l\000d\000\040\000o\000f\000\040\000a\000\040\000P\000o\000i\000n\000t\000\040\000C\000h\000a\000r\000g\000e\000\040\000w\000i\000t\000h\000\040\000C\000o\000n\000s\000t\000a\000n\000t\000\040\000V\000e\000l\000o\000c\000i\000t\000y}{chapter.12}% 162
\BOOKMARK [1][-]{section.12.5}{\376\377\0005\000.\0008\000:\000\040\000F\000o\000r\000c\000e\000\040\000o\000n\000\040\000a\000\040\000M\000o\000v\000i\000n\000g\000\040\000C\000h\000a\000r\000g\000e}{chapter.12}% 163
\BOOKMARK [1][-]{section.12.6}{\376\377\0005\000.\0009\000:\000\040\000I\000n\000t\000e\000r\000a\000c\000t\000i\000o\000n\000\040\000B\000e\000t\000w\000e\000e\000n\000\040\000M\000o\000v\000i\000n\000g\000\040\000C\000h\000a\000r\000g\000e\000s}{chapter.12}% 164
\BOOKMARK [0][-]{chapter.13}{\376\377\000S\000p\000e\000c\000i\000a\000l\000\040\000R\000e\000l\000a\000t\000i\000v\000i\000t\000y\000\040\000R\000e\000v\000i\000e\000w\000\040\000\050\000T\000e\000x\000t\000b\000o\000o\000k\000\051}{}% 165
\BOOKMARK [1][-]{section.13.1}{\376\377\000L\000o\000r\000e\000n\000t\000z\000\040\000T\000r\000a\000n\000s\000f\000o\000r\000m\000a\000t\000i\000o\000n\000s}{chapter.13}% 166
\BOOKMARK [1][-]{section.13.2}{\376\377\0006\000.\0003\000:\000\040\000V\000e\000l\000o\000c\000i\000t\000y\000\040\000A\000d\000d\000i\000t\000i\000o\000n\000\040\000F\000o\000r\000m\000u\000l\000a\000s}{chapter.13}% 167
\BOOKMARK [1][-]{section.13.3}{\376\377\0006\000.\0004\000:\000\040\000E\000n\000e\000r\000g\000y\000,\000\040\000M\000o\000m\000e\000n\000t\000u\000m\000,\000\040\000F\000o\000r\000c\000e}{chapter.13}% 168
\BOOKMARK [0][-]{chapter.14}{\376\377\000R\000e\000c\000i\000t\000a\000t\000i\000o\000n\000\040\0001\0004\000:\000\040\000A\000m\000p\000e\000r\000e\000'\000s\000\040\000L\000a\000w}{}% 169
\BOOKMARK [0][-]{chapter.15}{\376\377\000T\000h\000e\000\040\000M\000a\000g\000n\000e\000t\000i\000c\000\040\000F\000i\000e\000l\000d}{}% 170
\BOOKMARK [1][-]{section.15.1}{\376\377\0006\000.\0001\040\023\0006\000.\0005\000:\000\040\000D\000e\000f\000i\000n\000i\000t\000i\000o\000n\000\040\000o\000f\000\040\000t\000h\000e\000\040\000M\000a\000g\000n\000e\000t\000i\000c\000\040\000F\000i\000e\000l\000d}{chapter.15}% 171
\BOOKMARK [1][-]{section.15.2}{\376\377\000P\000r\000o\000p\000e\000r\000t\000i\000e\000s\000\040\000o\000f\000\040\000t\000h\000e\000\040\000M\000a\000g\000n\000e\000t\000i\000c\000\040\000F\000i\000e\000l\000d}{chapter.15}% 172
\BOOKMARK [1][-]{section.15.3}{\376\377\0006\000.\0004\000:\000\040\000F\000i\000e\000l\000d\000\040\000o\000f\000\040\000A\000n\000y\000\040\000C\000u\000r\000r\000e\000n\000t\000-\000C\000a\000r\000r\000y\000i\000n\000g\000\040\000W\000i\000r\000e}{chapter.15}% 173
\BOOKMARK [1][-]{section.15.4}{\376\377\0006\000.\0005\000:\000\040\000F\000i\000e\000l\000d\000s\000\040\000o\000f\000\040\000R\000i\000n\000g\000s\000\040\000a\000n\000d\000\040\000C\000o\000i\000l\000s}{chapter.15}% 174
\BOOKMARK [0][-]{chapter.16}{\376\377\000M\000a\000g\000n\000e\000t\000i\000c\000\040\000F\000i\000e\000l\000d\000\040\000\050\000C\000o\000n\000t\000i\000n\000u\000e\000d\000\051}{}% 175
\BOOKMARK [1][-]{section.16.1}{\376\377\000M\000a\000g\000n\000e\000t\000i\000c\000\040\000F\000i\000e\000l\000d\000\040\000o\000f\000\040\000a\000\040\000S\000i\000n\000g\000l\000e\000\040\000I\000n\000f\000i\000n\000i\000t\000e\000\040\000S\000h\000e\000e\000t\000\040\000\050\000D\000e\000r\000i\000v\000a\000t\000i\000o\000n\000\051}{chapter.16}% 176
\BOOKMARK [1][-]{section.16.2}{\376\377\000M\000a\000g\000n\000e\000t\000i\000c\000\040\000F\000i\000e\000l\000d\000\040\000o\000f\000\040\000T\000w\000o\000\040\000P\000a\000r\000a\000l\000l\000e\000l\000\040\000P\000l\000a\000n\000e\000s}{chapter.16}% 177
\BOOKMARK [2][-]{subsection.16.2.1}{\376\377\000A\000m\000p\000\350\000r\000e\000'\000s\000\040\000L\000a\000w\000\040\000f\000o\000r\000\040\000a\000n\000\040\000I\000n\000f\000i\000n\000i\000t\000e\000\040\000S\000h\000e\000e\000t}{section.16.2}% 178
\BOOKMARK [2][-]{subsection.16.2.2}{\376\377\000S\000o\000l\000e\000n\000o\000i\000d}{section.16.2}% 179
\BOOKMARK [1][-]{section.16.3}{\376\377\000H\000a\000l\000l\000\040\000E\000f\000f\000e\000c\000t}{chapter.16}% 180
\BOOKMARK [1][-]{section.16.4}{\376\377\000M\000a\000x\000w\000e\000l\000l\000'\000s\000\040\000E\000q\000u\000a\000t\000i\000o\000n\000s\000\040\000S\000o\000\040\000F\000a\000r}{chapter.16}% 181
\BOOKMARK [1][-]{section.16.5}{\376\377\000M\000a\000g\000n\000e\000t\000i\000c\000\040\000V\000e\000c\000t\000o\000r\000\040\000P\000o\000t\000e\000n\000t\000i\000a\000l}{chapter.16}% 182
\BOOKMARK [2][-]{subsection.16.5.1}{\376\377\000I\000s\000\040\000A\000\040\000U\000n\000i\000q\000u\000e\000?\000\040\000\050\000G\000a\000u\000g\000e\000\040\000F\000r\000e\000e\000d\000o\000m\000\051}{section.16.5}% 183
\BOOKMARK [2][-]{subsection.16.5.2}{\376\377\000U\000n\000i\000f\000o\000r\000m\000\040\000M\000a\000g\000n\000e\000t\000i\000c\000\040\000F\000i\000e\000l\000d\000\040\000a\000n\000d\000\040\000t\000h\000e\000\040\000V\000e\000c\000t\000o\000r\000\040\000P\000o\000t\000e\000n\000t\000i\000a\000l\000\040\000P\000o\000i\000s\000s\000o\000n\000\040\000E\000q\000u\000a\000t\000i\000o\000n}{section.16.5}% 184
\BOOKMARK [1][-]{section.16.6}{\376\377\000S\000o\000l\000u\000t\000i\000o\000n\000\040\000f\000o\000r\000\040\000A\000:\000\040\000A\000n\000a\000l\000o\000g\000y\000\040\000w\000i\000t\000h\000\040\000E\000l\000e\000c\000t\000r\000o\000s\000t\000a\000t\000i\000c\000s}{chapter.16}% 185
\BOOKMARK [2][-]{subsection.16.6.1}{\376\377\000E\000x\000a\000m\000p\000l\000e\000:\000\040\000L\000o\000n\000g\000\040\000W\000i\000r\000e}{section.16.6}% 186
\BOOKMARK [1][-]{section.16.7}{\376\377\000B\000i\000o\000t\040\023\000S\000a\000v\000a\000r\000t\000\040\000L\000a\000w\000\040\000f\000r\000o\000m\000\040\000t\000h\000e\000\040\000V\000e\000c\000t\000o\000r\000\040\000P\000o\000t\000e\000n\000t\000i\000a\000l}{chapter.16}% 187
\BOOKMARK [2][-]{subsection.16.7.1}{\376\377\000F\000i\000e\000l\000d\000\040\000o\000n\000\040\000A\000x\000i\000s\000\040\000o\000f\000\040\000a\000\040\000C\000i\000r\000c\000u\000l\000a\000r\000\040\000L\000o\000o\000p}{section.16.7}% 188
\BOOKMARK [2][-]{subsection.16.7.2}{\376\377\000F\000i\000e\000l\000d\000\040\000o\000n\000\040\000A\000x\000i\000s\000\040\000o\000f\000\040\000a\000\040\000F\000i\000n\000i\000t\000e\000\040\000S\000o\000l\000e\000n\000o\000i\000d}{section.16.7}% 189
\BOOKMARK [0][-]{chapter.17}{\376\377\000R\000e\000c\000i\000t\000a\000t\000i\000o\000n\000\040\0001\0003\000:\000\040\000M\000a\000g\000n\000e\000t\000i\000c\000\040\000F\000o\000r\000c\000e}{}% 190
\BOOKMARK [1][-]{section.17.1}{\376\377\000L\000o\000r\000e\000n\000t\000z\000\040\000F\000o\000r\000c\000e}{chapter.17}% 191
\BOOKMARK [2][-]{subsection.17.1.1}{\376\377\000E\000x\000a\000m\000p\000l\000e\000:\000\040\000W\000i\000e\000n\000'\000s\000\040\000F\000i\000l\000t\000e\000r\000\040\000\050\000V\000e\000l\000o\000c\000i\000t\000y\000\040\000S\000e\000l\000e\000c\000t\000o\000r\000\051}{section.17.1}% 192
\BOOKMARK [1][-]{section.17.2}{\376\377\000F\000o\000r\000c\000e\000\040\000o\000n\000\040\000a\000\040\000C\000u\000r\000r\000e\000n\000t\000-\000C\000a\000r\000r\000y\000i\000n\000g\000\040\000W\000i\000r\000e}{chapter.17}% 193
\BOOKMARK [2][-]{subsection.17.2.1}{\376\377\000E\000x\000a\000m\000p\000l\000e\000:\000\040\000C\000u\000r\000r\000e\000n\000t\000\040\000L\000o\000o\000p\000\040\000L\000e\000v\000i\000t\000a\000t\000e\000d\000\040\000b\000y\000\040\000M\000a\000g\000n\000e\000t\000i\000c\000\040\000F\000o\000r\000c\000e}{section.17.2}% 194
\BOOKMARK [1][-]{section.17.3}{\376\377\000E\000x\000a\000m\000p\000l\000e\000:\000\040\000F\000i\000e\000l\000d\000\040\000o\000f\000\040\000a\000\040\000P\000l\000a\000n\000e\000\040\000C\000u\000r\000r\000e\000n\000t\000\040\000S\000h\000e\000e\000t}{chapter.17}% 195
\BOOKMARK [2][-]{subsection.17.3.1}{\376\377\000A\000m\000p\000\350\000r\000e\000'\000s\000\040\000L\000a\000w\000\040\000V\000e\000r\000i\000f\000i\000c\000a\000t\000i\000o\000n}{section.17.3}% 196
\BOOKMARK [0][-]{chapter.18}{\376\377\000S\000e\000c\000t\000i\000o\000n\000\040\0006\000.\0007\000:\000\040\000H\000o\000w\000\040\000t\000h\000e\000\040\000F\000i\000e\000l\000d\000s\000\040\000T\000r\000a\000n\000s\000f\000o\000r\000m}{}% 197
\BOOKMARK [1][-]{section.18.1}{\376\377\000F\000i\000e\000l\000d\000\040\000T\000r\000a\000n\000s\000f\000o\000r\000m\000a\000t\000i\000o\000n\000\040\000U\000n\000d\000e\000r\000\040\000a\000\040\000L\000o\000r\000e\000n\000t\000z\000\040\000B\000o\000o\000s\000t}{chapter.18}% 198
\BOOKMARK [2][-]{subsection.18.1.1}{\376\377\000S\000u\000m\000m\000a\000r\000y\000\040\000o\000f\000\040\000F\000i\000e\000l\000d\000\040\000T\000r\000a\000n\000s\000f\000o\000r\000m\000a\000t\000i\000o\000n\000s}{section.18.1}% 199
\BOOKMARK [0][-]{chapter.19}{\376\377\000C\000h\000a\000p\000t\000e\000r\000\040\0007\000:\000\040\000E\000l\000e\000c\000t\000r\000o\000m\000a\000g\000n\000e\000t\000i\000c\000\040\000I\000n\000d\000u\000c\000t\000i\000o\000n}{}% 200
\BOOKMARK [1][-]{section.19.1}{\376\377\0007\000.\0002\000:\000\040\000C\000o\000n\000d\000u\000c\000t\000i\000n\000g\000\040\000R\000o\000d\000\040\000M\000o\000v\000i\000n\000g\000\040\000T\000h\000r\000o\000u\000g\000h\000\040\000a\000\040\000U\000n\000i\000f\000o\000r\000m\000\040\000M\000a\000g\000n\000e\000t\000i\000c\000\040\000F\000i\000e\000l\000d}{chapter.19}% 201
\BOOKMARK [2][-]{subsection.19.1.1}{\376\377\000E\000l\000e\000c\000t\000r\000o\000m\000o\000t\000i\000v\000e\000\040\000F\000o\000r\000c\000e\000\040\000\050\000E\000M\000F\000\051}{section.19.1}% 202
